../Core/Src/MPU6050.c:34:17:MPU6050_Init	32	static
../Core/Src/MPU6050.c:76:9:MPU6050_WHO_AM_I	16	static
../Core/Src/MPU6050.c:81:17:MPU6050_WakeUp	24	static
../Core/Src/MPU6050.c:93:17:MPU6050_DegFromAccel	48	static
../Core/Src/MPU6050.c:108:17:MPU6050_DegFromGyro	48	static
../Core/Src/MPU6050.c:134:17:MPU6050_Angle	32	static
../Core/Src/MPU6050.c:167:13:ComplementaryFilter	32	static
../Core/Src/MPU6050.c:175:16:Read8	40	static
../Core/Src/MPU6050.c:182:24:Write8	32	static
../Core/Src/MPU6050.c:187:16:Read16	40	static
../Core/Src/MPU6050.c:194:24:MPU6050_SetGyroRange	24	static
../Core/Src/MPU6050.c:201:24:MPU6050_SetAccelerationRange	24	static
../Core/Src/MPU6050.c:210:24:MPU6050_ReadAccelerationRaw	40	static
../Core/Src/MPU6050.c:224:24:MPU6050_ReadAcceleration	32	static
../Core/Src/MPU6050.c:238:24:MPU6050_CalibrateAccel	104	static
../Core/Src/MPU6050.c:266:24:MPU6050_ReadGyroRaw	40	static
../Core/Src/MPU6050.c:281:24:MPU6050_ReadGyro	32	static
../Core/Src/MPU6050.c:300:24:MPU6050_CalibrateGyro	104	static
