../Core/Src/MPU6050.c:32:17:MPU6050_Init	32	static
../Core/Src/MPU6050.c:74:9:MPU6050_WHO_AM_I	16	static
../Core/Src/MPU6050.c:79:17:MPU6050_WakeUp	24	static
../Core/Src/MPU6050.c:91:17:MPU6050_DegFromAccel	48	static
../Core/Src/MPU6050.c:106:17:MPU6050_DegFromGyro	48	static
../Core/Src/MPU6050.c:131:17:MPU6050_Angle	32	static
../Core/Src/MPU6050.c:164:13:ComplementaryFilter	32	static
../Core/Src/MPU6050.c:172:16:Read8	40	static
../Core/Src/MPU6050.c:179:24:Write8	32	static
../Core/Src/MPU6050.c:184:16:Read16	40	static
../Core/Src/MPU6050.c:191:24:MPU6050_SetGyroRange	24	static
../Core/Src/MPU6050.c:199:24:MPU6050_SetAccelerationRange	24	static
../Core/Src/MPU6050.c:208:24:MPU6050_ReadAccelerationRaw	40	static
../Core/Src/MPU6050.c:222:24:MPU6050_ReadAcceleration	32	static
../Core/Src/MPU6050.c:236:17:MPU6050_CalibrateAccel	104	static
../Core/Src/MPU6050.c:264:24:MPU6050_ReadGyroRaw	40	static
../Core/Src/MPU6050.c:279:24:MPU6050_ReadGyro	32	static
../Core/Src/MPU6050.c:298:17:MPU6050_CalibrateGyro	104	static
