../Core/Src/MPU6050.c:32:17:MPU6050_Init	32	static
../Core/Src/MPU6050.c:69:9:MPU6050_WHO_AM_I	16	static
../Core/Src/MPU6050.c:74:17:MPU6050_WakeUp	24	static
../Core/Src/MPU6050.c:86:17:MPU6050_DegFromAccel	48	static
../Core/Src/MPU6050.c:101:17:MPU6050_DegFromGyro	48	static
../Core/Src/MPU6050.c:126:17:MPU6050_Angle	32	static
../Core/Src/MPU6050.c:159:13:ComplementaryFilter	32	static
../Core/Src/MPU6050.c:167:16:Read8	40	static
../Core/Src/MPU6050.c:174:24:Write8	32	static
../Core/Src/MPU6050.c:179:16:Read16	40	static
../Core/Src/MPU6050.c:186:24:MPU6050_SetGyroRange	24	static
../Core/Src/MPU6050.c:194:24:MPU6050_SetAccelerationRange	24	static
../Core/Src/MPU6050.c:203:24:MPU6050_ReadAccelerationRaw	40	static
../Core/Src/MPU6050.c:217:24:MPU6050_ReadAcceleration	32	static
../Core/Src/MPU6050.c:231:17:MPU6050_CalibrateAccel	104	static
../Core/Src/MPU6050.c:264:24:MPU6050_ReadGyroRaw	40	static
../Core/Src/MPU6050.c:279:24:MPU6050_ReadGyro	32	static
../Core/Src/MPU6050.c:298:17:MPU6050_CalibrateGyro	104	static
