../Core/Src/main.c:89:5:main	8	static
../Core/Src/main.c:175:6:SystemClock_Config	88	static
../Core/Src/main.c:221:13:MX_NVIC_Init	8	static
../Core/Src/main.c:232:6:HAL_TIM_PeriodElapsedCallback	16	static
../Core/Src/main.c:242:6:Check_And_Report	64	static
../Core/Src/main.c:256:6:My_SmartDelay	24	static
../Core/Src/main.c:266:6:SetAngle_WithGlobalUpdate	16	static
../Core/Src/main.c:274:6:Motion_StepResponse	8	static
../Core/Src/main.c:285:6:Motion_Triangle	24	static
../Core/Src/main.c:300:6:Motion_SineHalf	32	static
../Core/Src/main.c:322:6:Error_Handler	4	static,ignoring_inline_asm
