../Core/Src/main.c:89:5:main	8	static
../Core/Src/main.c:174:6:SystemClock_Config	88	static
../Core/Src/main.c:220:13:MX_NVIC_Init	8	static
../Core/Src/main.c:231:6:HAL_TIM_PeriodElapsedCallback	16	static
../Core/Src/main.c:241:6:Check_And_Report	48	static
../Core/Src/main.c:255:6:My_SmartDelay	24	static
../Core/Src/main.c:265:6:SetAngle_WithGlobalUpdate	16	static
../Core/Src/main.c:273:6:Motion_StepResponse	8	static
../Core/Src/main.c:284:6:Motion_Triangle	24	static
../Core/Src/main.c:299:6:Motion_SineHalf	32	static
../Core/Src/main.c:321:6:Error_Handler	4	static,ignoring_inline_asm
