../Core/Src/MPU6050.c:35:17:MPU6050_Init	32	static
../Core/Src/MPU6050.c:77:9:MPU6050_WHO_AM_I	16	static
../Core/Src/MPU6050.c:82:17:MPU6050_WakeUp	24	static
../Core/Src/MPU6050.c:94:17:MPU6050_DegFromAccel	48	static
../Core/Src/MPU6050.c:106:17:MPU6050_DegFromGyro	48	static
../Core/Src/MPU6050.c:132:17:MPU6050_Angle	32	static
../Core/Src/MPU6050.c:165:13:ComplementaryFilter	32	static
../Core/Src/MPU6050.c:173:16:Read8	40	static
../Core/Src/MPU6050.c:180:24:Write8	32	static
../Core/Src/MPU6050.c:185:16:Read16	40	static
../Core/Src/MPU6050.c:192:24:MPU6050_SetGyroRange	24	static
../Core/Src/MPU6050.c:200:24:MPU6050_SetAccelerationRange	24	static
../Core/Src/MPU6050.c:206:24:MPU6050_SetDigitalLowPassFilter	24	static
../Core/Src/MPU6050.c:215:24:MPU6050_ReadAccelerationRaw	40	static
../Core/Src/MPU6050.c:229:24:MPU6050_ReadAcceleration	32	static
../Core/Src/MPU6050.c:243:24:MPU6050_CalibrateAccel	104	static
../Core/Src/MPU6050.c:271:24:MPU6050_ReadGyroRaw	40	static
../Core/Src/MPU6050.c:286:24:MPU6050_ReadGyro	32	static
../Core/Src/MPU6050.c:305:24:MPU6050_CalibrateGyro	104	static
