../Core/Src/main.c:152:5:main	40	static
../Core/Src/main.c:342:6:SystemClock_Config	88	static
../Core/Src/main.c:387:13:MX_NVIC_Init	8	static
../Core/Src/main.c:395:6:HAL_TIM_PeriodElapsedCallback	16	static
../Core/Src/main.c:405:7:MapValues	24	static
../Core/Src/main.c:415:6:TestMotorAndEncoderB	24	static
../Core/Src/main.c:439:6:TestPidAngleB	8	static
../Core/Src/main.c:457:6:TestMotorAndEncoderA	24	static
../Core/Src/main.c:481:6:MoveMotors	32	static
../Core/Src/main.c:519:6:SteeringValueForMotors	16	static
../Core/Src/main.c:556:6:Error_Handler	4	static,ignoring_inline_asm
