../Core/Src/main.c:143:5:main	24	static
../Core/Src/main.c:324:6:SystemClock_Config	88	static
../Core/Src/main.c:369:13:MX_NVIC_Init	8	static
../Core/Src/main.c:377:6:HAL_TIM_PeriodElapsedCallback	16	static
../Core/Src/main.c:387:7:MapValues	24	static
../Core/Src/main.c:397:6:TestMotorAndEncoderB	24	static
../Core/Src/main.c:420:6:TestPidAngleB	8	static
../Core/Src/main.c:438:6:TestMotorAndEncoderA	24	static
../Core/Src/main.c:500:6:MoveMotors	32	static
../Core/Src/main.c:541:6:SteeringValueForMotors	16	static
../Core/Src/main.c:578:6:Error_Handler	4	static,ignoring_inline_asm
