../Core/Src/main.c:151:5:main	40	static
../Core/Src/main.c:336:6:SystemClock_Config	88	static
../Core/Src/main.c:381:13:MX_NVIC_Init	8	static
../Core/Src/main.c:389:6:HAL_TIM_PeriodElapsedCallback	16	static
../Core/Src/main.c:399:7:MapValues	24	static
../Core/Src/main.c:409:6:TestMotorAndEncoderB	24	static
../Core/Src/main.c:433:6:TestPidAngleB	8	static
../Core/Src/main.c:451:6:TestMotorAndEncoderA	24	static
../Core/Src/main.c:475:6:MoveMotors	32	static
../Core/Src/main.c:513:6:SteeringValueForMotors	16	static
../Core/Src/main.c:550:6:Error_Handler	4	static,ignoring_inline_asm
