../Core/Src/MPU6050.c:32:17:MPU6050_Init	32	static
../Core/Src/MPU6050.c:69:9:MPU6050_WHO_AM_I	16	static
../Core/Src/MPU6050.c:74:17:MPU6050_WakeUp	24	static
../Core/Src/MPU6050.c:86:17:MPU6050_DegFromAccel	48	static
../Core/Src/MPU6050.c:101:17:MPU6050_DegFromGyro	48	static
../Core/Src/MPU6050.c:114:17:MPU6050_Angle	32	static
../Core/Src/MPU6050.c:147:13:ComplementaryFilter	32	static
../Core/Src/MPU6050.c:155:16:Read8	40	static
../Core/Src/MPU6050.c:162:24:Write8	32	static
../Core/Src/MPU6050.c:167:16:Read16	40	static
../Core/Src/MPU6050.c:174:24:MPU6050_SetGyroRange	24	static
../Core/Src/MPU6050.c:182:24:MPU6050_SetAccelerationRange	24	static
../Core/Src/MPU6050.c:191:24:MPU6050_ReadAccelerationRaw	40	static
../Core/Src/MPU6050.c:205:24:MPU6050_ReadAcceleration	32	static
../Core/Src/MPU6050.c:232:17:MPU6050_CalibrateAccel	104	static
../Core/Src/MPU6050.c:265:24:MPU6050_ReadGyroRaw	40	static
../Core/Src/MPU6050.c:280:24:MPU6050_ReadGyro	32	static
../Core/Src/MPU6050.c:300:17:MPU6050_CalibrateGyro	104	static
