10:41:23 **** Incremental Build of configuration Debug for project BallancingRobot_V1 ****
make -j12 all 
arm-none-eabi-gcc "../Core/Src/main.c" -mcpu=cortex-m4 -std=gnu11 -g3 -DDEBUG -DUSE_HAL_DRIVER -DSTM32F411xE -c -I../Core/Inc -I../Drivers/STM32F4xx_HAL_Driver/Inc -I../Drivers/STM32F4xx_HAL_Driver/Inc/Legacy -I../Drivers/CMSIS/Device/ST/STM32F4xx/Include -I../Drivers/CMSIS/Include -O0 -ffunction-sections -fdata-sections -Wall -fstack-usage -fcyclomatic-complexity -MMD -MP -MF"Core/Src/main.d" -MT"Core/Src/main.o" --specs=nano.specs -mfpu=fpv4-sp-d16 -mfloat-abi=hard -mthumb -o "Core/Src/main.o"
../Core/Src/main.c: In function 'main':
../Core/Src/main.c:266:43: warning: passing argument 2 of 'MPU6050_Angle' discards 'volatile' qualifier from pointer target type [-Wdiscarded-qualifiers]
  266 |                   MPU6050_Angle(&MPU6050, &Roll, &Pitch, &Yaw);
      |                                           ^~~~~
In file included from ../Core/Src/main.c:30:
../Core/Inc/MPU6050.h:79:58: note: expected 'float *' but argument is of type 'volatile float *'
   79 | MPU6050_STATE_t MPU6050_Angle(MPU6050_t *MPU6050, float *Roll, float *Pitch, float *Yaw);
      |                                                   ~~~~~~~^~~~
../Core/Src/main.c:266:50: warning: passing argument 3 of 'MPU6050_Angle' discards 'volatile' qualifier from pointer target type [-Wdiscarded-qualifiers]
  266 |                   MPU6050_Angle(&MPU6050, &Roll, &Pitch, &Yaw);
      |                                                  ^~~~~~
../Core/Inc/MPU6050.h:79:71: note: expected 'float *' but argument is of type 'volatile float *'
   79 | MPU6050_STATE_t MPU6050_Angle(MPU6050_t *MPU6050, float *Roll, float *Pitch, float *Yaw);
      |                                                                ~~~~~~~^~~~~
../Core/Src/main.c:266:58: warning: passing argument 4 of 'MPU6050_Angle' discards 'volatile' qualifier from pointer target type [-Wdiscarded-qualifiers]
  266 |                   MPU6050_Angle(&MPU6050, &Roll, &Pitch, &Yaw);
      |                                                          ^~~~
../Core/Inc/MPU6050.h:79:85: note: expected 'float *' but argument is of type 'volatile float *'
   79 | MPU6050_STATE_t MPU6050_Angle(MPU6050_t *MPU6050, float *Roll, float *Pitch, float *Yaw);
      |                                                                              ~~~~~~~^~~
arm-none-eabi-gcc -o "BallancingRobot_V1.elf" @"objects.list"   -mcpu=cortex-m4 -T"D:\GithubRepo\Inzynierka_pliki\BallancingRobot_V1\STM32F411CEUX_FLASH.ld" --specs=nosys.specs -Wl,-Map="BallancingRobot_V1.map" -Wl,--gc-sections -static --specs=nano.specs -mfpu=fpv4-sp-d16 -mfloat-abi=hard -mthumb -Wl,--start-group -lc -lm -Wl,--end-group
Finished building target: BallancingRobot_V1.elf
 
arm-none-eabi-size  BallancingRobot_V1.elf 
arm-none-eabi-objdump -h -S BallancingRobot_V1.elf  > "BallancingRobot_V1.list"
   text	   data	    bss	    dec	    hex	filename
  23944	    112	   2600	  26656	   6820	BallancingRobot_V1.elf
Finished building: default.size.stdout
 
Finished building: BallancingRobot_V1.list
 

10:41:25 Build Finished. 0 errors, 3 warnings. (took 1s.943ms)

