22:38:20 **** Build of configuration Debug for project Serwomotor_V1 ****
make -j12 all 
arm-none-eabi-gcc "../Drivers/STM32G4xx_HAL_Driver/Src/stm32g4xx_hal.c" -mcpu=cortex-m4 -std=gnu11 -g3 -DDEBUG -DUSE_HAL_DRIVER -DSTM32G474xx -c -I../Core/Inc -I../Drivers/STM32G4xx_HAL_Driver/Inc -I../Drivers/STM32G4xx_HAL_Driver/Inc/Legacy -I../Drivers/CMSIS/Device/ST/STM32G4xx/Include -I../Drivers/CMSIS/Include -O0 -ffunction-sections -fdata-sections -Wall -fstack-usage -fcyclomatic-complexity -MMD -MP -MF"Drivers/STM32G4xx_HAL_Driver/Src/stm32g4xx_hal.d" -MT"Drivers/STM32G4xx_HAL_Driver/Src/stm32g4xx_hal.o" --specs=nano.specs -mfpu=fpv4-sp-d16 -mfloat-abi=hard -mthumb -o "Drivers/STM32G4xx_HAL_Driver/Src/stm32g4xx_hal.o"
arm-none-eabi-gcc "../Drivers/STM32G4xx_HAL_Driver/Src/stm32g4xx_hal_cortex.c" -mcpu=cortex-m4 -std=gnu11 -g3 -DDEBUG -DUSE_HAL_DRIVER -DSTM32G474xx -c -I../Core/Inc -I../Drivers/STM32G4xx_HAL_Driver/Inc -I../Drivers/STM32G4xx_HAL_Driver/Inc/Legacy -I../Drivers/CMSIS/Device/ST/STM32G4xx/Include -I../Drivers/CMSIS/Include -O0 -ffunction-sections -fdata-sections -Wall -fstack-usage -fcyclomatic-complexity -MMD -MP -MF"Drivers/STM32G4xx_HAL_Driver/Src/stm32g4xx_hal_cortex.d" -MT"Drivers/STM32G4xx_HAL_Driver/Src/stm32g4xx_hal_cortex.o" --specs=nano.specs -mfpu=fpv4-sp-d16 -mfloat-abi=hard -mthumb -o "Drivers/STM32G4xx_HAL_Driver/Src/stm32g4xx_hal_cortex.o"
arm-none-eabi-gcc "../Drivers/STM32G4xx_HAL_Driver/Src/stm32g4xx_hal_dma.c" -mcpu=cortex-m4 -std=gnu11 -g3 -DDEBUG -DUSE_HAL_DRIVER -DSTM32G474xx -c -I../Core/Inc -I../Drivers/STM32G4xx_HAL_Driver/Inc -I../Drivers/STM32G4xx_HAL_Driver/Inc/Legacy -I../Drivers/CMSIS/Device/ST/STM32G4xx/Include -I../Drivers/CMSIS/Include -O0 -ffunction-sections -fdata-sections -Wall -fstack-usage -fcyclomatic-complexity -MMD -MP -MF"Drivers/STM32G4xx_HAL_Driver/Src/stm32g4xx_hal_dma.d" -MT"Drivers/STM32G4xx_HAL_Driver/Src/stm32g4xx_hal_dma.o" --specs=nano.specs -mfpu=fpv4-sp-d16 -mfloat-abi=hard -mthumb -o "Drivers/STM32G4xx_HAL_Driver/Src/stm32g4xx_hal_dma.o"
arm-none-eabi-gcc "../Drivers/STM32G4xx_HAL_Driver/Src/stm32g4xx_hal_dma_ex.c" -mcpu=cortex-m4 -std=gnu11 -g3 -DDEBUG -DUSE_HAL_DRIVER -DSTM32G474xx -c -I../Core/Inc -I../Drivers/STM32G4xx_HAL_Driver/Inc -I../Drivers/STM32G4xx_HAL_Driver/Inc/Legacy -I../Drivers/CMSIS/Device/ST/STM32G4xx/Include -I../Drivers/CMSIS/Include -O0 -ffunction-sections -fdata-sections -Wall -fstack-usage -fcyclomatic-complexity -MMD -MP -MF"Drivers/STM32G4xx_HAL_Driver/Src/stm32g4xx_hal_dma_ex.d" -MT"Drivers/STM32G4xx_HAL_Driver/Src/stm32g4xx_hal_dma_ex.o" --specs=nano.specs -mfpu=fpv4-sp-d16 -mfloat-abi=hard -mthumb -o "Drivers/STM32G4xx_HAL_Driver/Src/stm32g4xx_hal_dma_ex.o"
arm-none-eabi-gcc "../Drivers/STM32G4xx_HAL_Driver/Src/stm32g4xx_hal_exti.c" -mcpu=cortex-m4 -std=gnu11 -g3 -DDEBUG -DUSE_HAL_DRIVER -DSTM32G474xx -c -I../Core/Inc -I../Drivers/STM32G4xx_HAL_Driver/Inc -I../Drivers/STM32G4xx_HAL_Driver/Inc/Legacy -I../Drivers/CMSIS/Device/ST/STM32G4xx/Include -I../Drivers/CMSIS/Include -O0 -ffunction-sections -fdata-sections -Wall -fstack-usage -fcyclomatic-complexity -MMD -MP -MF"Drivers/STM32G4xx_HAL_Driver/Src/stm32g4xx_hal_exti.d" -MT"Drivers/STM32G4xx_HAL_Driver/Src/stm32g4xx_hal_exti.o" --specs=nano.specs -mfpu=fpv4-sp-d16 -mfloat-abi=hard -mthumb -o "Drivers/STM32G4xx_HAL_Driver/Src/stm32g4xx_hal_exti.o"
arm-none-eabi-gcc "../Drivers/STM32G4xx_HAL_Driver/Src/stm32g4xx_hal_flash.c" -mcpu=cortex-m4 -std=gnu11 -g3 -DDEBUG -DUSE_HAL_DRIVER -DSTM32G474xx -c -I../Core/Inc -I../Drivers/STM32G4xx_HAL_Driver/Inc -I../Drivers/STM32G4xx_HAL_Driver/Inc/Legacy -I../Drivers/CMSIS/Device/ST/STM32G4xx/Include -I../Drivers/CMSIS/Include -O0 -ffunction-sections -fdata-sections -Wall -fstack-usage -fcyclomatic-complexity -MMD -MP -MF"Drivers/STM32G4xx_HAL_Driver/Src/stm32g4xx_hal_flash.d" -MT"Drivers/STM32G4xx_HAL_Driver/Src/stm32g4xx_hal_flash.o" --specs=nano.specs -mfpu=fpv4-sp-d16 -mfloat-abi=hard -mthumb -o "Drivers/STM32G4xx_HAL_Driver/Src/stm32g4xx_hal_flash.o"
arm-none-eabi-gcc "../Drivers/STM32G4xx_HAL_Driver/Src/stm32g4xx_hal_flash_ex.c" -mcpu=cortex-m4 -std=gnu11 -g3 -DDEBUG -DUSE_HAL_DRIVER -DSTM32G474xx -c -I../Core/Inc -I../Drivers/STM32G4xx_HAL_Driver/Inc -I../Drivers/STM32G4xx_HAL_Driver/Inc/Legacy -I../Drivers/CMSIS/Device/ST/STM32G4xx/Include -I../Drivers/CMSIS/Include -O0 -ffunction-sections -fdata-sections -Wall -fstack-usage -fcyclomatic-complexity -MMD -MP -MF"Drivers/STM32G4xx_HAL_Driver/Src/stm32g4xx_hal_flash_ex.d" -MT"Drivers/STM32G4xx_HAL_Driver/Src/stm32g4xx_hal_flash_ex.o" --specs=nano.specs -mfpu=fpv4-sp-d16 -mfloat-abi=hard -mthumb -o "Drivers/STM32G4xx_HAL_Driver/Src/stm32g4xx_hal_flash_ex.o"
arm-none-eabi-gcc "../Drivers/STM32G4xx_HAL_Driver/Src/stm32g4xx_hal_flash_ramfunc.c" -mcpu=cortex-m4 -std=gnu11 -g3 -DDEBUG -DUSE_HAL_DRIVER -DSTM32G474xx -c -I../Core/Inc -I../Drivers/STM32G4xx_HAL_Driver/Inc -I../Drivers/STM32G4xx_HAL_Driver/Inc/Legacy -I../Drivers/CMSIS/Device/ST/STM32G4xx/Include -I../Drivers/CMSIS/Include -O0 -ffunction-sections -fdata-sections -Wall -fstack-usage -fcyclomatic-complexity -MMD -MP -MF"Drivers/STM32G4xx_HAL_Driver/Src/stm32g4xx_hal_flash_ramfunc.d" -MT"Drivers/STM32G4xx_HAL_Driver/Src/stm32g4xx_hal_flash_ramfunc.o" --specs=nano.specs -mfpu=fpv4-sp-d16 -mfloat-abi=hard -mthumb -o "Drivers/STM32G4xx_HAL_Driver/Src/stm32g4xx_hal_flash_ramfunc.o"
arm-none-eabi-gcc "../Drivers/STM32G4xx_HAL_Driver/Src/stm32g4xx_hal_gpio.c" -mcpu=cortex-m4 -std=gnu11 -g3 -DDEBUG -DUSE_HAL_DRIVER -DSTM32G474xx -c -I../Core/Inc -I../Drivers/STM32G4xx_HAL_Driver/Inc -I../Drivers/STM32G4xx_HAL_Driver/Inc/Legacy -I../Drivers/CMSIS/Device/ST/STM32G4xx/Include -I../Drivers/CMSIS/Include -O0 -ffunction-sections -fdata-sections -Wall -fstack-usage -fcyclomatic-complexity -MMD -MP -MF"Drivers/STM32G4xx_HAL_Driver/Src/stm32g4xx_hal_gpio.d" -MT"Drivers/STM32G4xx_HAL_Driver/Src/stm32g4xx_hal_gpio.o" --specs=nano.specs -mfpu=fpv4-sp-d16 -mfloat-abi=hard -mthumb -o "Drivers/STM32G4xx_HAL_Driver/Src/stm32g4xx_hal_gpio.o"
arm-none-eabi-gcc "../Drivers/STM32G4xx_HAL_Driver/Src/stm32g4xx_hal_pwr.c" -mcpu=cortex-m4 -std=gnu11 -g3 -DDEBUG -DUSE_HAL_DRIVER -DSTM32G474xx -c -I../Core/Inc -I../Drivers/STM32G4xx_HAL_Driver/Inc -I../Drivers/STM32G4xx_HAL_Driver/Inc/Legacy -I../Drivers/CMSIS/Device/ST/STM32G4xx/Include -I../Drivers/CMSIS/Include -O0 -ffunction-sections -fdata-sections -Wall -fstack-usage -fcyclomatic-complexity -MMD -MP -MF"Drivers/STM32G4xx_HAL_Driver/Src/stm32g4xx_hal_pwr.d" -MT"Drivers/STM32G4xx_HAL_Driver/Src/stm32g4xx_hal_pwr.o" --specs=nano.specs -mfpu=fpv4-sp-d16 -mfloat-abi=hard -mthumb -o "Drivers/STM32G4xx_HAL_Driver/Src/stm32g4xx_hal_pwr.o"
arm-none-eabi-gcc "../Drivers/STM32G4xx_HAL_Driver/Src/stm32g4xx_hal_pwr_ex.c" -mcpu=cortex-m4 -std=gnu11 -g3 -DDEBUG -DUSE_HAL_DRIVER -DSTM32G474xx -c -I../Core/Inc -I../Drivers/STM32G4xx_HAL_Driver/Inc -I../Drivers/STM32G4xx_HAL_Driver/Inc/Legacy -I../Drivers/CMSIS/Device/ST/STM32G4xx/Include -I../Drivers/CMSIS/Include -O0 -ffunction-sections -fdata-sections -Wall -fstack-usage -fcyclomatic-complexity -MMD -MP -MF"Drivers/STM32G4xx_HAL_Driver/Src/stm32g4xx_hal_pwr_ex.d" -MT"Drivers/STM32G4xx_HAL_Driver/Src/stm32g4xx_hal_pwr_ex.o" --specs=nano.specs -mfpu=fpv4-sp-d16 -mfloat-abi=hard -mthumb -o "Drivers/STM32G4xx_HAL_Driver/Src/stm32g4xx_hal_pwr_ex.o"
arm-none-eabi-gcc "../Drivers/STM32G4xx_HAL_Driver/Src/stm32g4xx_hal_rcc.c" -mcpu=cortex-m4 -std=gnu11 -g3 -DDEBUG -DUSE_HAL_DRIVER -DSTM32G474xx -c -I../Core/Inc -I../Drivers/STM32G4xx_HAL_Driver/Inc -I../Drivers/STM32G4xx_HAL_Driver/Inc/Legacy -I../Drivers/CMSIS/Device/ST/STM32G4xx/Include -I../Drivers/CMSIS/Include -O0 -ffunction-sections -fdata-sections -Wall -fstack-usage -fcyclomatic-complexity -MMD -MP -MF"Drivers/STM32G4xx_HAL_Driver/Src/stm32g4xx_hal_rcc.d" -MT"Drivers/STM32G4xx_HAL_Driver/Src/stm32g4xx_hal_rcc.o" --specs=nano.specs -mfpu=fpv4-sp-d16 -mfloat-abi=hard -mthumb -o "Drivers/STM32G4xx_HAL_Driver/Src/stm32g4xx_hal_rcc.o"
arm-none-eabi-gcc "../Drivers/STM32G4xx_HAL_Driver/Src/stm32g4xx_hal_rcc_ex.c" -mcpu=cortex-m4 -std=gnu11 -g3 -DDEBUG -DUSE_HAL_DRIVER -DSTM32G474xx -c -I../Core/Inc -I../Drivers/STM32G4xx_HAL_Driver/Inc -I../Drivers/STM32G4xx_HAL_Driver/Inc/Legacy -I../Drivers/CMSIS/Device/ST/STM32G4xx/Include -I../Drivers/CMSIS/Include -O0 -ffunction-sections -fdata-sections -Wall -fstack-usage -fcyclomatic-complexity -MMD -MP -MF"Drivers/STM32G4xx_HAL_Driver/Src/stm32g4xx_hal_rcc_ex.d" -MT"Drivers/STM32G4xx_HAL_Driver/Src/stm32g4xx_hal_rcc_ex.o" --specs=nano.specs -mfpu=fpv4-sp-d16 -mfloat-abi=hard -mthumb -o "Drivers/STM32G4xx_HAL_Driver/Src/stm32g4xx_hal_rcc_ex.o"
arm-none-eabi-gcc "../Drivers/STM32G4xx_HAL_Driver/Src/stm32g4xx_hal_tim.c" -mcpu=cortex-m4 -std=gnu11 -g3 -DDEBUG -DUSE_HAL_DRIVER -DSTM32G474xx -c -I../Core/Inc -I../Drivers/STM32G4xx_HAL_Driver/Inc -I../Drivers/STM32G4xx_HAL_Driver/Inc/Legacy -I../Drivers/CMSIS/Device/ST/STM32G4xx/Include -I../Drivers/CMSIS/Include -O0 -ffunction-sections -fdata-sections -Wall -fstack-usage -fcyclomatic-complexity -MMD -MP -MF"Drivers/STM32G4xx_HAL_Driver/Src/stm32g4xx_hal_tim.d" -MT"Drivers/STM32G4xx_HAL_Driver/Src/stm32g4xx_hal_tim.o" --specs=nano.specs -mfpu=fpv4-sp-d16 -mfloat-abi=hard -mthumb -o "Drivers/STM32G4xx_HAL_Driver/Src/stm32g4xx_hal_tim.o"
arm-none-eabi-gcc "../Drivers/STM32G4xx_HAL_Driver/Src/stm32g4xx_hal_tim_ex.c" -mcpu=cortex-m4 -std=gnu11 -g3 -DDEBUG -DUSE_HAL_DRIVER -DSTM32G474xx -c -I../Core/Inc -I../Drivers/STM32G4xx_HAL_Driver/Inc -I../Drivers/STM32G4xx_HAL_Driver/Inc/Legacy -I../Drivers/CMSIS/Device/ST/STM32G4xx/Include -I../Drivers/CMSIS/Include -O0 -ffunction-sections -fdata-sections -Wall -fstack-usage -fcyclomatic-complexity -MMD -MP -MF"Drivers/STM32G4xx_HAL_Driver/Src/stm32g4xx_hal_tim_ex.d" -MT"Drivers/STM32G4xx_HAL_Driver/Src/stm32g4xx_hal_tim_ex.o" --specs=nano.specs -mfpu=fpv4-sp-d16 -mfloat-abi=hard -mthumb -o "Drivers/STM32G4xx_HAL_Driver/Src/stm32g4xx_hal_tim_ex.o"
arm-none-eabi-gcc "../Drivers/STM32G4xx_HAL_Driver/Src/stm32g4xx_hal_uart.c" -mcpu=cortex-m4 -std=gnu11 -g3 -DDEBUG -DUSE_HAL_DRIVER -DSTM32G474xx -c -I../Core/Inc -I../Drivers/STM32G4xx_HAL_Driver/Inc -I../Drivers/STM32G4xx_HAL_Driver/Inc/Legacy -I../Drivers/CMSIS/Device/ST/STM32G4xx/Include -I../Drivers/CMSIS/Include -O0 -ffunction-sections -fdata-sections -Wall -fstack-usage -fcyclomatic-complexity -MMD -MP -MF"Drivers/STM32G4xx_HAL_Driver/Src/stm32g4xx_hal_uart.d" -MT"Drivers/STM32G4xx_HAL_Driver/Src/stm32g4xx_hal_uart.o" --specs=nano.specs -mfpu=fpv4-sp-d16 -mfloat-abi=hard -mthumb -o "Drivers/STM32G4xx_HAL_Driver/Src/stm32g4xx_hal_uart.o"
arm-none-eabi-gcc "../Drivers/STM32G4xx_HAL_Driver/Src/stm32g4xx_hal_uart_ex.c" -mcpu=cortex-m4 -std=gnu11 -g3 -DDEBUG -DUSE_HAL_DRIVER -DSTM32G474xx -c -I../Core/Inc -I../Drivers/STM32G4xx_HAL_Driver/Inc -I../Drivers/STM32G4xx_HAL_Driver/Inc/Legacy -I../Drivers/CMSIS/Device/ST/STM32G4xx/Include -I../Drivers/CMSIS/Include -O0 -ffunction-sections -fdata-sections -Wall -fstack-usage -fcyclomatic-complexity -MMD -MP -MF"Drivers/STM32G4xx_HAL_Driver/Src/stm32g4xx_hal_uart_ex.d" -MT"Drivers/STM32G4xx_HAL_Driver/Src/stm32g4xx_hal_uart_ex.o" --specs=nano.specs -mfpu=fpv4-sp-d16 -mfloat-abi=hard -mthumb -o "Drivers/STM32G4xx_HAL_Driver/Src/stm32g4xx_hal_uart_ex.o"
arm-none-eabi-gcc -mcpu=cortex-m4 -g3 -DDEBUG -c -x assembler-with-cpp -MMD -MP -MF"Core/Startup/startup_stm32g474retx.d" -MT"Core/Startup/startup_stm32g474retx.o" --specs=nano.specs -mfpu=fpv4-sp-d16 -mfloat-abi=hard -mthumb -o "Core/Startup/startup_stm32g474retx.o" "../Core/Startup/startup_stm32g474retx.s"
arm-none-eabi-gcc "../Core/Src/gpio.c" -mcpu=cortex-m4 -std=gnu11 -g3 -DDEBUG -DUSE_HAL_DRIVER -DSTM32G474xx -c -I../Core/Inc -I../Drivers/STM32G4xx_HAL_Driver/Inc -I../Drivers/STM32G4xx_HAL_Driver/Inc/Legacy -I../Drivers/CMSIS/Device/ST/STM32G4xx/Include -I../Drivers/CMSIS/Include -O0 -ffunction-sections -fdata-sections -Wall -fstack-usage -fcyclomatic-complexity -MMD -MP -MF"Core/Src/gpio.d" -MT"Core/Src/gpio.o" --specs=nano.specs -mfpu=fpv4-sp-d16 -mfloat-abi=hard -mthumb -o "Core/Src/gpio.o"
arm-none-eabi-gcc "../Core/Src/main.c" -mcpu=cortex-m4 -std=gnu11 -g3 -DDEBUG -DUSE_HAL_DRIVER -DSTM32G474xx -c -I../Core/Inc -I../Drivers/STM32G4xx_HAL_Driver/Inc -I../Drivers/STM32G4xx_HAL_Driver/Inc/Legacy -I../Drivers/CMSIS/Device/ST/STM32G4xx/Include -I../Drivers/CMSIS/Include -O0 -ffunction-sections -fdata-sections -Wall -fstack-usage -fcyclomatic-complexity -MMD -MP -MF"Core/Src/main.d" -MT"Core/Src/main.o" --specs=nano.specs -mfpu=fpv4-sp-d16 -mfloat-abi=hard -mthumb -o "Core/Src/main.o"
arm-none-eabi-gcc "../Core/Src/stm32g4xx_hal_msp.c" -mcpu=cortex-m4 -std=gnu11 -g3 -DDEBUG -DUSE_HAL_DRIVER -DSTM32G474xx -c -I../Core/Inc -I../Drivers/STM32G4xx_HAL_Driver/Inc -I../Drivers/STM32G4xx_HAL_Driver/Inc/Legacy -I../Drivers/CMSIS/Device/ST/STM32G4xx/Include -I../Drivers/CMSIS/Include -O0 -ffunction-sections -fdata-sections -Wall -fstack-usage -fcyclomatic-complexity -MMD -MP -MF"Core/Src/stm32g4xx_hal_msp.d" -MT"Core/Src/stm32g4xx_hal_msp.o" --specs=nano.specs -mfpu=fpv4-sp-d16 -mfloat-abi=hard -mthumb -o "Core/Src/stm32g4xx_hal_msp.o"
arm-none-eabi-gcc "../Core/Src/stm32g4xx_it.c" -mcpu=cortex-m4 -std=gnu11 -g3 -DDEBUG -DUSE_HAL_DRIVER -DSTM32G474xx -c -I../Core/Inc -I../Drivers/STM32G4xx_HAL_Driver/Inc -I../Drivers/STM32G4xx_HAL_Driver/Inc/Legacy -I../Drivers/CMSIS/Device/ST/STM32G4xx/Include -I../Drivers/CMSIS/Include -O0 -ffunction-sections -fdata-sections -Wall -fstack-usage -fcyclomatic-complexity -MMD -MP -MF"Core/Src/stm32g4xx_it.d" -MT"Core/Src/stm32g4xx_it.o" --specs=nano.specs -mfpu=fpv4-sp-d16 -mfloat-abi=hard -mthumb -o "Core/Src/stm32g4xx_it.o"
arm-none-eabi-gcc "../Core/Src/syscalls.c" -mcpu=cortex-m4 -std=gnu11 -g3 -DDEBUG -DUSE_HAL_DRIVER -DSTM32G474xx -c -I../Core/Inc -I../Drivers/STM32G4xx_HAL_Driver/Inc -I../Drivers/STM32G4xx_HAL_Driver/Inc/Legacy -I../Drivers/CMSIS/Device/ST/STM32G4xx/Include -I../Drivers/CMSIS/Include -O0 -ffunction-sections -fdata-sections -Wall -fstack-usage -fcyclomatic-complexity -MMD -MP -MF"Core/Src/syscalls.d" -MT"Core/Src/syscalls.o" --specs=nano.specs -mfpu=fpv4-sp-d16 -mfloat-abi=hard -mthumb -o "Core/Src/syscalls.o"
arm-none-eabi-gcc "../Core/Src/sysmem.c" -mcpu=cortex-m4 -std=gnu11 -g3 -DDEBUG -DUSE_HAL_DRIVER -DSTM32G474xx -c -I../Core/Inc -I../Drivers/STM32G4xx_HAL_Driver/Inc -I../Drivers/STM32G4xx_HAL_Driver/Inc/Legacy -I../Drivers/CMSIS/Device/ST/STM32G4xx/Include -I../Drivers/CMSIS/Include -O0 -ffunction-sections -fdata-sections -Wall -fstack-usage -fcyclomatic-complexity -MMD -MP -MF"Core/Src/sysmem.d" -MT"Core/Src/sysmem.o" --specs=nano.specs -mfpu=fpv4-sp-d16 -mfloat-abi=hard -mthumb -o "Core/Src/sysmem.o"
arm-none-eabi-gcc "../Core/Src/system_stm32g4xx.c" -mcpu=cortex-m4 -std=gnu11 -g3 -DDEBUG -DUSE_HAL_DRIVER -DSTM32G474xx -c -I../Core/Inc -I../Drivers/STM32G4xx_HAL_Driver/Inc -I../Drivers/STM32G4xx_HAL_Driver/Inc/Legacy -I../Drivers/CMSIS/Device/ST/STM32G4xx/Include -I../Drivers/CMSIS/Include -O0 -ffunction-sections -fdata-sections -Wall -fstack-usage -fcyclomatic-complexity -MMD -MP -MF"Core/Src/system_stm32g4xx.d" -MT"Core/Src/system_stm32g4xx.o" --specs=nano.specs -mfpu=fpv4-sp-d16 -mfloat-abi=hard -mthumb -o "Core/Src/system_stm32g4xx.o"
arm-none-eabi-gcc "../Core/Src/tim.c" -mcpu=cortex-m4 -std=gnu11 -g3 -DDEBUG -DUSE_HAL_DRIVER -DSTM32G474xx -c -I../Core/Inc -I../Drivers/STM32G4xx_HAL_Driver/Inc -I../Drivers/STM32G4xx_HAL_Driver/Inc/Legacy -I../Drivers/CMSIS/Device/ST/STM32G4xx/Include -I../Drivers/CMSIS/Include -O0 -ffunction-sections -fdata-sections -Wall -fstack-usage -fcyclomatic-complexity -MMD -MP -MF"Core/Src/tim.d" -MT"Core/Src/tim.o" --specs=nano.specs -mfpu=fpv4-sp-d16 -mfloat-abi=hard -mthumb -o "Core/Src/tim.o"
arm-none-eabi-gcc "../Core/Src/usart.c" -mcpu=cortex-m4 -std=gnu11 -g3 -DDEBUG -DUSE_HAL_DRIVER -DSTM32G474xx -c -I../Core/Inc -I../Drivers/STM32G4xx_HAL_Driver/Inc -I../Drivers/STM32G4xx_HAL_Driver/Inc/Legacy -I../Drivers/CMSIS/Device/ST/STM32G4xx/Include -I../Drivers/CMSIS/Include -O0 -ffunction-sections -fdata-sections -Wall -fstack-usage -fcyclomatic-complexity -MMD -MP -MF"Core/Src/usart.d" -MT"Core/Src/usart.o" --specs=nano.specs -mfpu=fpv4-sp-d16 -mfloat-abi=hard -mthumb -o "Core/Src/usart.o"
arm-none-eabi-gcc -o "Serwomotor_V1.elf" @"objects.list"   -mcpu=cortex-m4 -T"D:\GithubRepo\Inzynierka_pliki\Serwomotor_V1\STM32G474RETX_FLASH.ld" --specs=nosys.specs -Wl,-Map="Serwomotor_V1.map" -Wl,--gc-sections -static --specs=nano.specs -mfpu=fpv4-sp-d16 -mfloat-abi=hard -mthumb -Wl,--start-group -lc -lm -Wl,--end-group
Finished building target: Serwomotor_V1.elf
 
arm-none-eabi-size  Serwomotor_V1.elf 
arm-none-eabi-objdump -h -S Serwomotor_V1.elf  > "Serwomotor_V1.list"
   text	   data	    bss	    dec	    hex	filename
  17332	     12	   1796	  19140	   4ac4	Serwomotor_V1.elf
Finished building: default.size.stdout
 
Finished building: Serwomotor_V1.list
 
20:25:09 **** Incremental Build of configuration Debug for project Serwomotor_V1 ****
make -j12 all 
arm-none-eabi-gcc "../Core/Src/gpio.c" -mcpu=cortex-m4 -std=gnu11 -g3 -DDEBUG -DUSE_HAL_DRIVER -DSTM32G474xx -c -I../Core/Inc -I../Drivers/STM32G4xx_HAL_Driver/Inc -I../Drivers/STM32G4xx_HAL_Driver/Inc/Legacy -I../Drivers/CMSIS/Device/ST/STM32G4xx/Include -I../Drivers/CMSIS/Include -O0 -ffunction-sections -fdata-sections -Wall -fstack-usage -fcyclomatic-complexity -MMD -MP -MF"Core/Src/gpio.d" -MT"Core/Src/gpio.o" --specs=nano.specs -mfpu=fpv4-sp-d16 -mfloat-abi=hard -mthumb -o "Core/Src/gpio.o"
arm-none-eabi-gcc "../Core/Src/main.c" -mcpu=cortex-m4 -std=gnu11 -g3 -DDEBUG -DUSE_HAL_DRIVER -DSTM32G474xx -c -I../Core/Inc -I../Drivers/STM32G4xx_HAL_Driver/Inc -I../Drivers/STM32G4xx_HAL_Driver/Inc/Legacy -I../Drivers/CMSIS/Device/ST/STM32G4xx/Include -I../Drivers/CMSIS/Include -O0 -ffunction-sections -fdata-sections -Wall -fstack-usage -fcyclomatic-complexity -MMD -MP -MF"Core/Src/main.d" -MT"Core/Src/main.o" --specs=nano.specs -mfpu=fpv4-sp-d16 -mfloat-abi=hard -mthumb -o "Core/Src/main.o"
arm-none-eabi-gcc -o "Serwomotor_V1.elf" @"objects.list"   -mcpu=cortex-m4 -T"D:\GithubRepo\Inzynierka_pliki\Serwomotor_V1\STM32G474RETX_FLASH.ld" --specs=nosys.specs -Wl,-Map="Serwomotor_V1.map" -Wl,--gc-sections -static --specs=nano.specs -mfpu=fpv4-sp-d16 -mfloat-abi=hard -mthumb -Wl,--start-group -lc -lm -Wl,--end-group
Finished building target: Serwomotor_V1.elf
 
arm-none-eabi-size  Serwomotor_V1.elf 
arm-none-eabi-objdump -h -S Serwomotor_V1.elf  > "Serwomotor_V1.list"
   text	   data	    bss	    dec	    hex	filename
  17352	     12	   1796	  19160	   4ad8	Serwomotor_V1.elf
Finished building: default.size.stdout
 
Finished building: Serwomotor_V1.list
 
20:30:58 **** Incremental Build of configuration Debug for project Serwomotor_V1 ****
make -j12 all 
arm-none-eabi-gcc "../Core/Src/main.c" -mcpu=cortex-m4 -std=gnu11 -g3 -DDEBUG -DUSE_HAL_DRIVER -DSTM32G474xx -c -I../Core/Inc -I../Drivers/STM32G4xx_HAL_Driver/Inc -I../Drivers/STM32G4xx_HAL_Driver/Inc/Legacy -I../Drivers/CMSIS/Device/ST/STM32G4xx/Include -I../Drivers/CMSIS/Include -O0 -ffunction-sections -fdata-sections -Wall -fstack-usage -fcyclomatic-complexity -MMD -MP -MF"Core/Src/main.d" -MT"Core/Src/main.o" --specs=nano.specs -mfpu=fpv4-sp-d16 -mfloat-abi=hard -mthumb -o "Core/Src/main.o"
arm-none-eabi-gcc -o "Serwomotor_V1.elf" @"objects.list"   -mcpu=cortex-m4 -T"D:\GithubRepo\Inzynierka_pliki\Serwomotor_V1\STM32G474RETX_FLASH.ld" --specs=nosys.specs -Wl,-Map="Serwomotor_V1.map" -Wl,--gc-sections -static --specs=nano.specs -mfpu=fpv4-sp-d16 -mfloat-abi=hard -mthumb -Wl,--start-group -lc -lm -Wl,--end-group
Finished building target: Serwomotor_V1.elf
 
arm-none-eabi-size  Serwomotor_V1.elf 
arm-none-eabi-objdump -h -S Serwomotor_V1.elf  > "Serwomotor_V1.list"
   text	   data	    bss	    dec	    hex	filename
  17352	     12	   1796	  19160	   4ad8	Serwomotor_V1.elf
Finished building: default.size.stdout
 
Finished building: Serwomotor_V1.list
 
20:31:05 **** Incremental Build of configuration Debug for project Serwomotor_V1 ****
make -j12 all 
arm-none-eabi-size  Serwomotor_V1.elf 
   text	   data	    bss	    dec	    hex	filename
  17352	     12	   1796	  19160	   4ad8	Serwomotor_V1.elf
Finished building: default.size.stdout
 
20:40:58 **** Incremental Build of configuration Debug for project Serwomotor_V1 ****
make -j12 all 
arm-none-eabi-gcc "../Core/Src/tim.c" -mcpu=cortex-m4 -std=gnu11 -g3 -DDEBUG -DUSE_HAL_DRIVER -DSTM32G474xx -c -I../Core/Inc -I../Drivers/STM32G4xx_HAL_Driver/Inc -I../Drivers/STM32G4xx_HAL_Driver/Inc/Legacy -I../Drivers/CMSIS/Device/ST/STM32G4xx/Include -I../Drivers/CMSIS/Include -O0 -ffunction-sections -fdata-sections -Wall -fstack-usage -fcyclomatic-complexity -MMD -MP -MF"Core/Src/tim.d" -MT"Core/Src/tim.o" --specs=nano.specs -mfpu=fpv4-sp-d16 -mfloat-abi=hard -mthumb -o "Core/Src/tim.o"
arm-none-eabi-gcc -o "Serwomotor_V1.elf" @"objects.list"   -mcpu=cortex-m4 -T"D:\GithubRepo\Inzynierka_pliki\Serwomotor_V1\STM32G474RETX_FLASH.ld" --specs=nosys.specs -Wl,-Map="Serwomotor_V1.map" -Wl,--gc-sections -static --specs=nano.specs -mfpu=fpv4-sp-d16 -mfloat-abi=hard -mthumb -Wl,--start-group -lc -lm -Wl,--end-group
Finished building target: Serwomotor_V1.elf
 
arm-none-eabi-size  Serwomotor_V1.elf 
arm-none-eabi-objdump -h -S Serwomotor_V1.elf  > "Serwomotor_V1.list"
   text	   data	    bss	    dec	    hex	filename
  17352	     12	   1796	  19160	   4ad8	Serwomotor_V1.elf
Finished building: default.size.stdout
 
Finished building: Serwomotor_V1.list
 
20:45:07 **** Incremental Build of configuration Debug for project Serwomotor_V1 ****
make -j12 all 
arm-none-eabi-gcc "../Core/Src/main.c" -mcpu=cortex-m4 -std=gnu11 -g3 -DDEBUG -DUSE_HAL_DRIVER -DSTM32G474xx -c -I../Core/Inc -I../Drivers/STM32G4xx_HAL_Driver/Inc -I../Drivers/STM32G4xx_HAL_Driver/Inc/Legacy -I../Drivers/CMSIS/Device/ST/STM32G4xx/Include -I../Drivers/CMSIS/Include -O0 -ffunction-sections -fdata-sections -Wall -fstack-usage -fcyclomatic-complexity -MMD -MP -MF"Core/Src/main.d" -MT"Core/Src/main.o" --specs=nano.specs -mfpu=fpv4-sp-d16 -mfloat-abi=hard -mthumb -o "Core/Src/main.o"
arm-none-eabi-gcc -o "Serwomotor_V1.elf" @"objects.list"   -mcpu=cortex-m4 -T"D:\GithubRepo\Inzynierka_pliki\Serwomotor_V1\STM32G474RETX_FLASH.ld" --specs=nosys.specs -Wl,-Map="Serwomotor_V1.map" -Wl,--gc-sections -static --specs=nano.specs -mfpu=fpv4-sp-d16 -mfloat-abi=hard -mthumb -Wl,--start-group -lc -lm -Wl,--end-group
Finished building target: Serwomotor_V1.elf
 
arm-none-eabi-size  Serwomotor_V1.elf 
arm-none-eabi-objdump -h -S Serwomotor_V1.elf  > "Serwomotor_V1.list"
   text	   data	    bss	    dec	    hex	filename
  17352	     12	   1796	  19160	   4ad8	Serwomotor_V1.elf
Finished building: default.size.stdout
 
Finished building: Serwomotor_V1.list
 
20:45:49 **** Incremental Build of configuration Debug for project Serwomotor_V1 ****
make -j12 all 
arm-none-eabi-gcc "../Core/Src/main.c" -mcpu=cortex-m4 -std=gnu11 -g3 -DDEBUG -DUSE_HAL_DRIVER -DSTM32G474xx -c -I../Core/Inc -I../Drivers/STM32G4xx_HAL_Driver/Inc -I../Drivers/STM32G4xx_HAL_Driver/Inc/Legacy -I../Drivers/CMSIS/Device/ST/STM32G4xx/Include -I../Drivers/CMSIS/Include -O0 -ffunction-sections -fdata-sections -Wall -fstack-usage -fcyclomatic-complexity -MMD -MP -MF"Core/Src/main.d" -MT"Core/Src/main.o" --specs=nano.specs -mfpu=fpv4-sp-d16 -mfloat-abi=hard -mthumb -o "Core/Src/main.o"
arm-none-eabi-gcc -o "Serwomotor_V1.elf" @"objects.list"   -mcpu=cortex-m4 -T"D:\GithubRepo\Inzynierka_pliki\Serwomotor_V1\STM32G474RETX_FLASH.ld" --specs=nosys.specs -Wl,-Map="Serwomotor_V1.map" -Wl,--gc-sections -static --specs=nano.specs -mfpu=fpv4-sp-d16 -mfloat-abi=hard -mthumb -Wl,--start-group -lc -lm -Wl,--end-group
Finished building target: Serwomotor_V1.elf
 
arm-none-eabi-size  Serwomotor_V1.elf 
arm-none-eabi-objdump -h -S Serwomotor_V1.elf  > "Serwomotor_V1.list"
   text	   data	    bss	    dec	    hex	filename
  17352	     12	   1796	  19160	   4ad8	Serwomotor_V1.elf
Finished building: default.size.stdout
 
Finished building: Serwomotor_V1.list
 
20:47:24 **** Incremental Build of configuration Debug for project Serwomotor_V1 ****
make -j12 all 
arm-none-eabi-gcc "../Core/Src/main.c" -mcpu=cortex-m4 -std=gnu11 -g3 -DDEBUG -DUSE_HAL_DRIVER -DSTM32G474xx -c -I../Core/Inc -I../Drivers/STM32G4xx_HAL_Driver/Inc -I../Drivers/STM32G4xx_HAL_Driver/Inc/Legacy -I../Drivers/CMSIS/Device/ST/STM32G4xx/Include -I../Drivers/CMSIS/Include -O0 -ffunction-sections -fdata-sections -Wall -fstack-usage -fcyclomatic-complexity -MMD -MP -MF"Core/Src/main.d" -MT"Core/Src/main.o" --specs=nano.specs -mfpu=fpv4-sp-d16 -mfloat-abi=hard -mthumb -o "Core/Src/main.o"
arm-none-eabi-gcc -o "Serwomotor_V1.elf" @"objects.list"   -mcpu=cortex-m4 -T"D:\GithubRepo\Inzynierka_pliki\Serwomotor_V1\STM32G474RETX_FLASH.ld" --specs=nosys.specs -Wl,-Map="Serwomotor_V1.map" -Wl,--gc-sections -static --specs=nano.specs -mfpu=fpv4-sp-d16 -mfloat-abi=hard -mthumb -Wl,--start-group -lc -lm -Wl,--end-group
Finished building target: Serwomotor_V1.elf
 
arm-none-eabi-size  Serwomotor_V1.elf 
arm-none-eabi-objdump -h -S Serwomotor_V1.elf  > "Serwomotor_V1.list"
   text	   data	    bss	    dec	    hex	filename
  17368	     12	   1796	  19176	   4ae8	Serwomotor_V1.elf
Finished building: default.size.stdout
 
Finished building: Serwomotor_V1.list
 
20:47:35 **** Incremental Build of configuration Debug for project Serwomotor_V1 ****
make -j12 all 
arm-none-eabi-size  Serwomotor_V1.elf 
   text	   data	    bss	    dec	    hex	filename
  17368	     12	   1796	  19176	   4ae8	Serwomotor_V1.elf
Finished building: default.size.stdout
 
20:50:38 **** Incremental Build of configuration Debug for project Serwomotor_V1 ****
make -j12 all 
arm-none-eabi-gcc "../Core/Src/main.c" -mcpu=cortex-m4 -std=gnu11 -g3 -DDEBUG -DUSE_HAL_DRIVER -DSTM32G474xx -c -I../Core/Inc -I../Drivers/STM32G4xx_HAL_Driver/Inc -I../Drivers/STM32G4xx_HAL_Driver/Inc/Legacy -I../Drivers/CMSIS/Device/ST/STM32G4xx/Include -I../Drivers/CMSIS/Include -O0 -ffunction-sections -fdata-sections -Wall -fstack-usage -fcyclomatic-complexity -MMD -MP -MF"Core/Src/main.d" -MT"Core/Src/main.o" --specs=nano.specs -mfpu=fpv4-sp-d16 -mfloat-abi=hard -mthumb -o "Core/Src/main.o"
arm-none-eabi-gcc -o "Serwomotor_V1.elf" @"objects.list"   -mcpu=cortex-m4 -T"D:\GithubRepo\Inzynierka_pliki\Serwomotor_V1\STM32G474RETX_FLASH.ld" --specs=nosys.specs -Wl,-Map="Serwomotor_V1.map" -Wl,--gc-sections -static --specs=nano.specs -mfpu=fpv4-sp-d16 -mfloat-abi=hard -mthumb -Wl,--start-group -lc -lm -Wl,--end-group
Finished building target: Serwomotor_V1.elf
 
arm-none-eabi-size  Serwomotor_V1.elf 
arm-none-eabi-objdump -h -S Serwomotor_V1.elf  > "Serwomotor_V1.list"
   text	   data	    bss	    dec	    hex	filename
  17368	     12	   1796	  19176	   4ae8	Serwomotor_V1.elf
Finished building: default.size.stdout
 
Finished building: Serwomotor_V1.list
 
20:51:47 **** Incremental Build of configuration Debug for project Serwomotor_V1 ****
make -j12 all 
arm-none-eabi-gcc "../Core/Src/main.c" -mcpu=cortex-m4 -std=gnu11 -g3 -DDEBUG -DUSE_HAL_DRIVER -DSTM32G474xx -c -I../Core/Inc -I../Drivers/STM32G4xx_HAL_Driver/Inc -I../Drivers/STM32G4xx_HAL_Driver/Inc/Legacy -I../Drivers/CMSIS/Device/ST/STM32G4xx/Include -I../Drivers/CMSIS/Include -O0 -ffunction-sections -fdata-sections -Wall -fstack-usage -fcyclomatic-complexity -MMD -MP -MF"Core/Src/main.d" -MT"Core/Src/main.o" --specs=nano.specs -mfpu=fpv4-sp-d16 -mfloat-abi=hard -mthumb -o "Core/Src/main.o"
arm-none-eabi-gcc -o "Serwomotor_V1.elf" @"objects.list"   -mcpu=cortex-m4 -T"D:\GithubRepo\Inzynierka_pliki\Serwomotor_V1\STM32G474RETX_FLASH.ld" --specs=nosys.specs -Wl,-Map="Serwomotor_V1.map" -Wl,--gc-sections -static --specs=nano.specs -mfpu=fpv4-sp-d16 -mfloat-abi=hard -mthumb -Wl,--start-group -lc -lm -Wl,--end-group
Finished building target: Serwomotor_V1.elf
 
arm-none-eabi-size  Serwomotor_V1.elf 
arm-none-eabi-objdump -h -S Serwomotor_V1.elf  > "Serwomotor_V1.list"
   text	   data	    bss	    dec	    hex	filename
  17364	     12	   1796	  19172	   4ae4	Serwomotor_V1.elf
Finished building: default.size.stdout
 
Finished building: Serwomotor_V1.list
 
21:10:17 **** Incremental Build of configuration Debug for project Serwomotor_V1 ****
make -j12 all 
arm-none-eabi-gcc "../Core/Src/SerwoSimple.c" -mcpu=cortex-m4 -std=gnu11 -g3 -DDEBUG -DUSE_HAL_DRIVER -DSTM32G474xx -c -I../Core/Inc -I../Drivers/STM32G4xx_HAL_Driver/Inc -I../Drivers/STM32G4xx_HAL_Driver/Inc/Legacy -I../Drivers/CMSIS/Device/ST/STM32G4xx/Include -I../Drivers/CMSIS/Include -O0 -ffunction-sections -fdata-sections -Wall -fstack-usage -fcyclomatic-complexity -MMD -MP -MF"Core/Src/SerwoSimple.d" -MT"Core/Src/SerwoSimple.o" --specs=nano.specs -mfpu=fpv4-sp-d16 -mfloat-abi=hard -mthumb -o "Core/Src/SerwoSimple.o"
arm-none-eabi-gcc "../Core/Src/gpio.c" -mcpu=cortex-m4 -std=gnu11 -g3 -DDEBUG -DUSE_HAL_DRIVER -DSTM32G474xx -c -I../Core/Inc -I../Drivers/STM32G4xx_HAL_Driver/Inc -I../Drivers/STM32G4xx_HAL_Driver/Inc/Legacy -I../Drivers/CMSIS/Device/ST/STM32G4xx/Include -I../Drivers/CMSIS/Include -O0 -ffunction-sections -fdata-sections -Wall -fstack-usage -fcyclomatic-complexity -MMD -MP -MF"Core/Src/gpio.d" -MT"Core/Src/gpio.o" --specs=nano.specs -mfpu=fpv4-sp-d16 -mfloat-abi=hard -mthumb -o "Core/Src/gpio.o"
arm-none-eabi-gcc "../Core/Src/main.c" -mcpu=cortex-m4 -std=gnu11 -g3 -DDEBUG -DUSE_HAL_DRIVER -DSTM32G474xx -c -I../Core/Inc -I../Drivers/STM32G4xx_HAL_Driver/Inc -I../Drivers/STM32G4xx_HAL_Driver/Inc/Legacy -I../Drivers/CMSIS/Device/ST/STM32G4xx/Include -I../Drivers/CMSIS/Include -O0 -ffunction-sections -fdata-sections -Wall -fstack-usage -fcyclomatic-complexity -MMD -MP -MF"Core/Src/main.d" -MT"Core/Src/main.o" --specs=nano.specs -mfpu=fpv4-sp-d16 -mfloat-abi=hard -mthumb -o "Core/Src/main.o"
arm-none-eabi-gcc "../Core/Src/stm32g4xx_hal_msp.c" -mcpu=cortex-m4 -std=gnu11 -g3 -DDEBUG -DUSE_HAL_DRIVER -DSTM32G474xx -c -I../Core/Inc -I../Drivers/STM32G4xx_HAL_Driver/Inc -I../Drivers/STM32G4xx_HAL_Driver/Inc/Legacy -I../Drivers/CMSIS/Device/ST/STM32G4xx/Include -I../Drivers/CMSIS/Include -O0 -ffunction-sections -fdata-sections -Wall -fstack-usage -fcyclomatic-complexity -MMD -MP -MF"Core/Src/stm32g4xx_hal_msp.d" -MT"Core/Src/stm32g4xx_hal_msp.o" --specs=nano.specs -mfpu=fpv4-sp-d16 -mfloat-abi=hard -mthumb -o "Core/Src/stm32g4xx_hal_msp.o"
arm-none-eabi-gcc "../Core/Src/stm32g4xx_it.c" -mcpu=cortex-m4 -std=gnu11 -g3 -DDEBUG -DUSE_HAL_DRIVER -DSTM32G474xx -c -I../Core/Inc -I../Drivers/STM32G4xx_HAL_Driver/Inc -I../Drivers/STM32G4xx_HAL_Driver/Inc/Legacy -I../Drivers/CMSIS/Device/ST/STM32G4xx/Include -I../Drivers/CMSIS/Include -O0 -ffunction-sections -fdata-sections -Wall -fstack-usage -fcyclomatic-complexity -MMD -MP -MF"Core/Src/stm32g4xx_it.d" -MT"Core/Src/stm32g4xx_it.o" --specs=nano.specs -mfpu=fpv4-sp-d16 -mfloat-abi=hard -mthumb -o "Core/Src/stm32g4xx_it.o"
arm-none-eabi-gcc "../Core/Src/syscalls.c" -mcpu=cortex-m4 -std=gnu11 -g3 -DDEBUG -DUSE_HAL_DRIVER -DSTM32G474xx -c -I../Core/Inc -I../Drivers/STM32G4xx_HAL_Driver/Inc -I../Drivers/STM32G4xx_HAL_Driver/Inc/Legacy -I../Drivers/CMSIS/Device/ST/STM32G4xx/Include -I../Drivers/CMSIS/Include -O0 -ffunction-sections -fdata-sections -Wall -fstack-usage -fcyclomatic-complexity -MMD -MP -MF"Core/Src/syscalls.d" -MT"Core/Src/syscalls.o" --specs=nano.specs -mfpu=fpv4-sp-d16 -mfloat-abi=hard -mthumb -o "Core/Src/syscalls.o"
arm-none-eabi-gcc "../Core/Src/sysmem.c" -mcpu=cortex-m4 -std=gnu11 -g3 -DDEBUG -DUSE_HAL_DRIVER -DSTM32G474xx -c -I../Core/Inc -I../Drivers/STM32G4xx_HAL_Driver/Inc -I../Drivers/STM32G4xx_HAL_Driver/Inc/Legacy -I../Drivers/CMSIS/Device/ST/STM32G4xx/Include -I../Drivers/CMSIS/Include -O0 -ffunction-sections -fdata-sections -Wall -fstack-usage -fcyclomatic-complexity -MMD -MP -MF"Core/Src/sysmem.d" -MT"Core/Src/sysmem.o" --specs=nano.specs -mfpu=fpv4-sp-d16 -mfloat-abi=hard -mthumb -o "Core/Src/sysmem.o"
arm-none-eabi-gcc "../Core/Src/system_stm32g4xx.c" -mcpu=cortex-m4 -std=gnu11 -g3 -DDEBUG -DUSE_HAL_DRIVER -DSTM32G474xx -c -I../Core/Inc -I../Drivers/STM32G4xx_HAL_Driver/Inc -I../Drivers/STM32G4xx_HAL_Driver/Inc/Legacy -I../Drivers/CMSIS/Device/ST/STM32G4xx/Include -I../Drivers/CMSIS/Include -O0 -ffunction-sections -fdata-sections -Wall -fstack-usage -fcyclomatic-complexity -MMD -MP -MF"Core/Src/system_stm32g4xx.d" -MT"Core/Src/system_stm32g4xx.o" --specs=nano.specs -mfpu=fpv4-sp-d16 -mfloat-abi=hard -mthumb -o "Core/Src/system_stm32g4xx.o"
arm-none-eabi-gcc "../Core/Src/tim.c" -mcpu=cortex-m4 -std=gnu11 -g3 -DDEBUG -DUSE_HAL_DRIVER -DSTM32G474xx -c -I../Core/Inc -I../Drivers/STM32G4xx_HAL_Driver/Inc -I../Drivers/STM32G4xx_HAL_Driver/Inc/Legacy -I../Drivers/CMSIS/Device/ST/STM32G4xx/Include -I../Drivers/CMSIS/Include -O0 -ffunction-sections -fdata-sections -Wall -fstack-usage -fcyclomatic-complexity -MMD -MP -MF"Core/Src/tim.d" -MT"Core/Src/tim.o" --specs=nano.specs -mfpu=fpv4-sp-d16 -mfloat-abi=hard -mthumb -o "Core/Src/tim.o"
arm-none-eabi-gcc "../Core/Src/usart.c" -mcpu=cortex-m4 -std=gnu11 -g3 -DDEBUG -DUSE_HAL_DRIVER -DSTM32G474xx -c -I../Core/Inc -I../Drivers/STM32G4xx_HAL_Driver/Inc -I../Drivers/STM32G4xx_HAL_Driver/Inc/Legacy -I../Drivers/CMSIS/Device/ST/STM32G4xx/Include -I../Drivers/CMSIS/Include -O0 -ffunction-sections -fdata-sections -Wall -fstack-usage -fcyclomatic-complexity -MMD -MP -MF"Core/Src/usart.d" -MT"Core/Src/usart.o" --specs=nano.specs -mfpu=fpv4-sp-d16 -mfloat-abi=hard -mthumb -o "Core/Src/usart.o"
In file included from ../Core/Src/SerwoSimple.c:9:
../Core/Inc/SerwoSimple.h:24:15: error: unknown type name 'uint16_t'
   24 | void SetAngle(uint16_t Angle, uint8_t Mode);
      |               ^~~~~~~~
../Core/Inc/SerwoSimple.h:12:1: note: 'uint16_t' is defined in header '<stdint.h>'; did you forget to '#include <stdint.h>'?
   11 | #include "stdio.h"
  +++ |+#include <stdint.h>
   12 | 
../Core/Inc/SerwoSimple.h:24:31: error: unknown type name 'uint8_t'
   24 | void SetAngle(uint16_t Angle, uint8_t Mode);
      |                               ^~~~~~~
../Core/Inc/SerwoSimple.h:24:31: note: 'uint8_t' is defined in header '<stdint.h>'; did you forget to '#include <stdint.h>'?
In file included from ../Core/Inc/stm32g4xx_hal_conf.h:344,
                 from ../Drivers/STM32G4xx_HAL_Driver/Inc/stm32g4xx_hal.h:29,
                 from ../Core/Inc/main.h:30,
                 from ../Core/Inc/tim.h:29,
                 from ../Core/Src/SerwoSimple.c:10:
../Core/Src/SerwoSimple.c: In function 'SetAngle':
../Core/Inc/SerwoSimple.h:15:16: error: 'htim16' undeclared (first use in this function); did you mean 'htim15'?
   15 | #define Timer &htim16
      |                ^~~~~~
../Drivers/STM32G4xx_HAL_Driver/Inc/stm32g4xx_hal_tim.h:1672:41: note: in definition of macro '__HAL_TIM_SET_COMPARE'
 1672 |   (((__CHANNEL__) == TIM_CHANNEL_1) ? ((__HANDLE__)->Instance->CCR1 = (__COMPARE__)) :\
      |                                         ^~~~~~~~~~
../Core/Src/SerwoSimple.c:34:31: note: in expansion of macro 'Timer'
   34 |         __HAL_TIM_SET_COMPARE(Timer, TimerChannel,Tmp);
      |                               ^~~~~
../Core/Inc/SerwoSimple.h:15:16: note: each undeclared identifier is reported only once for each function it appears in
   15 | #define Timer &htim16
      |                ^~~~~~
../Drivers/STM32G4xx_HAL_Driver/Inc/stm32g4xx_hal_tim.h:1672:41: note: in definition of macro '__HAL_TIM_SET_COMPARE'
 1672 |   (((__CHANNEL__) == TIM_CHANNEL_1) ? ((__HANDLE__)->Instance->CCR1 = (__COMPARE__)) :\
      |                                         ^~~~~~~~~~
../Core/Src/SerwoSimple.c:34:31: note: in expansion of macro 'Timer'
   34 |         __HAL_TIM_SET_COMPARE(Timer, TimerChannel,Tmp);
      |                               ^~~~~
make: *** [Core/Src/subdir.mk:46: Core/Src/SerwoSimple.o] Error 1
make: *** Waiting for unfinished jobs....
"make -j12 all" terminated with exit code 2. Build might be incomplete.
21:10:49 **** Incremental Build of configuration Debug for project Serwomotor_V1 ****
make -j12 all 
arm-none-eabi-gcc "../Core/Src/SerwoSimple.c" -mcpu=cortex-m4 -std=gnu11 -g3 -DDEBUG -DUSE_HAL_DRIVER -DSTM32G474xx -c -I../Core/Inc -I../Drivers/STM32G4xx_HAL_Driver/Inc -I../Drivers/STM32G4xx_HAL_Driver/Inc/Legacy -I../Drivers/CMSIS/Device/ST/STM32G4xx/Include -I../Drivers/CMSIS/Include -O0 -ffunction-sections -fdata-sections -Wall -fstack-usage -fcyclomatic-complexity -MMD -MP -MF"Core/Src/SerwoSimple.d" -MT"Core/Src/SerwoSimple.o" --specs=nano.specs -mfpu=fpv4-sp-d16 -mfloat-abi=hard -mthumb -o "Core/Src/SerwoSimple.o"
In file included from ../Core/Src/SerwoSimple.c:9:
../Core/Inc/SerwoSimple.h:24:15: error: unknown type name 'uint16_t'
   24 | void SetAngle(uint16_t Angle, uint8_t Mode);
      |               ^~~~~~~~
../Core/Inc/SerwoSimple.h:12:1: note: 'uint16_t' is defined in header '<stdint.h>'; did you forget to '#include <stdint.h>'?
   11 | #include "stdio.h"
  +++ |+#include <stdint.h>
   12 | 
../Core/Inc/SerwoSimple.h:24:31: error: unknown type name 'uint8_t'
   24 | void SetAngle(uint16_t Angle, uint8_t Mode);
      |                               ^~~~~~~
../Core/Inc/SerwoSimple.h:24:31: note: 'uint8_t' is defined in header '<stdint.h>'; did you forget to '#include <stdint.h>'?
In file included from ../Core/Inc/stm32g4xx_hal_conf.h:344,
                 from ../Drivers/STM32G4xx_HAL_Driver/Inc/stm32g4xx_hal.h:29,
                 from ../Core/Inc/main.h:30,
                 from ../Core/Inc/tim.h:29,
                 from ../Core/Src/SerwoSimple.c:10:
../Core/Src/SerwoSimple.c: In function 'SetAngle':
../Core/Inc/SerwoSimple.h:15:15: error: 'htim16' undeclared (first use in this function); did you mean 'htim15'?
   15 | #define Timer htim16
      |               ^~~~~~
../Drivers/STM32G4xx_HAL_Driver/Inc/stm32g4xx_hal_tim.h:1672:41: note: in definition of macro '__HAL_TIM_SET_COMPARE'
 1672 |   (((__CHANNEL__) == TIM_CHANNEL_1) ? ((__HANDLE__)->Instance->CCR1 = (__COMPARE__)) :\
      |                                         ^~~~~~~~~~
../Core/Src/SerwoSimple.c:34:31: note: in expansion of macro 'Timer'
   34 |         __HAL_TIM_SET_COMPARE(Timer, TimerChannel,Tmp);
      |                               ^~~~~
../Core/Inc/SerwoSimple.h:15:15: note: each undeclared identifier is reported only once for each function it appears in
   15 | #define Timer htim16
      |               ^~~~~~
../Drivers/STM32G4xx_HAL_Driver/Inc/stm32g4xx_hal_tim.h:1672:41: note: in definition of macro '__HAL_TIM_SET_COMPARE'
 1672 |   (((__CHANNEL__) == TIM_CHANNEL_1) ? ((__HANDLE__)->Instance->CCR1 = (__COMPARE__)) :\
      |                                         ^~~~~~~~~~
../Core/Src/SerwoSimple.c:34:31: note: in expansion of macro 'Timer'
   34 |         __HAL_TIM_SET_COMPARE(Timer, TimerChannel,Tmp);
      |                               ^~~~~
make: *** [Core/Src/subdir.mk:46: Core/Src/SerwoSimple.o] Error 1
"make -j12 all" terminated with exit code 2. Build might be incomplete.
21:11:03 **** Incremental Build of configuration Debug for project Serwomotor_V1 ****
make -j12 all 
arm-none-eabi-gcc "../Core/Src/SerwoSimple.c" -mcpu=cortex-m4 -std=gnu11 -g3 -DDEBUG -DUSE_HAL_DRIVER -DSTM32G474xx -c -I../Core/Inc -I../Drivers/STM32G4xx_HAL_Driver/Inc -I../Drivers/STM32G4xx_HAL_Driver/Inc/Legacy -I../Drivers/CMSIS/Device/ST/STM32G4xx/Include -I../Drivers/CMSIS/Include -O0 -ffunction-sections -fdata-sections -Wall -fstack-usage -fcyclomatic-complexity -MMD -MP -MF"Core/Src/SerwoSimple.d" -MT"Core/Src/SerwoSimple.o" --specs=nano.specs -mfpu=fpv4-sp-d16 -mfloat-abi=hard -mthumb -o "Core/Src/SerwoSimple.o"
In file included from ../Core/Src/SerwoSimple.c:9:
../Core/Inc/SerwoSimple.h:24:15: error: unknown type name 'uint16_t'
   24 | void SetAngle(uint16_t Angle, uint8_t Mode);
      |               ^~~~~~~~
../Core/Inc/SerwoSimple.h:12:1: note: 'uint16_t' is defined in header '<stdint.h>'; did you forget to '#include <stdint.h>'?
   11 | #include "stdio.h"
  +++ |+#include <stdint.h>
   12 | 
../Core/Inc/SerwoSimple.h:24:31: error: unknown type name 'uint8_t'
   24 | void SetAngle(uint16_t Angle, uint8_t Mode);
      |                               ^~~~~~~
../Core/Inc/SerwoSimple.h:24:31: note: 'uint8_t' is defined in header '<stdint.h>'; did you forget to '#include <stdint.h>'?
In file included from ../Core/Inc/stm32g4xx_hal_conf.h:344,
                 from ../Drivers/STM32G4xx_HAL_Driver/Inc/stm32g4xx_hal.h:29,
                 from ../Core/Inc/main.h:30,
                 from ../Core/Inc/tim.h:29,
                 from ../Core/Src/SerwoSimple.c:10:
../Core/Src/SerwoSimple.c: In function 'SetAngle':
../Core/Src/SerwoSimple.c:34:31: error: 'Timer' undeclared (first use in this function); did you mean 'Timerr'?
   34 |         __HAL_TIM_SET_COMPARE(Timer, TimerChannel,Tmp);
      |                               ^~~~~
../Drivers/STM32G4xx_HAL_Driver/Inc/stm32g4xx_hal_tim.h:1672:41: note: in definition of macro '__HAL_TIM_SET_COMPARE'
 1672 |   (((__CHANNEL__) == TIM_CHANNEL_1) ? ((__HANDLE__)->Instance->CCR1 = (__COMPARE__)) :\
      |                                         ^~~~~~~~~~
../Core/Src/SerwoSimple.c:34:31: note: each undeclared identifier is reported only once for each function it appears in
   34 |         __HAL_TIM_SET_COMPARE(Timer, TimerChannel,Tmp);
      |                               ^~~~~
../Drivers/STM32G4xx_HAL_Driver/Inc/stm32g4xx_hal_tim.h:1672:41: note: in definition of macro '__HAL_TIM_SET_COMPARE'
 1672 |   (((__CHANNEL__) == TIM_CHANNEL_1) ? ((__HANDLE__)->Instance->CCR1 = (__COMPARE__)) :\
      |                                         ^~~~~~~~~~
make: *** [Core/Src/subdir.mk:46: Core/Src/SerwoSimple.o] Error 1
"make -j12 all" terminated with exit code 2. Build might be incomplete.
21:11:52 **** Incremental Build of configuration Debug for project Serwomotor_V1 ****
make -j12 all 
arm-none-eabi-gcc "../Core/Src/SerwoSimple.c" -mcpu=cortex-m4 -std=gnu11 -g3 -DDEBUG -DUSE_HAL_DRIVER -DSTM32G474xx -c -I../Core/Inc -I../Drivers/STM32G4xx_HAL_Driver/Inc -I../Drivers/STM32G4xx_HAL_Driver/Inc/Legacy -I../Drivers/CMSIS/Device/ST/STM32G4xx/Include -I../Drivers/CMSIS/Include -O0 -ffunction-sections -fdata-sections -Wall -fstack-usage -fcyclomatic-complexity -MMD -MP -MF"Core/Src/SerwoSimple.d" -MT"Core/Src/SerwoSimple.o" --specs=nano.specs -mfpu=fpv4-sp-d16 -mfloat-abi=hard -mthumb -o "Core/Src/SerwoSimple.o"
arm-none-eabi-gcc "../Core/Src/main.c" -mcpu=cortex-m4 -std=gnu11 -g3 -DDEBUG -DUSE_HAL_DRIVER -DSTM32G474xx -c -I../Core/Inc -I../Drivers/STM32G4xx_HAL_Driver/Inc -I../Drivers/STM32G4xx_HAL_Driver/Inc/Legacy -I../Drivers/CMSIS/Device/ST/STM32G4xx/Include -I../Drivers/CMSIS/Include -O0 -ffunction-sections -fdata-sections -Wall -fstack-usage -fcyclomatic-complexity -MMD -MP -MF"Core/Src/main.d" -MT"Core/Src/main.o" --specs=nano.specs -mfpu=fpv4-sp-d16 -mfloat-abi=hard -mthumb -o "Core/Src/main.o"
In file included from ../Core/Src/SerwoSimple.c:9:
../Core/Inc/SerwoSimple.h:24:15: error: unknown type name 'uint16_t'
   24 | void SetAngle(uint16_t Angle, uint8_t Mode);
      |               ^~~~~~~~
../Core/Inc/SerwoSimple.h:12:1: note: 'uint16_t' is defined in header '<stdint.h>'; did you forget to '#include <stdint.h>'?
   11 | #include "stdio.h"
  +++ |+#include <stdint.h>
   12 | 
../Core/Inc/SerwoSimple.h:24:31: error: unknown type name 'uint8_t'
   24 | void SetAngle(uint16_t Angle, uint8_t Mode);
      |                               ^~~~~~~
../Core/Inc/SerwoSimple.h:24:31: note: 'uint8_t' is defined in header '<stdint.h>'; did you forget to '#include <stdint.h>'?
In file included from ../Core/Inc/stm32g4xx_hal_conf.h:344,
                 from ../Drivers/STM32G4xx_HAL_Driver/Inc/stm32g4xx_hal.h:29,
                 from ../Core/Inc/main.h:30,
                 from ../Core/Inc/tim.h:29,
                 from ../Core/Src/SerwoSimple.c:10:
../Core/Src/SerwoSimple.c: In function 'SetAngle':
../Core/Src/SerwoSimple.c:34:31: error: 'Timer' undeclared (first use in this function)
   34 |         __HAL_TIM_SET_COMPARE(Timer, TimerChannel,Tmp);
      |                               ^~~~~
../Drivers/STM32G4xx_HAL_Driver/Inc/stm32g4xx_hal_tim.h:1672:41: note: in definition of macro '__HAL_TIM_SET_COMPARE'
 1672 |   (((__CHANNEL__) == TIM_CHANNEL_1) ? ((__HANDLE__)->Instance->CCR1 = (__COMPARE__)) :\
      |                                         ^~~~~~~~~~
../Core/Src/SerwoSimple.c:34:31: note: each undeclared identifier is reported only once for each function it appears in
   34 |         __HAL_TIM_SET_COMPARE(Timer, TimerChannel,Tmp);
      |                               ^~~~~
../Drivers/STM32G4xx_HAL_Driver/Inc/stm32g4xx_hal_tim.h:1672:41: note: in definition of macro '__HAL_TIM_SET_COMPARE'
 1672 |   (((__CHANNEL__) == TIM_CHANNEL_1) ? ((__HANDLE__)->Instance->CCR1 = (__COMPARE__)) :\
      |                                         ^~~~~~~~~~
make: *** [Core/Src/subdir.mk:46: Core/Src/SerwoSimple.o] Error 1
make: *** Waiting for unfinished jobs....
"make -j12 all" terminated with exit code 2. Build might be incomplete.
21:12:41 **** Incremental Build of configuration Debug for project Serwomotor_V1 ****
make -j12 all 
arm-none-eabi-gcc "../Core/Src/SerwoSimple.c" -mcpu=cortex-m4 -std=gnu11 -g3 -DDEBUG -DUSE_HAL_DRIVER -DSTM32G474xx -c -I../Core/Inc -I../Drivers/STM32G4xx_HAL_Driver/Inc -I../Drivers/STM32G4xx_HAL_Driver/Inc/Legacy -I../Drivers/CMSIS/Device/ST/STM32G4xx/Include -I../Drivers/CMSIS/Include -O0 -ffunction-sections -fdata-sections -Wall -fstack-usage -fcyclomatic-complexity -MMD -MP -MF"Core/Src/SerwoSimple.d" -MT"Core/Src/SerwoSimple.o" --specs=nano.specs -mfpu=fpv4-sp-d16 -mfloat-abi=hard -mthumb -o "Core/Src/SerwoSimple.o"
In file included from ../Core/Inc/stm32g4xx_hal_conf.h:344,
                 from ../Drivers/STM32G4xx_HAL_Driver/Inc/stm32g4xx_hal.h:29,
                 from ../Core/Inc/main.h:30,
                 from ../Core/Inc/tim.h:29,
                 from ../Core/Src/SerwoSimple.c:10:
../Core/Src/SerwoSimple.c: In function 'SetAngle':
../Core/Src/SerwoSimple.c:34:31: error: 'Timer' undeclared (first use in this function)
   34 |         __HAL_TIM_SET_COMPARE(Timer, TimerChannel,Tmp);
      |                               ^~~~~
../Drivers/STM32G4xx_HAL_Driver/Inc/stm32g4xx_hal_tim.h:1672:41: note: in definition of macro '__HAL_TIM_SET_COMPARE'
 1672 |   (((__CHANNEL__) == TIM_CHANNEL_1) ? ((__HANDLE__)->Instance->CCR1 = (__COMPARE__)) :\
      |                                         ^~~~~~~~~~
../Core/Src/SerwoSimple.c:34:31: note: each undeclared identifier is reported only once for each function it appears in
   34 |         __HAL_TIM_SET_COMPARE(Timer, TimerChannel,Tmp);
      |                               ^~~~~
../Drivers/STM32G4xx_HAL_Driver/Inc/stm32g4xx_hal_tim.h:1672:41: note: in definition of macro '__HAL_TIM_SET_COMPARE'
 1672 |   (((__CHANNEL__) == TIM_CHANNEL_1) ? ((__HANDLE__)->Instance->CCR1 = (__COMPARE__)) :\
      |                                         ^~~~~~~~~~
make: *** [Core/Src/subdir.mk:46: Core/Src/SerwoSimple.o] Error 1
"make -j12 all" terminated with exit code 2. Build might be incomplete.
21:12:59 **** Incremental Build of configuration Debug for project Serwomotor_V1 ****
make -j12 all 
arm-none-eabi-gcc "../Core/Src/SerwoSimple.c" -mcpu=cortex-m4 -std=gnu11 -g3 -DDEBUG -DUSE_HAL_DRIVER -DSTM32G474xx -c -I../Core/Inc -I../Drivers/STM32G4xx_HAL_Driver/Inc -I../Drivers/STM32G4xx_HAL_Driver/Inc/Legacy -I../Drivers/CMSIS/Device/ST/STM32G4xx/Include -I../Drivers/CMSIS/Include -O0 -ffunction-sections -fdata-sections -Wall -fstack-usage -fcyclomatic-complexity -MMD -MP -MF"Core/Src/SerwoSimple.d" -MT"Core/Src/SerwoSimple.o" --specs=nano.specs -mfpu=fpv4-sp-d16 -mfloat-abi=hard -mthumb -o "Core/Src/SerwoSimple.o"
In file included from ../Core/Inc/stm32g4xx_hal_conf.h:344,
                 from ../Drivers/STM32G4xx_HAL_Driver/Inc/stm32g4xx_hal.h:29,
                 from ../Core/Inc/main.h:30,
                 from ../Core/Inc/tim.h:29,
                 from ../Core/Src/SerwoSimple.c:10:
../Core/Src/SerwoSimple.c: In function 'SetAngle':
../Core/Inc/SerwoSimple.h:15:23: error: 'htim16' undeclared (first use in this function); did you mean 'htim15'?
   15 | #define TimerHandler &htim16
      |                       ^~~~~~
../Drivers/STM32G4xx_HAL_Driver/Inc/stm32g4xx_hal_tim.h:1672:41: note: in definition of macro '__HAL_TIM_SET_COMPARE'
 1672 |   (((__CHANNEL__) == TIM_CHANNEL_1) ? ((__HANDLE__)->Instance->CCR1 = (__COMPARE__)) :\
      |                                         ^~~~~~~~~~
../Core/Src/SerwoSimple.c:34:31: note: in expansion of macro 'TimerHandler'
   34 |         __HAL_TIM_SET_COMPARE(TimerHandler, TimerChannel,Tmp);
      |                               ^~~~~~~~~~~~
../Core/Inc/SerwoSimple.h:15:23: note: each undeclared identifier is reported only once for each function it appears in
   15 | #define TimerHandler &htim16
      |                       ^~~~~~
../Drivers/STM32G4xx_HAL_Driver/Inc/stm32g4xx_hal_tim.h:1672:41: note: in definition of macro '__HAL_TIM_SET_COMPARE'
 1672 |   (((__CHANNEL__) == TIM_CHANNEL_1) ? ((__HANDLE__)->Instance->CCR1 = (__COMPARE__)) :\
      |                                         ^~~~~~~~~~
../Core/Src/SerwoSimple.c:34:31: note: in expansion of macro 'TimerHandler'
   34 |         __HAL_TIM_SET_COMPARE(TimerHandler, TimerChannel,Tmp);
      |                               ^~~~~~~~~~~~
make: *** [Core/Src/subdir.mk:46: Core/Src/SerwoSimple.o] Error 1
"make -j12 all" terminated with exit code 2. Build might be incomplete.
21:13:19 **** Incremental Build of configuration Debug for project Serwomotor_V1 ****
make -j12 all 
arm-none-eabi-gcc "../Core/Src/SerwoSimple.c" -mcpu=cortex-m4 -std=gnu11 -g3 -DDEBUG -DUSE_HAL_DRIVER -DSTM32G474xx -c -I../Core/Inc -I../Drivers/STM32G4xx_HAL_Driver/Inc -I../Drivers/STM32G4xx_HAL_Driver/Inc/Legacy -I../Drivers/CMSIS/Device/ST/STM32G4xx/Include -I../Drivers/CMSIS/Include -O0 -ffunction-sections -fdata-sections -Wall -fstack-usage -fcyclomatic-complexity -MMD -MP -MF"Core/Src/SerwoSimple.d" -MT"Core/Src/SerwoSimple.o" --specs=nano.specs -mfpu=fpv4-sp-d16 -mfloat-abi=hard -mthumb -o "Core/Src/SerwoSimple.o"
In file included from ../Core/Inc/stm32g4xx_hal_conf.h:344,
                 from ../Drivers/STM32G4xx_HAL_Driver/Inc/stm32g4xx_hal.h:29,
                 from ../Core/Inc/main.h:30,
                 from ../Core/Inc/tim.h:29,
                 from ../Core/Src/SerwoSimple.c:10:
../Core/Src/SerwoSimple.c: In function 'SetAngle':
../Core/Inc/SerwoSimple.h:15:22: error: 'htim16' undeclared (first use in this function); did you mean 'htim15'?
   15 | #define TimerHandler htim16
      |                      ^~~~~~
../Drivers/STM32G4xx_HAL_Driver/Inc/stm32g4xx_hal_tim.h:1672:41: note: in definition of macro '__HAL_TIM_SET_COMPARE'
 1672 |   (((__CHANNEL__) == TIM_CHANNEL_1) ? ((__HANDLE__)->Instance->CCR1 = (__COMPARE__)) :\
      |                                         ^~~~~~~~~~
../Core/Src/SerwoSimple.c:34:32: note: in expansion of macro 'TimerHandler'
   34 |         __HAL_TIM_SET_COMPARE(&TimerHandler, TimerChannel,Tmp);
      |                                ^~~~~~~~~~~~
../Core/Inc/SerwoSimple.h:15:22: note: each undeclared identifier is reported only once for each function it appears in
   15 | #define TimerHandler htim16
      |                      ^~~~~~
../Drivers/STM32G4xx_HAL_Driver/Inc/stm32g4xx_hal_tim.h:1672:41: note: in definition of macro '__HAL_TIM_SET_COMPARE'
 1672 |   (((__CHANNEL__) == TIM_CHANNEL_1) ? ((__HANDLE__)->Instance->CCR1 = (__COMPARE__)) :\
      |                                         ^~~~~~~~~~
../Core/Src/SerwoSimple.c:34:32: note: in expansion of macro 'TimerHandler'
   34 |         __HAL_TIM_SET_COMPARE(&TimerHandler, TimerChannel,Tmp);
      |                                ^~~~~~~~~~~~
make: *** [Core/Src/subdir.mk:46: Core/Src/SerwoSimple.o] Error 1
"make -j12 all" terminated with exit code 2. Build might be incomplete.
21:13:58 **** Incremental Build of configuration Debug for project Serwomotor_V1 ****
make -j12 all 
arm-none-eabi-gcc "../Core/Src/SerwoSimple.c" -mcpu=cortex-m4 -std=gnu11 -g3 -DDEBUG -DUSE_HAL_DRIVER -DSTM32G474xx -c -I../Core/Inc -I../Drivers/STM32G4xx_HAL_Driver/Inc -I../Drivers/STM32G4xx_HAL_Driver/Inc/Legacy -I../Drivers/CMSIS/Device/ST/STM32G4xx/Include -I../Drivers/CMSIS/Include -O0 -ffunction-sections -fdata-sections -Wall -fstack-usage -fcyclomatic-complexity -MMD -MP -MF"Core/Src/SerwoSimple.d" -MT"Core/Src/SerwoSimple.o" --specs=nano.specs -mfpu=fpv4-sp-d16 -mfloat-abi=hard -mthumb -o "Core/Src/SerwoSimple.o"
In file included from ../Core/Inc/stm32g4xx_hal_conf.h:344,
                 from ../Drivers/STM32G4xx_HAL_Driver/Inc/stm32g4xx_hal.h:29,
                 from ../Core/Inc/main.h:30,
                 from ../Core/Inc/tim.h:29,
                 from ../Core/Src/SerwoSimple.c:10:
../Core/Src/SerwoSimple.c: In function 'SetAngle':
../Core/Src/SerwoSimple.c:34:32: error: 'TimerHandler' undeclared (first use in this function); did you mean 'TimerHandlerr'?
   34 |         __HAL_TIM_SET_COMPARE(&TimerHandler, TimerChannel,Tmp);
      |                                ^~~~~~~~~~~~
../Drivers/STM32G4xx_HAL_Driver/Inc/stm32g4xx_hal_tim.h:1672:41: note: in definition of macro '__HAL_TIM_SET_COMPARE'
 1672 |   (((__CHANNEL__) == TIM_CHANNEL_1) ? ((__HANDLE__)->Instance->CCR1 = (__COMPARE__)) :\
      |                                         ^~~~~~~~~~
../Core/Src/SerwoSimple.c:34:32: note: each undeclared identifier is reported only once for each function it appears in
   34 |         __HAL_TIM_SET_COMPARE(&TimerHandler, TimerChannel,Tmp);
      |                                ^~~~~~~~~~~~
../Drivers/STM32G4xx_HAL_Driver/Inc/stm32g4xx_hal_tim.h:1672:41: note: in definition of macro '__HAL_TIM_SET_COMPARE'
 1672 |   (((__CHANNEL__) == TIM_CHANNEL_1) ? ((__HANDLE__)->Instance->CCR1 = (__COMPARE__)) :\
      |                                         ^~~~~~~~~~
make: *** [Core/Src/subdir.mk:46: Core/Src/SerwoSimple.o] Error 1
"make -j12 all" terminated with exit code 2. Build might be incomplete.
21:14:30 **** Incremental Build of configuration Debug for project Serwomotor_V1 ****
make -j12 all 
arm-none-eabi-gcc "../Core/Src/SerwoSimple.c" -mcpu=cortex-m4 -std=gnu11 -g3 -DDEBUG -DUSE_HAL_DRIVER -DSTM32G474xx -c -I../Core/Inc -I../Drivers/STM32G4xx_HAL_Driver/Inc -I../Drivers/STM32G4xx_HAL_Driver/Inc/Legacy -I../Drivers/CMSIS/Device/ST/STM32G4xx/Include -I../Drivers/CMSIS/Include -O0 -ffunction-sections -fdata-sections -Wall -fstack-usage -fcyclomatic-complexity -MMD -MP -MF"Core/Src/SerwoSimple.d" -MT"Core/Src/SerwoSimple.o" --specs=nano.specs -mfpu=fpv4-sp-d16 -mfloat-abi=hard -mthumb -o "Core/Src/SerwoSimple.o"
In file included from ../Core/Inc/stm32g4xx_hal_conf.h:344,
                 from ../Drivers/STM32G4xx_HAL_Driver/Inc/stm32g4xx_hal.h:29,
                 from ../Core/Inc/main.h:30,
                 from ../Core/Inc/tim.h:29,
                 from ../Core/Src/SerwoSimple.c:10:
../Core/Src/SerwoSimple.c: In function 'SetAngle':
../Core/Inc/SerwoSimple.h:15:20: error: 'htim16' undeclared (first use in this function); did you mean 'htim15'?
   15 | #define WhichTimer htim16
      |                    ^~~~~~
../Drivers/STM32G4xx_HAL_Driver/Inc/stm32g4xx_hal_tim.h:1672:41: note: in definition of macro '__HAL_TIM_SET_COMPARE'
 1672 |   (((__CHANNEL__) == TIM_CHANNEL_1) ? ((__HANDLE__)->Instance->CCR1 = (__COMPARE__)) :\
      |                                         ^~~~~~~~~~
../Core/Src/SerwoSimple.c:34:32: note: in expansion of macro 'WhichTimer'
   34 |         __HAL_TIM_SET_COMPARE(&WhichTimer, TimerChannel,Tmp);
      |                                ^~~~~~~~~~
../Core/Inc/SerwoSimple.h:15:20: note: each undeclared identifier is reported only once for each function it appears in
   15 | #define WhichTimer htim16
      |                    ^~~~~~
../Drivers/STM32G4xx_HAL_Driver/Inc/stm32g4xx_hal_tim.h:1672:41: note: in definition of macro '__HAL_TIM_SET_COMPARE'
 1672 |   (((__CHANNEL__) == TIM_CHANNEL_1) ? ((__HANDLE__)->Instance->CCR1 = (__COMPARE__)) :\
      |                                         ^~~~~~~~~~
../Core/Src/SerwoSimple.c:34:32: note: in expansion of macro 'WhichTimer'
   34 |         __HAL_TIM_SET_COMPARE(&WhichTimer, TimerChannel,Tmp);
      |                                ^~~~~~~~~~
make: *** [Core/Src/subdir.mk:46: Core/Src/SerwoSimple.o] Error 1
"make -j12 all" terminated with exit code 2. Build might be incomplete.
21:15:05 **** Incremental Build of configuration Debug for project Serwomotor_V1 ****
make -j12 all 
arm-none-eabi-gcc "../Core/Src/SerwoSimple.c" -mcpu=cortex-m4 -std=gnu11 -g3 -DDEBUG -DUSE_HAL_DRIVER -DSTM32G474xx -c -I../Core/Inc -I../Drivers/STM32G4xx_HAL_Driver/Inc -I../Drivers/STM32G4xx_HAL_Driver/Inc/Legacy -I../Drivers/CMSIS/Device/ST/STM32G4xx/Include -I../Drivers/CMSIS/Include -O0 -ffunction-sections -fdata-sections -Wall -fstack-usage -fcyclomatic-complexity -MMD -MP -MF"Core/Src/SerwoSimple.d" -MT"Core/Src/SerwoSimple.o" --specs=nano.specs -mfpu=fpv4-sp-d16 -mfloat-abi=hard -mthumb -o "Core/Src/SerwoSimple.o"
arm-none-eabi-gcc -o "Serwomotor_V1.elf" @"objects.list"   -mcpu=cortex-m4 -T"D:\GithubRepo\Inzynierka_pliki\Serwomotor_V1\STM32G474RETX_FLASH.ld" --specs=nosys.specs -Wl,-Map="Serwomotor_V1.map" -Wl,--gc-sections -static --specs=nano.specs -mfpu=fpv4-sp-d16 -mfloat-abi=hard -mthumb -Wl,--start-group -lc -lm -Wl,--end-group
Finished building target: Serwomotor_V1.elf
 
arm-none-eabi-size  Serwomotor_V1.elf 
arm-none-eabi-objdump -h -S Serwomotor_V1.elf  > "Serwomotor_V1.list"
   text	   data	    bss	    dec	    hex	filename
  17364	     12	   1796	  19172	   4ae4	Serwomotor_V1.elf
Finished building: default.size.stdout
 
Finished building: Serwomotor_V1.list
 
21:15:17 **** Incremental Build of configuration Debug for project Serwomotor_V1 ****
make -j12 all 
arm-none-eabi-gcc "../Core/Src/SerwoSimple.c" -mcpu=cortex-m4 -std=gnu11 -g3 -DDEBUG -DUSE_HAL_DRIVER -DSTM32G474xx -c -I../Core/Inc -I../Drivers/STM32G4xx_HAL_Driver/Inc -I../Drivers/STM32G4xx_HAL_Driver/Inc/Legacy -I../Drivers/CMSIS/Device/ST/STM32G4xx/Include -I../Drivers/CMSIS/Include -O0 -ffunction-sections -fdata-sections -Wall -fstack-usage -fcyclomatic-complexity -MMD -MP -MF"Core/Src/SerwoSimple.d" -MT"Core/Src/SerwoSimple.o" --specs=nano.specs -mfpu=fpv4-sp-d16 -mfloat-abi=hard -mthumb -o "Core/Src/SerwoSimple.o"
In file included from ../Core/Inc/stm32g4xx_hal_conf.h:344,
                 from ../Drivers/STM32G4xx_HAL_Driver/Inc/stm32g4xx_hal.h:29,
                 from ../Core/Inc/main.h:30,
                 from ../Core/Inc/tim.h:29,
                 from ../Core/Src/SerwoSimple.c:10:
../Core/Src/SerwoSimple.c: In function 'SetAngle':
../Core/Src/SerwoSimple.c:34:31: error: lvalue required as unary '&' operand
   34 |         __HAL_TIM_SET_COMPARE(&WhichTimer, TimerChannel,Tmp);
      |                               ^
../Drivers/STM32G4xx_HAL_Driver/Inc/stm32g4xx_hal_tim.h:1672:41: note: in definition of macro '__HAL_TIM_SET_COMPARE'
 1672 |   (((__CHANNEL__) == TIM_CHANNEL_1) ? ((__HANDLE__)->Instance->CCR1 = (__COMPARE__)) :\
      |                                         ^~~~~~~~~~
../Core/Src/SerwoSimple.c:34:31: error: lvalue required as unary '&' operand
   34 |         __HAL_TIM_SET_COMPARE(&WhichTimer, TimerChannel,Tmp);
      |                               ^
../Drivers/STM32G4xx_HAL_Driver/Inc/stm32g4xx_hal_tim.h:1673:41: note: in definition of macro '__HAL_TIM_SET_COMPARE'
 1673 |    ((__CHANNEL__) == TIM_CHANNEL_2) ? ((__HANDLE__)->Instance->CCR2 = (__COMPARE__)) :\
      |                                         ^~~~~~~~~~
../Core/Src/SerwoSimple.c:34:31: error: lvalue required as unary '&' operand
   34 |         __HAL_TIM_SET_COMPARE(&WhichTimer, TimerChannel,Tmp);
      |                               ^
../Drivers/STM32G4xx_HAL_Driver/Inc/stm32g4xx_hal_tim.h:1674:41: note: in definition of macro '__HAL_TIM_SET_COMPARE'
 1674 |    ((__CHANNEL__) == TIM_CHANNEL_3) ? ((__HANDLE__)->Instance->CCR3 = (__COMPARE__)) :\
      |                                         ^~~~~~~~~~
../Core/Src/SerwoSimple.c:34:31: error: lvalue required as unary '&' operand
   34 |         __HAL_TIM_SET_COMPARE(&WhichTimer, TimerChannel,Tmp);
      |                               ^
../Drivers/STM32G4xx_HAL_Driver/Inc/stm32g4xx_hal_tim.h:1675:41: note: in definition of macro '__HAL_TIM_SET_COMPARE'
 1675 |    ((__CHANNEL__) == TIM_CHANNEL_4) ? ((__HANDLE__)->Instance->CCR4 = (__COMPARE__)) :\
      |                                         ^~~~~~~~~~
../Core/Src/SerwoSimple.c:34:31: error: lvalue required as unary '&' operand
   34 |         __HAL_TIM_SET_COMPARE(&WhichTimer, TimerChannel,Tmp);
      |                               ^
../Drivers/STM32G4xx_HAL_Driver/Inc/stm32g4xx_hal_tim.h:1676:41: note: in definition of macro '__HAL_TIM_SET_COMPARE'
 1676 |    ((__CHANNEL__) == TIM_CHANNEL_5) ? ((__HANDLE__)->Instance->CCR5 = (__COMPARE__)) :\
      |                                         ^~~~~~~~~~
../Core/Src/SerwoSimple.c:34:31: error: lvalue required as unary '&' operand
   34 |         __HAL_TIM_SET_COMPARE(&WhichTimer, TimerChannel,Tmp);
      |                               ^
../Drivers/STM32G4xx_HAL_Driver/Inc/stm32g4xx_hal_tim.h:1677:6: note: in definition of macro '__HAL_TIM_SET_COMPARE'
 1677 |    ((__HANDLE__)->Instance->CCR6 = (__COMPARE__)))
      |      ^~~~~~~~~~
make: *** [Core/Src/subdir.mk:46: Core/Src/SerwoSimple.o] Error 1
"make -j12 all" terminated with exit code 2. Build might be incomplete.
21:15:21 **** Incremental Build of configuration Debug for project Serwomotor_V1 ****
make -j12 all 
arm-none-eabi-gcc "../Core/Src/SerwoSimple.c" -mcpu=cortex-m4 -std=gnu11 -g3 -DDEBUG -DUSE_HAL_DRIVER -DSTM32G474xx -c -I../Core/Inc -I../Drivers/STM32G4xx_HAL_Driver/Inc -I../Drivers/STM32G4xx_HAL_Driver/Inc/Legacy -I../Drivers/CMSIS/Device/ST/STM32G4xx/Include -I../Drivers/CMSIS/Include -O0 -ffunction-sections -fdata-sections -Wall -fstack-usage -fcyclomatic-complexity -MMD -MP -MF"Core/Src/SerwoSimple.d" -MT"Core/Src/SerwoSimple.o" --specs=nano.specs -mfpu=fpv4-sp-d16 -mfloat-abi=hard -mthumb -o "Core/Src/SerwoSimple.o"
arm-none-eabi-gcc -o "Serwomotor_V1.elf" @"objects.list"   -mcpu=cortex-m4 -T"D:\GithubRepo\Inzynierka_pliki\Serwomotor_V1\STM32G474RETX_FLASH.ld" --specs=nosys.specs -Wl,-Map="Serwomotor_V1.map" -Wl,--gc-sections -static --specs=nano.specs -mfpu=fpv4-sp-d16 -mfloat-abi=hard -mthumb -Wl,--start-group -lc -lm -Wl,--end-group
Finished building target: Serwomotor_V1.elf
 
arm-none-eabi-size  Serwomotor_V1.elf 
arm-none-eabi-objdump -h -S Serwomotor_V1.elf  > "Serwomotor_V1.list"
   text	   data	    bss	    dec	    hex	filename
  17364	     12	   1796	  19172	   4ae4	Serwomotor_V1.elf
Finished building: default.size.stdout
 
Finished building: Serwomotor_V1.list
 
21:16:07 **** Incremental Build of configuration Debug for project Serwomotor_V1 ****
make -j12 all 
arm-none-eabi-gcc "../Core/Src/main.c" -mcpu=cortex-m4 -std=gnu11 -g3 -DDEBUG -DUSE_HAL_DRIVER -DSTM32G474xx -c -I../Core/Inc -I../Drivers/STM32G4xx_HAL_Driver/Inc -I../Drivers/STM32G4xx_HAL_Driver/Inc/Legacy -I../Drivers/CMSIS/Device/ST/STM32G4xx/Include -I../Drivers/CMSIS/Include -O0 -ffunction-sections -fdata-sections -Wall -fstack-usage -fcyclomatic-complexity -MMD -MP -MF"Core/Src/main.d" -MT"Core/Src/main.o" --specs=nano.specs -mfpu=fpv4-sp-d16 -mfloat-abi=hard -mthumb -o "Core/Src/main.o"
arm-none-eabi-gcc -o "Serwomotor_V1.elf" @"objects.list"   -mcpu=cortex-m4 -T"D:\GithubRepo\Inzynierka_pliki\Serwomotor_V1\STM32G474RETX_FLASH.ld" --specs=nosys.specs -Wl,-Map="Serwomotor_V1.map" -Wl,--gc-sections -static --specs=nano.specs -mfpu=fpv4-sp-d16 -mfloat-abi=hard -mthumb -Wl,--start-group -lc -lm -Wl,--end-group
Finished building target: Serwomotor_V1.elf
 
arm-none-eabi-size  Serwomotor_V1.elf 
arm-none-eabi-objdump -h -S Serwomotor_V1.elf  > "Serwomotor_V1.list"
   text	   data	    bss	    dec	    hex	filename
  17364	     12	   1796	  19172	   4ae4	Serwomotor_V1.elf
Finished building: default.size.stdout
 
Finished building: Serwomotor_V1.list
 
21:22:12 **** Incremental Build of configuration Debug for project Serwomotor_V1 ****
make -j12 all 
arm-none-eabi-gcc "../Core/Src/main.c" -mcpu=cortex-m4 -std=gnu11 -g3 -DDEBUG -DUSE_HAL_DRIVER -DSTM32G474xx -c -I../Core/Inc -I../Drivers/STM32G4xx_HAL_Driver/Inc -I../Drivers/STM32G4xx_HAL_Driver/Inc/Legacy -I../Drivers/CMSIS/Device/ST/STM32G4xx/Include -I../Drivers/CMSIS/Include -O0 -ffunction-sections -fdata-sections -Wall -fstack-usage -fcyclomatic-complexity -MMD -MP -MF"Core/Src/main.d" -MT"Core/Src/main.o" --specs=nano.specs -mfpu=fpv4-sp-d16 -mfloat-abi=hard -mthumb -o "Core/Src/main.o"
../Core/Src/main.c: In function 'main':
../Core/Src/main.c:108:9: warning: implicit declaration of function 'Hal_delay'; did you mean 'HAL_Delay'? [-Wimplicit-function-declaration]
  108 |         Hal_delay(2000);
      |         ^~~~~~~~~
      |         HAL_Delay
../Core/Src/main.c:109:9: warning: implicit declaration of function 'SerAngle'; did you mean 'SetAngle'? [-Wimplicit-function-declaration]
  109 |         SerAngle(900, 1);
      |         ^~~~~~~~
      |         SetAngle
arm-none-eabi-gcc -o "Serwomotor_V1.elf" @"objects.list"   -mcpu=cortex-m4 -T"D:\GithubRepo\Inzynierka_pliki\Serwomotor_V1\STM32G474RETX_FLASH.ld" --specs=nosys.specs -Wl,-Map="Serwomotor_V1.map" -Wl,--gc-sections -static --specs=nano.specs -mfpu=fpv4-sp-d16 -mfloat-abi=hard -mthumb -Wl,--start-group -lc -lm -Wl,--end-group
D:\Programy Potrzebne\STM32CubeIDE_Folder\STM32CubeIDE_1.19.0\STM32CubeIDE\plugins\com.st.stm32cube.ide.mcu.externaltools.gnu-tools-for-stm32.13.3.rel1.win32_1.0.0.202411081344\tools\arm-none-eabi\bin\ld.exe: ./Core/Src/main.o: in function `main':
D:/GithubRepo/Inzynierka_pliki/Serwomotor_V1/Debug/../Core/Src/main.c:108:(.text.main+0x2c): undefined reference to `Hal_delay'
D:\Programy Potrzebne\STM32CubeIDE_Folder\STM32CubeIDE_1.19.0\STM32CubeIDE\plugins\com.st.stm32cube.ide.mcu.externaltools.gnu-tools-for-stm32.13.3.rel1.win32_1.0.0.202411081344\tools\arm-none-eabi\bin\ld.exe: D:/GithubRepo/Inzynierka_pliki/Serwomotor_V1/Debug/../Core/Src/main.c:109:(.text.main+0x36): undefined reference to `SerAngle'
D:\Programy Potrzebne\STM32CubeIDE_Folder\STM32CubeIDE_1.19.0\STM32CubeIDE\plugins\com.st.stm32cube.ide.mcu.externaltools.gnu-tools-for-stm32.13.3.rel1.win32_1.0.0.202411081344\tools\arm-none-eabi\bin\ld.exe: D:/GithubRepo/Inzynierka_pliki/Serwomotor_V1/Debug/../Core/Src/main.c:110:(.text.main+0x3e): undefined reference to `Hal_delay'
D:\Programy Potrzebne\STM32CubeIDE_Folder\STM32CubeIDE_1.19.0\STM32CubeIDE\plugins\com.st.stm32cube.ide.mcu.externaltools.gnu-tools-for-stm32.13.3.rel1.win32_1.0.0.202411081344\tools\arm-none-eabi\bin\ld.exe: D:/GithubRepo/Inzynierka_pliki/Serwomotor_V1/Debug/../Core/Src/main.c:112:(.text.main+0x48): undefined reference to `SerAngle'
collect2.exe: error: ld returned 1 exit status
make: *** [makefile:64: Serwomotor_V1.elf] Error 1
"make -j12 all" terminated with exit code 2. Build might be incomplete.
21:22:35 **** Incremental Build of configuration Debug for project Serwomotor_V1 ****
make -j12 all 
arm-none-eabi-gcc "../Core/Src/main.c" -mcpu=cortex-m4 -std=gnu11 -g3 -DDEBUG -DUSE_HAL_DRIVER -DSTM32G474xx -c -I../Core/Inc -I../Drivers/STM32G4xx_HAL_Driver/Inc -I../Drivers/STM32G4xx_HAL_Driver/Inc/Legacy -I../Drivers/CMSIS/Device/ST/STM32G4xx/Include -I../Drivers/CMSIS/Include -O0 -ffunction-sections -fdata-sections -Wall -fstack-usage -fcyclomatic-complexity -MMD -MP -MF"Core/Src/main.d" -MT"Core/Src/main.o" --specs=nano.specs -mfpu=fpv4-sp-d16 -mfloat-abi=hard -mthumb -o "Core/Src/main.o"
../Core/Src/main.c: In function 'main':
../Core/Src/main.c:109:9: warning: implicit declaration of function 'SerAngle'; did you mean 'SetAngle'? [-Wimplicit-function-declaration]
  109 |         SerAngle(900, 1);
      |         ^~~~~~~~
      |         SetAngle
arm-none-eabi-gcc -o "Serwomotor_V1.elf" @"objects.list"   -mcpu=cortex-m4 -T"D:\GithubRepo\Inzynierka_pliki\Serwomotor_V1\STM32G474RETX_FLASH.ld" --specs=nosys.specs -Wl,-Map="Serwomotor_V1.map" -Wl,--gc-sections -static --specs=nano.specs -mfpu=fpv4-sp-d16 -mfloat-abi=hard -mthumb -Wl,--start-group -lc -lm -Wl,--end-group
D:\Programy Potrzebne\STM32CubeIDE_Folder\STM32CubeIDE_1.19.0\STM32CubeIDE\plugins\com.st.stm32cube.ide.mcu.externaltools.gnu-tools-for-stm32.13.3.rel1.win32_1.0.0.202411081344\tools\arm-none-eabi\bin\ld.exe: ./Core/Src/main.o: in function `main':
D:/GithubRepo/Inzynierka_pliki/Serwomotor_V1/Debug/../Core/Src/main.c:109:(.text.main+0x36): undefined reference to `SerAngle'
D:\Programy Potrzebne\STM32CubeIDE_Folder\STM32CubeIDE_1.19.0\STM32CubeIDE\plugins\com.st.stm32cube.ide.mcu.externaltools.gnu-tools-for-stm32.13.3.rel1.win32_1.0.0.202411081344\tools\arm-none-eabi\bin\ld.exe: D:/GithubRepo/Inzynierka_pliki/Serwomotor_V1/Debug/../Core/Src/main.c:112:(.text.main+0x48): undefined reference to `SerAngle'
collect2.exe: error: ld returned 1 exit status
make: *** [makefile:64: Serwomotor_V1.elf] Error 1
"make -j12 all" terminated with exit code 2. Build might be incomplete.
21:22:45 **** Incremental Build of configuration Debug for project Serwomotor_V1 ****
make -j12 all 
arm-none-eabi-gcc "../Core/Src/main.c" -mcpu=cortex-m4 -std=gnu11 -g3 -DDEBUG -DUSE_HAL_DRIVER -DSTM32G474xx -c -I../Core/Inc -I../Drivers/STM32G4xx_HAL_Driver/Inc -I../Drivers/STM32G4xx_HAL_Driver/Inc/Legacy -I../Drivers/CMSIS/Device/ST/STM32G4xx/Include -I../Drivers/CMSIS/Include -O0 -ffunction-sections -fdata-sections -Wall -fstack-usage -fcyclomatic-complexity -MMD -MP -MF"Core/Src/main.d" -MT"Core/Src/main.o" --specs=nano.specs -mfpu=fpv4-sp-d16 -mfloat-abi=hard -mthumb -o "Core/Src/main.o"
../Core/Src/main.c: In function 'main':
../Core/Src/main.c:112:9: warning: implicit declaration of function 'SerAngle'; did you mean 'SetAngle'? [-Wimplicit-function-declaration]
  112 |         SerAngle(900, 1);
      |         ^~~~~~~~
      |         SetAngle
arm-none-eabi-gcc -o "Serwomotor_V1.elf" @"objects.list"   -mcpu=cortex-m4 -T"D:\GithubRepo\Inzynierka_pliki\Serwomotor_V1\STM32G474RETX_FLASH.ld" --specs=nosys.specs -Wl,-Map="Serwomotor_V1.map" -Wl,--gc-sections -static --specs=nano.specs -mfpu=fpv4-sp-d16 -mfloat-abi=hard -mthumb -Wl,--start-group -lc -lm -Wl,--end-group
D:\Programy Potrzebne\STM32CubeIDE_Folder\STM32CubeIDE_1.19.0\STM32CubeIDE\plugins\com.st.stm32cube.ide.mcu.externaltools.gnu-tools-for-stm32.13.3.rel1.win32_1.0.0.202411081344\tools\arm-none-eabi\bin\ld.exe: ./Core/Src/main.o: in function `main':
D:/GithubRepo/Inzynierka_pliki/Serwomotor_V1/Debug/../Core/Src/main.c:112:(.text.main+0x48): undefined reference to `SerAngle'
collect2.exe: error: ld returned 1 exit status
make: *** [makefile:64: Serwomotor_V1.elf] Error 1
"make -j12 all" terminated with exit code 2. Build might be incomplete.
21:23:05 **** Incremental Build of configuration Debug for project Serwomotor_V1 ****
make -j12 all 
arm-none-eabi-gcc "../Core/Src/main.c" -mcpu=cortex-m4 -std=gnu11 -g3 -DDEBUG -DUSE_HAL_DRIVER -DSTM32G474xx -c -I../Core/Inc -I../Drivers/STM32G4xx_HAL_Driver/Inc -I../Drivers/STM32G4xx_HAL_Driver/Inc/Legacy -I../Drivers/CMSIS/Device/ST/STM32G4xx/Include -I../Drivers/CMSIS/Include -O0 -ffunction-sections -fdata-sections -Wall -fstack-usage -fcyclomatic-complexity -MMD -MP -MF"Core/Src/main.d" -MT"Core/Src/main.o" --specs=nano.specs -mfpu=fpv4-sp-d16 -mfloat-abi=hard -mthumb -o "Core/Src/main.o"
arm-none-eabi-gcc -o "Serwomotor_V1.elf" @"objects.list"   -mcpu=cortex-m4 -T"D:\GithubRepo\Inzynierka_pliki\Serwomotor_V1\STM32G474RETX_FLASH.ld" --specs=nosys.specs -Wl,-Map="Serwomotor_V1.map" -Wl,--gc-sections -static --specs=nano.specs -mfpu=fpv4-sp-d16 -mfloat-abi=hard -mthumb -Wl,--start-group -lc -lm -Wl,--end-group
Finished building target: Serwomotor_V1.elf
 
arm-none-eabi-size  Serwomotor_V1.elf 
arm-none-eabi-objdump -h -S Serwomotor_V1.elf  > "Serwomotor_V1.list"
   text	   data	    bss	    dec	    hex	filename
  17492	     12	   1796	  19300	   4b64	Serwomotor_V1.elf
Finished building: default.size.stdout
 
Finished building: Serwomotor_V1.list
 
21:23:19 **** Incremental Build of configuration Debug for project Serwomotor_V1 ****
make -j12 all 
arm-none-eabi-gcc "../Core/Src/main.c" -mcpu=cortex-m4 -std=gnu11 -g3 -DDEBUG -DUSE_HAL_DRIVER -DSTM32G474xx -c -I../Core/Inc -I../Drivers/STM32G4xx_HAL_Driver/Inc -I../Drivers/STM32G4xx_HAL_Driver/Inc/Legacy -I../Drivers/CMSIS/Device/ST/STM32G4xx/Include -I../Drivers/CMSIS/Include -O0 -ffunction-sections -fdata-sections -Wall -fstack-usage -fcyclomatic-complexity -MMD -MP -MF"Core/Src/main.d" -MT"Core/Src/main.o" --specs=nano.specs -mfpu=fpv4-sp-d16 -mfloat-abi=hard -mthumb -o "Core/Src/main.o"
arm-none-eabi-gcc -o "Serwomotor_V1.elf" @"objects.list"   -mcpu=cortex-m4 -T"D:\GithubRepo\Inzynierka_pliki\Serwomotor_V1\STM32G474RETX_FLASH.ld" --specs=nosys.specs -Wl,-Map="Serwomotor_V1.map" -Wl,--gc-sections -static --specs=nano.specs -mfpu=fpv4-sp-d16 -mfloat-abi=hard -mthumb -Wl,--start-group -lc -lm -Wl,--end-group
Finished building target: Serwomotor_V1.elf
 
arm-none-eabi-size  Serwomotor_V1.elf 
arm-none-eabi-objdump -h -S Serwomotor_V1.elf  > "Serwomotor_V1.list"
   text	   data	    bss	    dec	    hex	filename
  17500	     12	   1796	  19308	   4b6c	Serwomotor_V1.elf
Finished building: default.size.stdout
 
Finished building: Serwomotor_V1.list
 
21:23:34 **** Incremental Build of configuration Debug for project Serwomotor_V1 ****
make -j12 all 
arm-none-eabi-size  Serwomotor_V1.elf 
   text	   data	    bss	    dec	    hex	filename
  17500	     12	   1796	  19308	   4b6c	Serwomotor_V1.elf
Finished building: default.size.stdout
 
21:24:23 **** Incremental Build of configuration Debug for project Serwomotor_V1 ****
make -j12 all 
arm-none-eabi-gcc "../Core/Src/main.c" -mcpu=cortex-m4 -std=gnu11 -g3 -DDEBUG -DUSE_HAL_DRIVER -DSTM32G474xx -c -I../Core/Inc -I../Drivers/STM32G4xx_HAL_Driver/Inc -I../Drivers/STM32G4xx_HAL_Driver/Inc/Legacy -I../Drivers/CMSIS/Device/ST/STM32G4xx/Include -I../Drivers/CMSIS/Include -O0 -ffunction-sections -fdata-sections -Wall -fstack-usage -fcyclomatic-complexity -MMD -MP -MF"Core/Src/main.d" -MT"Core/Src/main.o" --specs=nano.specs -mfpu=fpv4-sp-d16 -mfloat-abi=hard -mthumb -o "Core/Src/main.o"
arm-none-eabi-gcc -o "Serwomotor_V1.elf" @"objects.list"   -mcpu=cortex-m4 -T"D:\GithubRepo\Inzynierka_pliki\Serwomotor_V1\STM32G474RETX_FLASH.ld" --specs=nosys.specs -Wl,-Map="Serwomotor_V1.map" -Wl,--gc-sections -static --specs=nano.specs -mfpu=fpv4-sp-d16 -mfloat-abi=hard -mthumb -Wl,--start-group -lc -lm -Wl,--end-group
Finished building target: Serwomotor_V1.elf
 
arm-none-eabi-size  Serwomotor_V1.elf 
arm-none-eabi-objdump -h -S Serwomotor_V1.elf  > "Serwomotor_V1.list"
   text	   data	    bss	    dec	    hex	filename
  17500	     12	   1796	  19308	   4b6c	Serwomotor_V1.elf
Finished building: default.size.stdout
 
Finished building: Serwomotor_V1.list
 
21:24:31 **** Incremental Build of configuration Debug for project Serwomotor_V1 ****
make -j12 all 
arm-none-eabi-size  Serwomotor_V1.elf 
   text	   data	    bss	    dec	    hex	filename
  17500	     12	   1796	  19308	   4b6c	Serwomotor_V1.elf
Finished building: default.size.stdout
 
21:27:54 **** Incremental Build of configuration Debug for project Serwomotor_V1 ****
make -j12 all 
arm-none-eabi-gcc "../Core/Src/SerwoSimple.c" -mcpu=cortex-m4 -std=gnu11 -g3 -DDEBUG -DUSE_HAL_DRIVER -DSTM32G474xx -c -I../Core/Inc -I../Drivers/STM32G4xx_HAL_Driver/Inc -I../Drivers/STM32G4xx_HAL_Driver/Inc/Legacy -I../Drivers/CMSIS/Device/ST/STM32G4xx/Include -I../Drivers/CMSIS/Include -O0 -ffunction-sections -fdata-sections -Wall -fstack-usage -fcyclomatic-complexity -MMD -MP -MF"Core/Src/SerwoSimple.d" -MT"Core/Src/SerwoSimple.o" --specs=nano.specs -mfpu=fpv4-sp-d16 -mfloat-abi=hard -mthumb -o "Core/Src/SerwoSimple.o"
arm-none-eabi-gcc -o "Serwomotor_V1.elf" @"objects.list"   -mcpu=cortex-m4 -T"D:\GithubRepo\Inzynierka_pliki\Serwomotor_V1\STM32G474RETX_FLASH.ld" --specs=nosys.specs -Wl,-Map="Serwomotor_V1.map" -Wl,--gc-sections -static --specs=nano.specs -mfpu=fpv4-sp-d16 -mfloat-abi=hard -mthumb -Wl,--start-group -lc -lm -Wl,--end-group
Finished building target: Serwomotor_V1.elf
 
arm-none-eabi-size  Serwomotor_V1.elf 
arm-none-eabi-objdump -h -S Serwomotor_V1.elf  > "Serwomotor_V1.list"
   text	   data	    bss	    dec	    hex	filename
  17512	     12	   1796	  19320	   4b78	Serwomotor_V1.elf
Finished building: default.size.stdout
 
Finished building: Serwomotor_V1.list
 
21:28:06 **** Incremental Build of configuration Debug for project Serwomotor_V1 ****
make -j12 all 
arm-none-eabi-size  Serwomotor_V1.elf 
   text	   data	    bss	    dec	    hex	filename
  17512	     12	   1796	  19320	   4b78	Serwomotor_V1.elf
Finished building: default.size.stdout
 
21:31:06 **** Incremental Build of configuration Debug for project Serwomotor_V1 ****
make -j12 all 
arm-none-eabi-gcc "../Core/Src/main.c" -mcpu=cortex-m4 -std=gnu11 -g3 -DDEBUG -DUSE_HAL_DRIVER -DSTM32G474xx -c -I../Core/Inc -I../Drivers/STM32G4xx_HAL_Driver/Inc -I../Drivers/STM32G4xx_HAL_Driver/Inc/Legacy -I../Drivers/CMSIS/Device/ST/STM32G4xx/Include -I../Drivers/CMSIS/Include -O0 -ffunction-sections -fdata-sections -Wall -fstack-usage -fcyclomatic-complexity -MMD -MP -MF"Core/Src/main.d" -MT"Core/Src/main.o" --specs=nano.specs -mfpu=fpv4-sp-d16 -mfloat-abi=hard -mthumb -o "Core/Src/main.o"
arm-none-eabi-gcc -o "Serwomotor_V1.elf" @"objects.list"   -mcpu=cortex-m4 -T"D:\GithubRepo\Inzynierka_pliki\Serwomotor_V1\STM32G474RETX_FLASH.ld" --specs=nosys.specs -Wl,-Map="Serwomotor_V1.map" -Wl,--gc-sections -static --specs=nano.specs -mfpu=fpv4-sp-d16 -mfloat-abi=hard -mthumb -Wl,--start-group -lc -lm -Wl,--end-group
Finished building target: Serwomotor_V1.elf
 
arm-none-eabi-size  Serwomotor_V1.elf 
arm-none-eabi-objdump -h -S Serwomotor_V1.elf  > "Serwomotor_V1.list"
   text	   data	    bss	    dec	    hex	filename
  17452	     12	   1796	  19260	   4b3c	Serwomotor_V1.elf
Finished building: default.size.stdout
 
Finished building: Serwomotor_V1.list
 
21:31:18 **** Incremental Build of configuration Debug for project Serwomotor_V1 ****
make -j12 all 
arm-none-eabi-size  Serwomotor_V1.elf 
   text	   data	    bss	    dec	    hex	filename
  17452	     12	   1796	  19260	   4b3c	Serwomotor_V1.elf
Finished building: default.size.stdout
 
21:32:01 **** Incremental Build of configuration Debug for project Serwomotor_V1 ****
make -j12 all 
arm-none-eabi-gcc "../Core/Src/main.c" -mcpu=cortex-m4 -std=gnu11 -g3 -DDEBUG -DUSE_HAL_DRIVER -DSTM32G474xx -c -I../Core/Inc -I../Drivers/STM32G4xx_HAL_Driver/Inc -I../Drivers/STM32G4xx_HAL_Driver/Inc/Legacy -I../Drivers/CMSIS/Device/ST/STM32G4xx/Include -I../Drivers/CMSIS/Include -O0 -ffunction-sections -fdata-sections -Wall -fstack-usage -fcyclomatic-complexity -MMD -MP -MF"Core/Src/main.d" -MT"Core/Src/main.o" --specs=nano.specs -mfpu=fpv4-sp-d16 -mfloat-abi=hard -mthumb -o "Core/Src/main.o"
arm-none-eabi-gcc -o "Serwomotor_V1.elf" @"objects.list"   -mcpu=cortex-m4 -T"D:\GithubRepo\Inzynierka_pliki\Serwomotor_V1\STM32G474RETX_FLASH.ld" --specs=nosys.specs -Wl,-Map="Serwomotor_V1.map" -Wl,--gc-sections -static --specs=nano.specs -mfpu=fpv4-sp-d16 -mfloat-abi=hard -mthumb -Wl,--start-group -lc -lm -Wl,--end-group
Finished building target: Serwomotor_V1.elf
 
arm-none-eabi-size  Serwomotor_V1.elf 
arm-none-eabi-objdump -h -S Serwomotor_V1.elf  > "Serwomotor_V1.list"
   text	   data	    bss	    dec	    hex	filename
  17532	     12	   1796	  19340	   4b8c	Serwomotor_V1.elf
Finished building: default.size.stdout
 
Finished building: Serwomotor_V1.list
 
21:32:10 **** Incremental Build of configuration Debug for project Serwomotor_V1 ****
make -j12 all 
arm-none-eabi-size  Serwomotor_V1.elf 
   text	   data	    bss	    dec	    hex	filename
  17532	     12	   1796	  19340	   4b8c	Serwomotor_V1.elf
Finished building: default.size.stdout
 
[...]
../Core/Src/MPU6050.c:178:16: warning: 'Read16' defined but not used [-Wunused-function]
  178 | static int16_t Read16(MPU6050_t *MPU6050, uint8_t Register)
      |                ^~~~~~
arm-none-eabi-gcc -o "MPU6050_Liblary.elf" @"objects.list"   -mcpu=cortex-m4 -T"D:\GithubRepo\Inzynierka_pliki\MPU6050_Liblary\STM32G474RETX_FLASH.ld" --specs=nosys.specs -Wl,-Map="MPU6050_Liblary.map" -Wl,--gc-sections -static --specs=nano.specs -mfpu=fpv4-sp-d16 -mfloat-abi=hard -mthumb -u _printf_float -u _scanf_float -Wl,--start-group -lc -lm -Wl,--end-group
Finished building target: MPU6050_Liblary.elf
 
arm-none-eabi-size  MPU6050_Liblary.elf 
arm-none-eabi-objdump -h -S MPU6050_Liblary.elf  > "MPU6050_Liblary.list"
   text	   data	    bss	    dec	    hex	filename
  45304	    468	   2476	  48248	   bc78	MPU6050_Liblary.elf
Finished building: default.size.stdout
 
Finished building: MPU6050_Liblary.list
 
23:15:02 **** Incremental Build of configuration Debug for project Serwomotor_V1 ****
make -j12 all 
arm-none-eabi-size  Serwomotor_V1.elf 
   text	   data	    bss	    dec	    hex	filename
  49688	    468	   2636	  52792	   ce38	Serwomotor_V1.elf
Finished building: default.size.stdout
 
23:15:02 **** Incremental Build of configuration Debug for project Serwomotor_V2_StepAG ****
make -j12 all 
arm-none-eabi-size  Serwomotor_V2_StepAG.elf 
   text	   data	    bss	    dec	    hex	filename
  49120	    468	   2564	  52152	   cbb8	Serwomotor_V2_StepAG.elf
Finished building: default.size.stdout
 
23:15:03 **** Incremental Build of configuration Debug for project StateMashine ****
make -j12 all 
arm-none-eabi-size  StateMashine.elf 
   text	   data	    bss	    dec	    hex	filename
  12412	     24	   1760	  14196	   3774	StateMashine.elf
Finished building: default.size.stdout
 
23:15:04 **** Incremental Build of configuration Debug for project TestingMotorsWithPWM ****
make -j12 all 
arm-none-eabi-size  TestingMotorsWithPWM.elf 
   text	   data	    bss	    dec	    hex	filename
  44520	    492	   2528	  47540	   b9b4	TestingMotorsWithPWM.elf
Finished building: default.size.stdout
 
23:18:13 **** Incremental Build of configuration Debug for project EncoderPins ****
make -j12 all 
arm-none-eabi-size  EncoderPins.elf 
   text	   data	    bss	    dec	    hex	filename
   4748	     12	   1572	   6332	   18bc	EncoderPins.elf
Finished building: default.size.stdout
 
23:18:14 **** Incremental Build of configuration Debug for project MPU6050_Liblary ****
make -j12 all 
arm-none-eabi-gcc "../Core/Src/MPU6050.c" -mcpu=cortex-m4 -std=gnu11 -g3 -DDEBUG -DUSE_HAL_DRIVER -DSTM32G474xx -c -I../Core/Inc -I../Drivers/STM32G4xx_HAL_Driver/Inc -I../Drivers/STM32G4xx_HAL_Driver/Inc/Legacy -I../Drivers/CMSIS/Device/ST/STM32G4xx/Include -I../Drivers/CMSIS/Include -O0 -ffunction-sections -fdata-sections -Wall -fstack-usage -fcyclomatic-complexity -MMD -MP -MF"Core/Src/MPU6050.d" -MT"Core/Src/MPU6050.o" --specs=nano.specs -mfpu=fpv4-sp-d16 -mfloat-abi=hard -mthumb -o "Core/Src/MPU6050.o"
arm-none-eabi-gcc "../Core/Src/main.c" -mcpu=cortex-m4 -std=gnu11 -g3 -DDEBUG -DUSE_HAL_DRIVER -DSTM32G474xx -c -I../Core/Inc -I../Drivers/STM32G4xx_HAL_Driver/Inc -I../Drivers/STM32G4xx_HAL_Driver/Inc/Legacy -I../Drivers/CMSIS/Device/ST/STM32G4xx/Include -I../Drivers/CMSIS/Include -O0 -ffunction-sections -fdata-sections -Wall -fstack-usage -fcyclomatic-complexity -MMD -MP -MF"Core/Src/main.d" -MT"Core/Src/main.o" --specs=nano.specs -mfpu=fpv4-sp-d16 -mfloat-abi=hard -mthumb -o "Core/Src/main.o"
../Core/Src/MPU6050.c:178:16: warning: 'Read16' defined but not used [-Wunused-function]
  178 | static int16_t Read16(MPU6050_t *MPU6050, uint8_t Register)
      |                ^~~~~~
arm-none-eabi-gcc -o "MPU6050_Liblary.elf" @"objects.list"   -mcpu=cortex-m4 -T"D:\GithubRepo\Inzynierka_pliki\MPU6050_Liblary\STM32G474RETX_FLASH.ld" --specs=nosys.specs -Wl,-Map="MPU6050_Liblary.map" -Wl,--gc-sections -static --specs=nano.specs -mfpu=fpv4-sp-d16 -mfloat-abi=hard -mthumb -u _printf_float -u _scanf_float -Wl,--start-group -lc -lm -Wl,--end-group
Finished building target: MPU6050_Liblary.elf
 
arm-none-eabi-size  MPU6050_Liblary.elf 
arm-none-eabi-objdump -h -S MPU6050_Liblary.elf  > "MPU6050_Liblary.list"
   text	   data	    bss	    dec	    hex	filename
  45304	    468	   2476	  48248	   bc78	MPU6050_Liblary.elf
Finished building: default.size.stdout
 
Finished building: MPU6050_Liblary.list
 
23:18:16 **** Incremental Build of configuration Debug for project Serwomotor_V1 ****
make -j12 all 
arm-none-eabi-size  Serwomotor_V1.elf 
   text	   data	    bss	    dec	    hex	filename
  49688	    468	   2636	  52792	   ce38	Serwomotor_V1.elf
Finished building: default.size.stdout
 
23:18:17 **** Incremental Build of configuration Debug for project Serwomotor_V2_StepAG ****
make -j12 all 
arm-none-eabi-size  Serwomotor_V2_StepAG.elf 
   text	   data	    bss	    dec	    hex	filename
  49120	    468	   2564	  52152	   cbb8	Serwomotor_V2_StepAG.elf
Finished building: default.size.stdout
 
23:18:18 **** Incremental Build of configuration Debug for project StateMashine ****
make -j12 all 
arm-none-eabi-size  StateMashine.elf 
   text	   data	    bss	    dec	    hex	filename
  12412	     24	   1760	  14196	   3774	StateMashine.elf
Finished building: default.size.stdout
 
23:18:18 **** Incremental Build of configuration Debug for project TestingMotorsWithPWM ****
make -j12 all 
arm-none-eabi-size  TestingMotorsWithPWM.elf 
   text	   data	    bss	    dec	    hex	filename
  44520	    492	   2528	  47540	   b9b4	TestingMotorsWithPWM.elf
Finished building: default.size.stdout
 
23:19:32 **** Incremental Build of configuration Debug for project EncoderPins ****
make -j12 all 
arm-none-eabi-size  EncoderPins.elf 
   text	   data	    bss	    dec	    hex	filename
   4748	     12	   1572	   6332	   18bc	EncoderPins.elf
Finished building: default.size.stdout
 
23:19:33 **** Incremental Build of configuration Debug for project MPU6050_Liblary ****
make -j12 all 
arm-none-eabi-gcc "../Core/Src/MPU6050.c" -mcpu=cortex-m4 -std=gnu11 -g3 -DDEBUG -DUSE_HAL_DRIVER -DSTM32G474xx -c -I../Core/Inc -I../Drivers/STM32G4xx_HAL_Driver/Inc -I../Drivers/STM32G4xx_HAL_Driver/Inc/Legacy -I../Drivers/CMSIS/Device/ST/STM32G4xx/Include -I../Drivers/CMSIS/Include -O0 -ffunction-sections -fdata-sections -Wall -fstack-usage -fcyclomatic-complexity -MMD -MP -MF"Core/Src/MPU6050.d" -MT"Core/Src/MPU6050.o" --specs=nano.specs -mfpu=fpv4-sp-d16 -mfloat-abi=hard -mthumb -o "Core/Src/MPU6050.o"
../Core/Src/MPU6050.c:179:16: warning: 'Read16' defined but not used [-Wunused-function]
  179 | static int16_t Read16(MPU6050_t *MPU6050, uint8_t Register)
      |                ^~~~~~
arm-none-eabi-gcc -o "MPU6050_Liblary.elf" @"objects.list"   -mcpu=cortex-m4 -T"D:\GithubRepo\Inzynierka_pliki\MPU6050_Liblary\STM32G474RETX_FLASH.ld" --specs=nosys.specs -Wl,-Map="MPU6050_Liblary.map" -Wl,--gc-sections -static --specs=nano.specs -mfpu=fpv4-sp-d16 -mfloat-abi=hard -mthumb -u _printf_float -u _scanf_float -Wl,--start-group -lc -lm -Wl,--end-group
Finished building target: MPU6050_Liblary.elf
 
arm-none-eabi-size  MPU6050_Liblary.elf 
arm-none-eabi-objdump -h -S MPU6050_Liblary.elf  > "MPU6050_Liblary.list"
   text	   data	    bss	    dec	    hex	filename
  45304	    468	   2476	  48248	   bc78	MPU6050_Liblary.elf
Finished building: default.size.stdout
 
Finished building: MPU6050_Liblary.list
 
23:19:35 **** Incremental Build of configuration Debug for project Serwomotor_V1 ****
make -j12 all 
arm-none-eabi-size  Serwomotor_V1.elf 
   text	   data	    bss	    dec	    hex	filename
  49688	    468	   2636	  52792	   ce38	Serwomotor_V1.elf
Finished building: default.size.stdout
 
23:19:36 **** Incremental Build of configuration Debug for project Serwomotor_V2_StepAG ****
make -j12 all 
arm-none-eabi-size  Serwomotor_V2_StepAG.elf 
   text	   data	    bss	    dec	    hex	filename
  49120	    468	   2564	  52152	   cbb8	Serwomotor_V2_StepAG.elf
Finished building: default.size.stdout
 
23:19:37 **** Incremental Build of configuration Debug for project StateMashine ****
make -j12 all 
arm-none-eabi-size  StateMashine.elf 
   text	   data	    bss	    dec	    hex	filename
  12412	     24	   1760	  14196	   3774	StateMashine.elf
Finished building: default.size.stdout
 
23:19:38 **** Incremental Build of configuration Debug for project TestingMotorsWithPWM ****
make -j12 all 
arm-none-eabi-size  TestingMotorsWithPWM.elf 
   text	   data	    bss	    dec	    hex	filename
  44520	    492	   2528	  47540	   b9b4	TestingMotorsWithPWM.elf
Finished building: default.size.stdout
 
23:20:14 **** Incremental Build of configuration Debug for project EncoderPins ****
make -j12 all 
arm-none-eabi-size  EncoderPins.elf 
   text	   data	    bss	    dec	    hex	filename
   4748	     12	   1572	   6332	   18bc	EncoderPins.elf
Finished building: default.size.stdout
 
23:20:15 **** Incremental Build of configuration Debug for project MPU6050_Liblary ****
make -j12 all 
arm-none-eabi-gcc "../Core/Src/MPU6050.c" -mcpu=cortex-m4 -std=gnu11 -g3 -DDEBUG -DUSE_HAL_DRIVER -DSTM32G474xx -c -I../Core/Inc -I../Drivers/STM32G4xx_HAL_Driver/Inc -I../Drivers/STM32G4xx_HAL_Driver/Inc/Legacy -I../Drivers/CMSIS/Device/ST/STM32G4xx/Include -I../Drivers/CMSIS/Include -O0 -ffunction-sections -fdata-sections -Wall -fstack-usage -fcyclomatic-complexity -MMD -MP -MF"Core/Src/MPU6050.d" -MT"Core/Src/MPU6050.o" --specs=nano.specs -mfpu=fpv4-sp-d16 -mfloat-abi=hard -mthumb -o "Core/Src/MPU6050.o"
arm-none-eabi-gcc "../Core/Src/main.c" -mcpu=cortex-m4 -std=gnu11 -g3 -DDEBUG -DUSE_HAL_DRIVER -DSTM32G474xx -c -I../Core/Inc -I../Drivers/STM32G4xx_HAL_Driver/Inc -I../Drivers/STM32G4xx_HAL_Driver/Inc/Legacy -I../Drivers/CMSIS/Device/ST/STM32G4xx/Include -I../Drivers/CMSIS/Include -O0 -ffunction-sections -fdata-sections -Wall -fstack-usage -fcyclomatic-complexity -MMD -MP -MF"Core/Src/main.d" -MT"Core/Src/main.o" --specs=nano.specs -mfpu=fpv4-sp-d16 -mfloat-abi=hard -mthumb -o "Core/Src/main.o"
../Core/Src/MPU6050.c:179:16: warning: 'Read16' defined but not used [-Wunused-function]
  179 | static int16_t Read16(MPU6050_t *MPU6050, uint8_t Register)
      |                ^~~~~~
arm-none-eabi-gcc -o "MPU6050_Liblary.elf" @"objects.list"   -mcpu=cortex-m4 -T"D:\GithubRepo\Inzynierka_pliki\MPU6050_Liblary\STM32G474RETX_FLASH.ld" --specs=nosys.specs -Wl,-Map="MPU6050_Liblary.map" -Wl,--gc-sections -static --specs=nano.specs -mfpu=fpv4-sp-d16 -mfloat-abi=hard -mthumb -u _printf_float -u _scanf_float -Wl,--start-group -lc -lm -Wl,--end-group
Finished building target: MPU6050_Liblary.elf
 
arm-none-eabi-size  MPU6050_Liblary.elf 
arm-none-eabi-objdump -h -S MPU6050_Liblary.elf  > "MPU6050_Liblary.list"
   text	   data	    bss	    dec	    hex	filename
  45304	    468	   2476	  48248	   bc78	MPU6050_Liblary.elf
Finished building: default.size.stdout
 
Finished building: MPU6050_Liblary.list
 
23:20:17 **** Incremental Build of configuration Debug for project Serwomotor_V1 ****
make -j12 all 
arm-none-eabi-size  Serwomotor_V1.elf 
   text	   data	    bss	    dec	    hex	filename
  49688	    468	   2636	  52792	   ce38	Serwomotor_V1.elf
Finished building: default.size.stdout
 
23:20:18 **** Incremental Build of configuration Debug for project Serwomotor_V2_StepAG ****
make -j12 all 
arm-none-eabi-size  Serwomotor_V2_StepAG.elf 
   text	   data	    bss	    dec	    hex	filename
  49120	    468	   2564	  52152	   cbb8	Serwomotor_V2_StepAG.elf
Finished building: default.size.stdout
 
23:20:18 **** Incremental Build of configuration Debug for project StateMashine ****
make -j12 all 
arm-none-eabi-size  StateMashine.elf 
   text	   data	    bss	    dec	    hex	filename
  12412	     24	   1760	  14196	   3774	StateMashine.elf
Finished building: default.size.stdout
 
23:20:19 **** Incremental Build of configuration Debug for project TestingMotorsWithPWM ****
make -j12 all 
arm-none-eabi-size  TestingMotorsWithPWM.elf 
   text	   data	    bss	    dec	    hex	filename
  44520	    492	   2528	  47540	   b9b4	TestingMotorsWithPWM.elf
Finished building: default.size.stdout
 
23:21:14 **** Incremental Build of configuration Debug for project EncoderPins ****
make -j12 all 
arm-none-eabi-size  EncoderPins.elf 
   text	   data	    bss	    dec	    hex	filename
   4748	     12	   1572	   6332	   18bc	EncoderPins.elf
Finished building: default.size.stdout
 
23:21:15 **** Incremental Build of configuration Debug for project MPU6050_Liblary ****
make -j12 all 
arm-none-eabi-size  MPU6050_Liblary.elf 
   text	   data	    bss	    dec	    hex	filename
  45304	    468	   2476	  48248	   bc78	MPU6050_Liblary.elf
Finished building: default.size.stdout
 
23:21:15 **** Incremental Build of configuration Debug for project Serwomotor_V1 ****
make -j12 all 
arm-none-eabi-size  Serwomotor_V1.elf 
   text	   data	    bss	    dec	    hex	filename
  49688	    468	   2636	  52792	   ce38	Serwomotor_V1.elf
Finished building: default.size.stdout
 
23:21:16 **** Incremental Build of configuration Debug for project Serwomotor_V2_StepAG ****
make -j12 all 
arm-none-eabi-size  Serwomotor_V2_StepAG.elf 
   text	   data	    bss	    dec	    hex	filename
  49120	    468	   2564	  52152	   cbb8	Serwomotor_V2_StepAG.elf
Finished building: default.size.stdout
 
23:21:17 **** Incremental Build of configuration Debug for project StateMashine ****
make -j12 all 
arm-none-eabi-size  StateMashine.elf 
   text	   data	    bss	    dec	    hex	filename
  12412	     24	   1760	  14196	   3774	StateMashine.elf
Finished building: default.size.stdout
 
23:21:18 **** Incremental Build of configuration Debug for project TestingMotorsWithPWM ****
make -j12 all 
arm-none-eabi-size  TestingMotorsWithPWM.elf 
   text	   data	    bss	    dec	    hex	filename
  44520	    492	   2528	  47540	   b9b4	TestingMotorsWithPWM.elf
Finished building: default.size.stdout
 
23:26:06 **** Incremental Build of configuration Debug for project EncoderPins ****
make -j12 all 
arm-none-eabi-size  EncoderPins.elf 
   text	   data	    bss	    dec	    hex	filename
   4748	     12	   1572	   6332	   18bc	EncoderPins.elf
Finished building: default.size.stdout
 
23:26:06 **** Incremental Build of configuration Debug for project MPU6050_Liblary ****
make -j12 all 
arm-none-eabi-gcc "../Core/Src/MPU6050.c" -mcpu=cortex-m4 -std=gnu11 -g3 -DDEBUG -DUSE_HAL_DRIVER -DSTM32G474xx -c -I../Core/Inc -I../Drivers/STM32G4xx_HAL_Driver/Inc -I../Drivers/STM32G4xx_HAL_Driver/Inc/Legacy -I../Drivers/CMSIS/Device/ST/STM32G4xx/Include -I../Drivers/CMSIS/Include -O0 -ffunction-sections -fdata-sections -Wall -fstack-usage -fcyclomatic-complexity -MMD -MP -MF"Core/Src/MPU6050.d" -MT"Core/Src/MPU6050.o" --specs=nano.specs -mfpu=fpv4-sp-d16 -mfloat-abi=hard -mthumb -o "Core/Src/MPU6050.o"
../Core/Src/MPU6050.c:179:16: warning: 'Read16' defined but not used [-Wunused-function]
  179 | static int16_t Read16(MPU6050_t *MPU6050, uint8_t Register)
      |                ^~~~~~
arm-none-eabi-gcc -o "MPU6050_Liblary.elf" @"objects.list"   -mcpu=cortex-m4 -T"D:\GithubRepo\Inzynierka_pliki\MPU6050_Liblary\STM32G474RETX_FLASH.ld" --specs=nosys.specs -Wl,-Map="MPU6050_Liblary.map" -Wl,--gc-sections -static --specs=nano.specs -mfpu=fpv4-sp-d16 -mfloat-abi=hard -mthumb -u _printf_float -u _scanf_float -Wl,--start-group -lc -lm -Wl,--end-group
Finished building target: MPU6050_Liblary.elf
 
arm-none-eabi-size  MPU6050_Liblary.elf 
arm-none-eabi-objdump -h -S MPU6050_Liblary.elf  > "MPU6050_Liblary.list"
   text	   data	    bss	    dec	    hex	filename
  45304	    468	   2476	  48248	   bc78	MPU6050_Liblary.elf
Finished building: default.size.stdout
 
Finished building: MPU6050_Liblary.list
 
23:26:09 **** Incremental Build of configuration Debug for project Serwomotor_V1 ****
make -j12 all 
arm-none-eabi-size  Serwomotor_V1.elf 
   text	   data	    bss	    dec	    hex	filename
  49688	    468	   2636	  52792	   ce38	Serwomotor_V1.elf
Finished building: default.size.stdout
 
23:26:09 **** Incremental Build of configuration Debug for project Serwomotor_V2_StepAG ****
make -j12 all 
arm-none-eabi-size  Serwomotor_V2_StepAG.elf 
   text	   data	    bss	    dec	    hex	filename
  49120	    468	   2564	  52152	   cbb8	Serwomotor_V2_StepAG.elf
Finished building: default.size.stdout
 
23:26:10 **** Incremental Build of configuration Debug for project StateMashine ****
make -j12 all 
arm-none-eabi-size  StateMashine.elf 
   text	   data	    bss	    dec	    hex	filename
  12412	     24	   1760	  14196	   3774	StateMashine.elf
Finished building: default.size.stdout
 
23:26:11 **** Incremental Build of configuration Debug for project TestingMotorsWithPWM ****
make -j12 all 
arm-none-eabi-size  TestingMotorsWithPWM.elf 
   text	   data	    bss	    dec	    hex	filename
  44520	    492	   2528	  47540	   b9b4	TestingMotorsWithPWM.elf
Finished building: default.size.stdout
 
23:27:46 **** Incremental Build of configuration Debug for project EncoderPins ****
make -j12 all 
arm-none-eabi-size  EncoderPins.elf 
   text	   data	    bss	    dec	    hex	filename
   4748	     12	   1572	   6332	   18bc	EncoderPins.elf
Finished building: default.size.stdout
 
23:27:46 **** Incremental Build of configuration Debug for project MPU6050_Liblary ****
make -j12 all 
arm-none-eabi-gcc "../Core/Src/MPU6050.c" -mcpu=cortex-m4 -std=gnu11 -g3 -DDEBUG -DUSE_HAL_DRIVER -DSTM32G474xx -c -I../Core/Inc -I../Drivers/STM32G4xx_HAL_Driver/Inc -I../Drivers/STM32G4xx_HAL_Driver/Inc/Legacy -I../Drivers/CMSIS/Device/ST/STM32G4xx/Include -I../Drivers/CMSIS/Include -O0 -ffunction-sections -fdata-sections -Wall -fstack-usage -fcyclomatic-complexity -MMD -MP -MF"Core/Src/MPU6050.d" -MT"Core/Src/MPU6050.o" --specs=nano.specs -mfpu=fpv4-sp-d16 -mfloat-abi=hard -mthumb -o "Core/Src/MPU6050.o"
../Core/Src/MPU6050.c:167:16: warning: 'Read16' defined but not used [-Wunused-function]
  167 | static int16_t Read16(MPU6050_t *MPU6050, uint8_t Register)
      |                ^~~~~~
arm-none-eabi-gcc -o "MPU6050_Liblary.elf" @"objects.list"   -mcpu=cortex-m4 -T"D:\GithubRepo\Inzynierka_pliki\MPU6050_Liblary\STM32G474RETX_FLASH.ld" --specs=nosys.specs -Wl,-Map="MPU6050_Liblary.map" -Wl,--gc-sections -static --specs=nano.specs -mfpu=fpv4-sp-d16 -mfloat-abi=hard -mthumb -u _printf_float -u _scanf_float -Wl,--start-group -lc -lm -Wl,--end-group
Finished building target: MPU6050_Liblary.elf
 
arm-none-eabi-size  MPU6050_Liblary.elf 
arm-none-eabi-objdump -h -S MPU6050_Liblary.elf  > "MPU6050_Liblary.list"
   text	   data	    bss	    dec	    hex	filename
  45272	    468	   2468	  48208	   bc50	MPU6050_Liblary.elf
Finished building: default.size.stdout
 
Finished building: MPU6050_Liblary.list
 
23:27:49 **** Incremental Build of configuration Debug for project Serwomotor_V1 ****
make -j12 all 
arm-none-eabi-size  Serwomotor_V1.elf 
   text	   data	    bss	    dec	    hex	filename
  49688	    468	   2636	  52792	   ce38	Serwomotor_V1.elf
Finished building: default.size.stdout
 
23:27:49 **** Incremental Build of configuration Debug for project Serwomotor_V2_StepAG ****
make -j12 all 
arm-none-eabi-size  Serwomotor_V2_StepAG.elf 
   text	   data	    bss	    dec	    hex	filename
  49120	    468	   2564	  52152	   cbb8	Serwomotor_V2_StepAG.elf
Finished building: default.size.stdout
 
23:27:50 **** Incremental Build of configuration Debug for project StateMashine ****
make -j12 all 
arm-none-eabi-size  StateMashine.elf 
   text	   data	    bss	    dec	    hex	filename
  12412	     24	   1760	  14196	   3774	StateMashine.elf
Finished building: default.size.stdout
 
23:27:51 **** Incremental Build of configuration Debug for project TestingMotorsWithPWM ****
make -j12 all 
arm-none-eabi-size  TestingMotorsWithPWM.elf 
   text	   data	    bss	    dec	    hex	filename
  44520	    492	   2528	  47540	   b9b4	TestingMotorsWithPWM.elf
Finished building: default.size.stdout
 
