13:52:58 **** Build of configuration Debug for project BallancingRobot_V2 ****
make -j12 all 
arm-none-eabi-gcc -o "BallancingRobot_V2.elf" @"objects.list"   -mcpu=cortex-m4 -T"D:\GithubRepo\Inzynierka_pliki\BallancingRobot_V2\STM32F411CEUX_FLASH.ld" --specs=nosys.specs -Wl,-Map="BallancingRobot_V2.map" -Wl,--gc-sections -static --specs=nano.specs -mfpu=fpv4-sp-d16 -mfloat-abi=hard -mthumb -u _printf_float -u _scanf_float -Wl,--start-group -lc -lm -Wl,--end-group
Finished building target: BallancingRobot_V2.elf
 
arm-none-eabi-size  BallancingRobot_V2.elf 
arm-none-eabi-objdump -h -S BallancingRobot_V2.elf  > "BallancingRobot_V2.list"
   text	   data	    bss	    dec	    hex	filename
  47120	    496	   2816	  50432	   c500	BallancingRobot_V2.elf
Finished building: default.size.stdout
 
Finished building: BallancingRobot_V2.list
 
14:39:16 **** Incremental Build of configuration Debug for project BallancingRobot_V1 ****
make -j12 all 
arm-none-eabi-gcc "../Core/Src/main.c" -mcpu=cortex-m4 -std=gnu11 -g3 -DDEBUG -DUSE_HAL_DRIVER -DSTM32F411xE -c -I../Core/Inc -I../Drivers/STM32F4xx_HAL_Driver/Inc -I../Drivers/STM32F4xx_HAL_Driver/Inc/Legacy -I../Drivers/CMSIS/Device/ST/STM32F4xx/Include -I../Drivers/CMSIS/Include -O0 -ffunction-sections -fdata-sections -Wall -fstack-usage -fcyclomatic-complexity -MMD -MP -MF"Core/Src/main.d" -MT"Core/Src/main.o" --specs=nano.specs -mfpu=fpv4-sp-d16 -mfloat-abi=hard -mthumb -o "Core/Src/main.o"
../Core/Src/main.c: In function 'AngleControl':
../Core/Src/main.c:358:9: warning: implicit declaration of function 'PID_Reset' [-Wimplicit-function-declaration]
  358 |         PID_Reset(&PidAngle);
      |         ^~~~~~~~~
../Core/Src/main.c:381:41: error: 'pid_output' undeclared (first use in this function); did you mean 'PidPwmOutput'?
  381 |     PwmPercent = MapValues(PwmMaxValue, pid_output);
      |                                         ^~~~~~~~~~
      |                                         PidPwmOutput
../Core/Src/main.c:381:41: note: each undeclared identifier is reported only once for each function it appears in
../Core/Src/main.c: In function 'TestMotorAndEncoderB':
../Core/Src/main.c:393:9: error: 'PidMotorBPidValue' undeclared (first use in this function)
  393 |         PidMotorBPidValue = PID_Compute(&PidMotorB, EncoderB.AngularVelocity, RobotState.SpeedTargetB); //obliczam wartość regulatora do uzyskania zadanej prędkości
      |         ^~~~~~~~~~~~~~~~~
../Core/Src/main.c:393:42: error: 'PidMotorB' undeclared (first use in this function); did you mean 'MotorB'?
  393 |         PidMotorBPidValue = PID_Compute(&PidMotorB, EncoderB.AngularVelocity, RobotState.SpeedTargetB); //obliczam wartość regulatora do uzyskania zadanej prędkości
      |                                          ^~~~~~~~~
      |                                          MotorB
../Core/Src/main.c:393:90: error: 'RobotState_t' has no member named 'SpeedTargetB'; did you mean 'SpeedTarget'?
  393 |         PidMotorBPidValue = PID_Compute(&PidMotorB, EncoderB.AngularVelocity, RobotState.SpeedTargetB); //obliczam wartość regulatora do uzyskania zadanej prędkości
      |                                                                                          ^~~~~~~~~~~~
      |                                                                                          SpeedTarget
../Core/Src/main.c:394:9: error: 'VelocityFromRegulator' undeclared (first use in this function)
  394 |         VelocityFromRegulator = RobotState.SpeedTargetB;
      |         ^~~~~~~~~~~~~~~~~~~~~
../Core/Src/main.c:394:44: error: 'RobotState_t' has no member named 'SpeedTargetB'; did you mean 'SpeedTarget'?
  394 |         VelocityFromRegulator = RobotState.SpeedTargetB;
      |                                            ^~~~~~~~~~~~
      |                                            SpeedTarget
../Core/Src/main.c:395:9: error: 'VelocityRead' undeclared (first use in this function)
  395 |         VelocityRead = EncoderB.AngularVelocity;
      |         ^~~~~~~~~~~~
../Core/Src/main.c: In function 'TestPidAngleB':
../Core/Src/main.c:424:20: error: 'RobotState_t' has no member named 'SpeedTargetB'; did you mean 'SpeedTarget'?
  424 |         RobotState.SpeedTargetB = 0.0f;
      |                    ^~~~~~~~~~~~
      |                    SpeedTarget
../Core/Src/main.c:425:20: error: 'RobotState_t' has no member named 'SpeedTargetA'; did you mean 'SpeedTarget'?
  425 |         RobotState.SpeedTargetA = 0.0f;
      |                    ^~~~~~~~~~~~
      |                    SpeedTarget
../Core/Src/main.c:428:20: error: 'RobotState_t' has no member named 'SpeedTargetB'; did you mean 'SpeedTarget'?
  428 |         RobotState.SpeedTargetB = -1 * PID_Compute(&PidAngle, RobotState.AnglePitch, RobotState.TargetAngle);   //-1 bo silniki nie naprawiają wychylenia, bardziej je zwiększają
      |                    ^~~~~~~~~~~~
      |                    SpeedTarget
../Core/Src/main.c: In function 'TestMotorAndEncoderA':
../Core/Src/main.c:435:9: error: 'PidMotorAPidValue' undeclared (first use in this function)
  435 |         PidMotorAPidValue = PID_Compute(&PidMotorA, EncoderA.AngularVelocity, RobotState.SpeedTargetB); //obliczam wartość regulatora do uzyskania zadanej prędkości
      |         ^~~~~~~~~~~~~~~~~
../Core/Src/main.c:435:42: error: 'PidMotorA' undeclared (first use in this function); did you mean 'MotorA'?
  435 |         PidMotorAPidValue = PID_Compute(&PidMotorA, EncoderA.AngularVelocity, RobotState.SpeedTargetB); //obliczam wartość regulatora do uzyskania zadanej prędkości
      |                                          ^~~~~~~~~
      |                                          MotorA
../Core/Src/main.c:435:90: error: 'RobotState_t' has no member named 'SpeedTargetB'; did you mean 'SpeedTarget'?
  435 |         PidMotorAPidValue = PID_Compute(&PidMotorA, EncoderA.AngularVelocity, RobotState.SpeedTargetB); //obliczam wartość regulatora do uzyskania zadanej prędkości
      |                                                                                          ^~~~~~~~~~~~
      |                                                                                          SpeedTarget
../Core/Src/main.c: In function 'MoveMotors':
../Core/Src/main.c:460:9: error: 'PidMotorAPidValue' undeclared (first use in this function)
  460 |         PidMotorAPidValue = PID_Compute(&PidMotorA, EncoderA.AngularVelocity, RobotState.SpeedTargetA); //obliczam wartość regulatora do uzyskania zadanej prędkości
      |         ^~~~~~~~~~~~~~~~~
../Core/Src/main.c:460:42: error: 'PidMotorA' undeclared (first use in this function); did you mean 'MotorA'?
  460 |         PidMotorAPidValue = PID_Compute(&PidMotorA, EncoderA.AngularVelocity, RobotState.SpeedTargetA); //obliczam wartość regulatora do uzyskania zadanej prędkości
      |                                          ^~~~~~~~~
      |                                          MotorA
../Core/Src/main.c:460:90: error: 'RobotState_t' has no member named 'SpeedTargetA'; did you mean 'SpeedTarget'?
  460 |         PidMotorAPidValue = PID_Compute(&PidMotorA, EncoderA.AngularVelocity, RobotState.SpeedTargetA); //obliczam wartość regulatora do uzyskania zadanej prędkości
      |                                                                                          ^~~~~~~~~~~~
      |                                                                                          SpeedTarget
../Core/Src/main.c:461:9: error: 'PidMotorBPidValue' undeclared (first use in this function)
  461 |         PidMotorBPidValue = PID_Compute(&PidMotorB, EncoderB.AngularVelocity, RobotState.SpeedTargetB); //obliczam wartość regulatora do uzyskania zadanej prędkości
      |         ^~~~~~~~~~~~~~~~~
../Core/Src/main.c:461:42: error: 'PidMotorB' undeclared (first use in this function); did you mean 'MotorB'?
  461 |         PidMotorBPidValue = PID_Compute(&PidMotorB, EncoderB.AngularVelocity, RobotState.SpeedTargetB); //obliczam wartość regulatora do uzyskania zadanej prędkości
      |                                          ^~~~~~~~~
      |                                          MotorB
../Core/Src/main.c:461:90: error: 'RobotState_t' has no member named 'SpeedTargetB'; did you mean 'SpeedTarget'?
  461 |         PidMotorBPidValue = PID_Compute(&PidMotorB, EncoderB.AngularVelocity, RobotState.SpeedTargetB); //obliczam wartość regulatora do uzyskania zadanej prędkości
      |                                                                                          ^~~~~~~~~~~~
      |                                                                                          SpeedTarget
../Core/Src/main.c: In function 'SteeringValueForMotors':
../Core/Src/main.c:504:28: error: 'RobotState_t' has no member named 'SpeedTargetB'; did you mean 'SpeedTarget'?
  504 |                 RobotState.SpeedTargetB = 0.0f;
      |                            ^~~~~~~~~~~~
      |                            SpeedTarget
../Core/Src/main.c:505:28: error: 'RobotState_t' has no member named 'SpeedTargetA'; did you mean 'SpeedTarget'?
  505 |                 RobotState.SpeedTargetA = 0.0f;
      |                            ^~~~~~~~~~~~
      |                            SpeedTarget
../Core/Src/main.c:509:37: error: 'AngleP' undeclared (first use in this function)
  509 |                 PID_Init(&PidAngle, AngleP, AngleI, AngleD, Angle_DT, EncoderMaxValue, EncoderMinValue);
      |                                     ^~~~~~
../Core/Src/main.c:509:45: error: 'AngleI' undeclared (first use in this function)
  509 |                 PID_Init(&PidAngle, AngleP, AngleI, AngleD, Angle_DT, EncoderMaxValue, EncoderMinValue);
      |                                             ^~~~~~
../Core/Src/main.c:509:53: error: 'AngleD' undeclared (first use in this function)
  509 |                 PID_Init(&PidAngle, AngleP, AngleI, AngleD, Angle_DT, EncoderMaxValue, EncoderMinValue);
      |                                                     ^~~~~~
../Core/Src/main.c:509:61: error: 'Angle_DT' undeclared (first use in this function); did you mean 'ANGLE_DT'?
  509 |                 PID_Init(&PidAngle, AngleP, AngleI, AngleD, Angle_DT, EncoderMaxValue, EncoderMinValue);
      |                                                             ^~~~~~~~
      |                                                             ANGLE_DT
../Core/Src/main.c:510:27: error: 'PidMotorA' undeclared (first use in this function); did you mean 'MotorA'?
  510 |                 PID_Init(&PidMotorA, EncoderP, EncoderI, EncoderD, ENCODER_DT, EncoderMaxValue, EncoderMinValue);
      |                           ^~~~~~~~~
      |                           MotorA
../Core/Src/main.c:510:38: error: 'EncoderP' undeclared (first use in this function); did you mean 'EncoderB'?
  510 |                 PID_Init(&PidMotorA, EncoderP, EncoderI, EncoderD, ENCODER_DT, EncoderMaxValue, EncoderMinValue);
      |                                      ^~~~~~~~
      |                                      EncoderB
../Core/Src/main.c:510:48: error: 'EncoderI' undeclared (first use in this function); did you mean 'EncoderB'?
  510 |                 PID_Init(&PidMotorA, EncoderP, EncoderI, EncoderD, ENCODER_DT, EncoderMaxValue, EncoderMinValue);
      |                                                ^~~~~~~~
      |                                                EncoderB
../Core/Src/main.c:510:58: error: 'EncoderD' undeclared (first use in this function); did you mean 'EncoderB'?
  510 |                 PID_Init(&PidMotorA, EncoderP, EncoderI, EncoderD, ENCODER_DT, EncoderMaxValue, EncoderMinValue);
      |                                                          ^~~~~~~~
      |                                                          EncoderB
../Core/Src/main.c:511:27: error: 'PidMotorB' undeclared (first use in this function); did you mean 'MotorB'?
  511 |                 PID_Init(&PidMotorB, EncoderP, EncoderI, EncoderD, ENCODER_DT, EncoderMaxValue, EncoderMinValue);
      |                           ^~~~~~~~~
      |                           MotorB
../Core/Src/main.c:521:20: error: 'RobotState_t' has no member named 'SpeedTargetA'; did you mean 'SpeedTarget'?
  521 |         RobotState.SpeedTargetA = BalanceOutput;
      |                    ^~~~~~~~~~~~
      |                    SpeedTarget
../Core/Src/main.c:522:20: error: 'RobotState_t' has no member named 'SpeedTargetB'; did you mean 'SpeedTarget'?
  522 |         RobotState.SpeedTargetB = BalanceOutput;
      |                    ^~~~~~~~~~~~
      |                    SpeedTarget
make: *** [Core/Src/subdir.mk:58: Core/Src/main.o] Error 1
"make -j12 all" terminated with exit code 2. Build might be incomplete.
14:39:17 **** Incremental Build of configuration Debug for project BallancingRobot_V2 ****
make -j12 all 
arm-none-eabi-size  BallancingRobot_V2.elf 
   text	   data	    bss	    dec	    hex	filename
  47120	    496	   2816	  50432	   c500	BallancingRobot_V2.elf
Finished building: default.size.stdout
 
14:39:18 **** Incremental Build of configuration Debug for project EncoderPins ****
make -j12 all 
arm-none-eabi-size  EncoderPins.elf 
   text	   data	    bss	    dec	    hex	filename
   4748	     12	   1572	   6332	   18bc	EncoderPins.elf
Finished building: default.size.stdout
 
14:39:19 **** Incremental Build of configuration Debug for project MPU6050_Liblary ****
make -j12 all 
arm-none-eabi-size  MPU6050_Liblary.elf 
   text	   data	    bss	    dec	    hex	filename
  45256	    468	   2476	  48200	   bc48	MPU6050_Liblary.elf
Finished building: default.size.stdout
 
14:39:20 **** Incremental Build of configuration Debug for project Servomotor_Test_MPU6050 ****
make -j12 all 
arm-none-eabi-size  Servomotor_Test_MPU6050.elf 
   text	   data	    bss	    dec	    hex	filename
  53400	    468	   2340	  56208	   db90	Servomotor_Test_MPU6050.elf
Finished building: default.size.stdout
 
14:39:21 **** Incremental Build of configuration Debug for project TestingMotorsWithPWM ****
make -j12 all 
arm-none-eabi-size  TestingMotorsWithPWM.elf 
   text	   data	    bss	    dec	    hex	filename
  44520	    496	   2528	  47544	   b9b8	TestingMotorsWithPWM.elf
Finished building: default.size.stdout
 
14:40:16 **** Incremental Build of configuration Debug for project BallancingRobot_V1 ****
make -j12 all 
arm-none-eabi-gcc "../Core/Src/main.c" -mcpu=cortex-m4 -std=gnu11 -g3 -DDEBUG -DUSE_HAL_DRIVER -DSTM32F411xE -c -I../Core/Inc -I../Drivers/STM32F4xx_HAL_Driver/Inc -I../Drivers/STM32F4xx_HAL_Driver/Inc/Legacy -I../Drivers/CMSIS/Device/ST/STM32F4xx/Include -I../Drivers/CMSIS/Include -O0 -ffunction-sections -fdata-sections -Wall -fstack-usage -fcyclomatic-complexity -MMD -MP -MF"Core/Src/main.d" -MT"Core/Src/main.o" --specs=nano.specs -mfpu=fpv4-sp-d16 -mfloat-abi=hard -mthumb -o "Core/Src/main.o"
../Core/Src/main.c: In function 'AngleControl':
../Core/Src/main.c:358:9: warning: implicit declaration of function 'PID_Reset' [-Wimplicit-function-declaration]
  358 |         PID_Reset(&PidAngle);
      |         ^~~~~~~~~
../Core/Src/main.c:381:41: error: 'pid_output' undeclared (first use in this function); did you mean 'PidPwmOutput'?
  381 |     PwmPercent = MapValues(PwmMaxValue, pid_output);
      |                                         ^~~~~~~~~~
      |                                         PidPwmOutput
../Core/Src/main.c:381:41: note: each undeclared identifier is reported only once for each function it appears in
make: *** [Core/Src/subdir.mk:58: Core/Src/main.o] Error 1
"make -j12 all" terminated with exit code 2. Build might be incomplete.
14:40:17 **** Incremental Build of configuration Debug for project BallancingRobot_V2 ****
make -j12 all 
arm-none-eabi-size  BallancingRobot_V2.elf 
   text	   data	    bss	    dec	    hex	filename
  47120	    496	   2816	  50432	   c500	BallancingRobot_V2.elf
Finished building: default.size.stdout
 
14:40:18 **** Incremental Build of configuration Debug for project EncoderPins ****
make -j12 all 
arm-none-eabi-size  EncoderPins.elf 
   text	   data	    bss	    dec	    hex	filename
   4748	     12	   1572	   6332	   18bc	EncoderPins.elf
Finished building: default.size.stdout
 
14:40:19 **** Incremental Build of configuration Debug for project MPU6050_Liblary ****
make -j12 all 
arm-none-eabi-size  MPU6050_Liblary.elf 
   text	   data	    bss	    dec	    hex	filename
  45256	    468	   2476	  48200	   bc48	MPU6050_Liblary.elf
Finished building: default.size.stdout
 
14:40:20 **** Incremental Build of configuration Debug for project Servomotor_Test_MPU6050 ****
make -j12 all 
arm-none-eabi-size  Servomotor_Test_MPU6050.elf 
   text	   data	    bss	    dec	    hex	filename
  53400	    468	   2340	  56208	   db90	Servomotor_Test_MPU6050.elf
Finished building: default.size.stdout
 
14:40:21 **** Incremental Build of configuration Debug for project TestingMotorsWithPWM ****
make -j12 all 
arm-none-eabi-size  TestingMotorsWithPWM.elf 
   text	   data	    bss	    dec	    hex	filename
  44520	    496	   2528	  47544	   b9b8	TestingMotorsWithPWM.elf
Finished building: default.size.stdout
 
14:40:54 **** Incremental Build of configuration Debug for project BallancingRobot_V1 ****
make -j12 all 
arm-none-eabi-gcc "../Core/Src/main.c" -mcpu=cortex-m4 -std=gnu11 -g3 -DDEBUG -DUSE_HAL_DRIVER -DSTM32F411xE -c -I../Core/Inc -I../Drivers/STM32F4xx_HAL_Driver/Inc -I../Drivers/STM32F4xx_HAL_Driver/Inc/Legacy -I../Drivers/CMSIS/Device/ST/STM32F4xx/Include -I../Drivers/CMSIS/Include -O0 -ffunction-sections -fdata-sections -Wall -fstack-usage -fcyclomatic-complexity -MMD -MP -MF"Core/Src/main.d" -MT"Core/Src/main.o" --specs=nano.specs -mfpu=fpv4-sp-d16 -mfloat-abi=hard -mthumb -o "Core/Src/main.o"
../Core/Src/main.c: In function 'AngleControl':
../Core/Src/main.c:350:9: warning: implicit declaration of function 'PID_Reset' [-Wimplicit-function-declaration]
  350 |         PID_Reset(&PidAngle);
      |         ^~~~~~~~~
arm-none-eabi-gcc -o "BallancingRobot_V1.elf" @"objects.list"   -mcpu=cortex-m4 -T"D:\GithubRepo\Inzynierka_pliki\BallancingRobot_V1\STM32F411CEUX_FLASH.ld" --specs=nosys.specs -Wl,-Map="BallancingRobot_V1.map" -Wl,--gc-sections -static --specs=nano.specs -mfpu=fpv4-sp-d16 -mfloat-abi=hard -mthumb -u _printf_float -u _scanf_float -Wl,--start-group -lc -lm -Wl,--end-group
D:\Programy Potrzebne\STM32CubeIDE_Folder\STM32CubeIDE_1.19.0\STM32CubeIDE\plugins\com.st.stm32cube.ide.mcu.externaltools.gnu-tools-for-stm32.13.3.rel1.win32_1.0.0.202411081344\tools\arm-none-eabi\bin\ld.exe: ./Core/Src/main.o: in function `AngleControl':
D:/GithubRepo/Inzynierka_pliki/BallancingRobot_V1/Debug/../Core/Src/main.c:350:(.text.AngleControl+0x40): undefined reference to `PID_Reset'
D:\Programy Potrzebne\STM32CubeIDE_Folder\STM32CubeIDE_1.19.0\STM32CubeIDE\plugins\com.st.stm32cube.ide.mcu.externaltools.gnu-tools-for-stm32.13.3.rel1.win32_1.0.0.202411081344\tools\arm-none-eabi\bin\ld.exe: D:/GithubRepo/Inzynierka_pliki/BallancingRobot_V1/Debug/../Core/Src/main.c:351:(.text.AngleControl+0x46): undefined reference to `PID_Reset'
collect2.exe: error: ld returned 1 exit status
make: *** [makefile:64: BallancingRobot_V1.elf] Error 1
"make -j12 all" terminated with exit code 2. Build might be incomplete.
14:40:56 **** Incremental Build of configuration Debug for project BallancingRobot_V2 ****
make -j12 all 
arm-none-eabi-size  BallancingRobot_V2.elf 
   text	   data	    bss	    dec	    hex	filename
  47120	    496	   2816	  50432	   c500	BallancingRobot_V2.elf
Finished building: default.size.stdout
 
14:40:57 **** Incremental Build of configuration Debug for project EncoderPins ****
make -j12 all 
arm-none-eabi-size  EncoderPins.elf 
   text	   data	    bss	    dec	    hex	filename
   4748	     12	   1572	   6332	   18bc	EncoderPins.elf
Finished building: default.size.stdout
 
14:40:58 **** Incremental Build of configuration Debug for project MPU6050_Liblary ****
make -j12 all 
arm-none-eabi-size  MPU6050_Liblary.elf 
   text	   data	    bss	    dec	    hex	filename
  45256	    468	   2476	  48200	   bc48	MPU6050_Liblary.elf
Finished building: default.size.stdout
 
14:40:59 **** Incremental Build of configuration Debug for project Servomotor_Test_MPU6050 ****
make -j12 all 
arm-none-eabi-size  Servomotor_Test_MPU6050.elf 
   text	   data	    bss	    dec	    hex	filename
  53400	    468	   2340	  56208	   db90	Servomotor_Test_MPU6050.elf
Finished building: default.size.stdout
 
14:41:00 **** Incremental Build of configuration Debug for project TestingMotorsWithPWM ****
make -j12 all 
arm-none-eabi-size  TestingMotorsWithPWM.elf 
   text	   data	    bss	    dec	    hex	filename
  44520	    496	   2528	  47544	   b9b8	TestingMotorsWithPWM.elf
Finished building: default.size.stdout
 
14:46:27 **** Incremental Build of configuration Debug for project BallancingRobot_V1 ****
make -j12 all 
arm-none-eabi-gcc "../Core/Src/PID.c" -mcpu=cortex-m4 -std=gnu11 -g3 -DDEBUG -DUSE_HAL_DRIVER -DSTM32F411xE -c -I../Core/Inc -I../Drivers/STM32F4xx_HAL_Driver/Inc -I../Drivers/STM32F4xx_HAL_Driver/Inc/Legacy -I../Drivers/CMSIS/Device/ST/STM32F4xx/Include -I../Drivers/CMSIS/Include -O0 -ffunction-sections -fdata-sections -Wall -fstack-usage -fcyclomatic-complexity -MMD -MP -MF"Core/Src/PID.d" -MT"Core/Src/PID.o" --specs=nano.specs -mfpu=fpv4-sp-d16 -mfloat-abi=hard -mthumb -o "Core/Src/PID.o"
arm-none-eabi-gcc "../Core/Src/main.c" -mcpu=cortex-m4 -std=gnu11 -g3 -DDEBUG -DUSE_HAL_DRIVER -DSTM32F411xE -c -I../Core/Inc -I../Drivers/STM32F4xx_HAL_Driver/Inc -I../Drivers/STM32F4xx_HAL_Driver/Inc/Legacy -I../Drivers/CMSIS/Device/ST/STM32F4xx/Include -I../Drivers/CMSIS/Include -O0 -ffunction-sections -fdata-sections -Wall -fstack-usage -fcyclomatic-complexity -MMD -MP -MF"Core/Src/main.d" -MT"Core/Src/main.o" --specs=nano.specs -mfpu=fpv4-sp-d16 -mfloat-abi=hard -mthumb -o "Core/Src/main.o"
arm-none-eabi-gcc -o "BallancingRobot_V1.elf" @"objects.list"   -mcpu=cortex-m4 -T"D:\GithubRepo\Inzynierka_pliki\BallancingRobot_V1\STM32F411CEUX_FLASH.ld" --specs=nosys.specs -Wl,-Map="BallancingRobot_V1.map" -Wl,--gc-sections -static --specs=nano.specs -mfpu=fpv4-sp-d16 -mfloat-abi=hard -mthumb -u _printf_float -u _scanf_float -Wl,--start-group -lc -lm -Wl,--end-group
Finished building target: BallancingRobot_V1.elf
 
arm-none-eabi-size  BallancingRobot_V1.elf 
arm-none-eabi-objdump -h -S BallancingRobot_V1.elf  > "BallancingRobot_V1.list"
   text	   data	    bss	    dec	    hex	filename
  45984	    480	   2624	  49088	   bfc0	BallancingRobot_V1.elf
Finished building: default.size.stdout
 
Finished building: BallancingRobot_V1.list
 
14:46:29 **** Incremental Build of configuration Debug for project BallancingRobot_V2 ****
make -j12 all 
arm-none-eabi-size  BallancingRobot_V2.elf 
   text	   data	    bss	    dec	    hex	filename
  47120	    496	   2816	  50432	   c500	BallancingRobot_V2.elf
Finished building: default.size.stdout
 
14:46:30 **** Incremental Build of configuration Debug for project EncoderPins ****
make -j12 all 
arm-none-eabi-size  EncoderPins.elf 
   text	   data	    bss	    dec	    hex	filename
   4748	     12	   1572	   6332	   18bc	EncoderPins.elf
Finished building: default.size.stdout
 
14:46:30 **** Incremental Build of configuration Debug for project MPU6050_Liblary ****
make -j12 all 
arm-none-eabi-size  MPU6050_Liblary.elf 
   text	   data	    bss	    dec	    hex	filename
  45256	    468	   2476	  48200	   bc48	MPU6050_Liblary.elf
Finished building: default.size.stdout
 
14:46:31 **** Incremental Build of configuration Debug for project Servomotor_Test_MPU6050 ****
make -j12 all 
arm-none-eabi-size  Servomotor_Test_MPU6050.elf 
   text	   data	    bss	    dec	    hex	filename
  53400	    468	   2340	  56208	   db90	Servomotor_Test_MPU6050.elf
Finished building: default.size.stdout
 
14:46:32 **** Incremental Build of configuration Debug for project TestingMotorsWithPWM ****
make -j12 all 
arm-none-eabi-size  TestingMotorsWithPWM.elf 
   text	   data	    bss	    dec	    hex	filename
  44520	    496	   2528	  47544	   b9b8	TestingMotorsWithPWM.elf
Finished building: default.size.stdout
 
09:43:55 **** Incremental Build of configuration Debug for project BallancingRobot_V1 ****
make -j12 all 
arm-none-eabi-gcc "../Core/Src/main.c" -mcpu=cortex-m4 -std=gnu11 -g3 -DDEBUG -DUSE_HAL_DRIVER -DSTM32F411xE -c -I../Core/Inc -I../Drivers/STM32F4xx_HAL_Driver/Inc -I../Drivers/STM32F4xx_HAL_Driver/Inc/Legacy -I../Drivers/CMSIS/Device/ST/STM32F4xx/Include -I../Drivers/CMSIS/Include -O0 -ffunction-sections -fdata-sections -Wall -fstack-usage -fcyclomatic-complexity -MMD -MP -MF"Core/Src/main.d" -MT"Core/Src/main.o" --specs=nano.specs -mfpu=fpv4-sp-d16 -mfloat-abi=hard -mthumb -o "Core/Src/main.o"
arm-none-eabi-gcc -o "BallancingRobot_V1.elf" @"objects.list"   -mcpu=cortex-m4 -T"D:\GithubRepo\Inzynierka_pliki\BallancingRobot_V1\STM32F411CEUX_FLASH.ld" --specs=nosys.specs -Wl,-Map="BallancingRobot_V1.map" -Wl,--gc-sections -static --specs=nano.specs -mfpu=fpv4-sp-d16 -mfloat-abi=hard -mthumb -u _printf_float -u _scanf_float -Wl,--start-group -lc -lm -Wl,--end-group
Finished building target: BallancingRobot_V1.elf
 
arm-none-eabi-size  BallancingRobot_V1.elf 
arm-none-eabi-objdump -h -S BallancingRobot_V1.elf  > "BallancingRobot_V1.list"
   text	   data	    bss	    dec	    hex	filename
  45632	    480	   2616	  48728	   be58	BallancingRobot_V1.elf
Finished building: default.size.stdout
 
Finished building: BallancingRobot_V1.list
 
09:43:58 **** Incremental Build of configuration Debug for project BallancingRobot_V2 ****
make -j12 all 
arm-none-eabi-size  BallancingRobot_V2.elf 
   text	   data	    bss	    dec	    hex	filename
  47120	    496	   2816	  50432	   c500	BallancingRobot_V2.elf
Finished building: default.size.stdout
 
09:43:59 **** Incremental Build of configuration Debug for project EncoderPins ****
make -j12 all 
arm-none-eabi-size  EncoderPins.elf 
   text	   data	    bss	    dec	    hex	filename
   4748	     12	   1572	   6332	   18bc	EncoderPins.elf
Finished building: default.size.stdout
 
09:44:00 **** Incremental Build of configuration Debug for project MPU6050_Liblary ****
make -j12 all 
arm-none-eabi-size  MPU6050_Liblary.elf 
   text	   data	    bss	    dec	    hex	filename
  45256	    468	   2476	  48200	   bc48	MPU6050_Liblary.elf
Finished building: default.size.stdout
 
09:44:01 **** Incremental Build of configuration Debug for project Servomotor_Test_MPU6050 ****
make -j12 all 
arm-none-eabi-size  Servomotor_Test_MPU6050.elf 
   text	   data	    bss	    dec	    hex	filename
  53400	    468	   2340	  56208	   db90	Servomotor_Test_MPU6050.elf
Finished building: default.size.stdout
 
09:44:02 **** Incremental Build of configuration Debug for project TestingMotorsWithPWM ****
make -j12 all 
arm-none-eabi-size  TestingMotorsWithPWM.elf 
   text	   data	    bss	    dec	    hex	filename
  44520	    496	   2528	  47544	   b9b8	TestingMotorsWithPWM.elf
Finished building: default.size.stdout
 
09:44:32 **** Incremental Build of configuration Debug for project BallancingRobot_V1 ****
make -j12 all 
arm-none-eabi-size  BallancingRobot_V1.elf 
   text	   data	    bss	    dec	    hex	filename
  45632	    480	   2616	  48728	   be58	BallancingRobot_V1.elf
Finished building: default.size.stdout
 
09:45:08 **** Incremental Build of configuration Debug for project BallancingRobot_V1 ****
make -j12 all 
arm-none-eabi-gcc "../Core/Src/main.c" -mcpu=cortex-m4 -std=gnu11 -g3 -DDEBUG -DUSE_HAL_DRIVER -DSTM32F411xE -c -I../Core/Inc -I../Drivers/STM32F4xx_HAL_Driver/Inc -I../Drivers/STM32F4xx_HAL_Driver/Inc/Legacy -I../Drivers/CMSIS/Device/ST/STM32F4xx/Include -I../Drivers/CMSIS/Include -O0 -ffunction-sections -fdata-sections -Wall -fstack-usage -fcyclomatic-complexity -MMD -MP -MF"Core/Src/main.d" -MT"Core/Src/main.o" --specs=nano.specs -mfpu=fpv4-sp-d16 -mfloat-abi=hard -mthumb -o "Core/Src/main.o"
arm-none-eabi-gcc -o "BallancingRobot_V1.elf" @"objects.list"   -mcpu=cortex-m4 -T"D:\GithubRepo\Inzynierka_pliki\BallancingRobot_V1\STM32F411CEUX_FLASH.ld" --specs=nosys.specs -Wl,-Map="BallancingRobot_V1.map" -Wl,--gc-sections -static --specs=nano.specs -mfpu=fpv4-sp-d16 -mfloat-abi=hard -mthumb -u _printf_float -u _scanf_float -Wl,--start-group -lc -lm -Wl,--end-group
Finished building target: BallancingRobot_V1.elf
 
arm-none-eabi-size  BallancingRobot_V1.elf 
arm-none-eabi-objdump -h -S BallancingRobot_V1.elf  > "BallancingRobot_V1.list"
   text	   data	    bss	    dec	    hex	filename
  45632	    480	   2616	  48728	   be58	BallancingRobot_V1.elf
Finished building: default.size.stdout
 
Finished building: BallancingRobot_V1.list
 
09:56:04 **** Incremental Build of configuration Debug for project BallancingRobot_V1 ****
make -j12 all 
arm-none-eabi-gcc "../Core/Src/main.c" -mcpu=cortex-m4 -std=gnu11 -g3 -DDEBUG -DUSE_HAL_DRIVER -DSTM32F411xE -c -I../Core/Inc -I../Drivers/STM32F4xx_HAL_Driver/Inc -I../Drivers/STM32F4xx_HAL_Driver/Inc/Legacy -I../Drivers/CMSIS/Device/ST/STM32F4xx/Include -I../Drivers/CMSIS/Include -O0 -ffunction-sections -fdata-sections -Wall -fstack-usage -fcyclomatic-complexity -MMD -MP -MF"Core/Src/main.d" -MT"Core/Src/main.o" --specs=nano.specs -mfpu=fpv4-sp-d16 -mfloat-abi=hard -mthumb -o "Core/Src/main.o"
arm-none-eabi-gcc -o "BallancingRobot_V1.elf" @"objects.list"   -mcpu=cortex-m4 -T"D:\GithubRepo\Inzynierka_pliki\BallancingRobot_V1\STM32F411CEUX_FLASH.ld" --specs=nosys.specs -Wl,-Map="BallancingRobot_V1.map" -Wl,--gc-sections -static --specs=nano.specs -mfpu=fpv4-sp-d16 -mfloat-abi=hard -mthumb -u _printf_float -u _scanf_float -Wl,--start-group -lc -lm -Wl,--end-group
Finished building target: BallancingRobot_V1.elf
 
arm-none-eabi-size  BallancingRobot_V1.elf 
arm-none-eabi-objdump -h -S BallancingRobot_V1.elf  > "BallancingRobot_V1.list"
   text	   data	    bss	    dec	    hex	filename
  42616	    480	   2608	  45704	   b288	BallancingRobot_V1.elf
Finished building: default.size.stdout
 
Finished building: BallancingRobot_V1.list
 
09:56:34 **** Incremental Build of configuration Debug for project BallancingRobot_V1 ****
make -j12 all 
arm-none-eabi-size  BallancingRobot_V1.elf 
   text	   data	    bss	    dec	    hex	filename
  42616	    480	   2608	  45704	   b288	BallancingRobot_V1.elf
Finished building: default.size.stdout
 
09:57:18 **** Incremental Build of configuration Debug for project BallancingRobot_V1 ****
make -j12 all 
arm-none-eabi-gcc "../Core/Src/main.c" -mcpu=cortex-m4 -std=gnu11 -g3 -DDEBUG -DUSE_HAL_DRIVER -DSTM32F411xE -c -I../Core/Inc -I../Drivers/STM32F4xx_HAL_Driver/Inc -I../Drivers/STM32F4xx_HAL_Driver/Inc/Legacy -I../Drivers/CMSIS/Device/ST/STM32F4xx/Include -I../Drivers/CMSIS/Include -O0 -ffunction-sections -fdata-sections -Wall -fstack-usage -fcyclomatic-complexity -MMD -MP -MF"Core/Src/main.d" -MT"Core/Src/main.o" --specs=nano.specs -mfpu=fpv4-sp-d16 -mfloat-abi=hard -mthumb -o "Core/Src/main.o"
arm-none-eabi-gcc -o "BallancingRobot_V1.elf" @"objects.list"   -mcpu=cortex-m4 -T"D:\GithubRepo\Inzynierka_pliki\BallancingRobot_V1\STM32F411CEUX_FLASH.ld" --specs=nosys.specs -Wl,-Map="BallancingRobot_V1.map" -Wl,--gc-sections -static --specs=nano.specs -mfpu=fpv4-sp-d16 -mfloat-abi=hard -mthumb -u _printf_float -u _scanf_float -Wl,--start-group -lc -lm -Wl,--end-group
Finished building target: BallancingRobot_V1.elf
 
arm-none-eabi-size  BallancingRobot_V1.elf 
arm-none-eabi-objdump -h -S BallancingRobot_V1.elf  > "BallancingRobot_V1.list"
   text	   data	    bss	    dec	    hex	filename
  42632	    480	   2608	  45720	   b298	BallancingRobot_V1.elf
Finished building: default.size.stdout
 
Finished building: BallancingRobot_V1.list
 
09:59:37 **** Incremental Build of configuration Debug for project BallancingRobot_V1 ****
make -j12 all 
arm-none-eabi-gcc "../Core/Src/main.c" -mcpu=cortex-m4 -std=gnu11 -g3 -DDEBUG -DUSE_HAL_DRIVER -DSTM32F411xE -c -I../Core/Inc -I../Drivers/STM32F4xx_HAL_Driver/Inc -I../Drivers/STM32F4xx_HAL_Driver/Inc/Legacy -I../Drivers/CMSIS/Device/ST/STM32F4xx/Include -I../Drivers/CMSIS/Include -O0 -ffunction-sections -fdata-sections -Wall -fstack-usage -fcyclomatic-complexity -MMD -MP -MF"Core/Src/main.d" -MT"Core/Src/main.o" --specs=nano.specs -mfpu=fpv4-sp-d16 -mfloat-abi=hard -mthumb -o "Core/Src/main.o"
arm-none-eabi-gcc -o "BallancingRobot_V1.elf" @"objects.list"   -mcpu=cortex-m4 -T"D:\GithubRepo\Inzynierka_pliki\BallancingRobot_V1\STM32F411CEUX_FLASH.ld" --specs=nosys.specs -Wl,-Map="BallancingRobot_V1.map" -Wl,--gc-sections -static --specs=nano.specs -mfpu=fpv4-sp-d16 -mfloat-abi=hard -mthumb -u _printf_float -u _scanf_float -Wl,--start-group -lc -lm -Wl,--end-group
Finished building target: BallancingRobot_V1.elf
 
arm-none-eabi-size  BallancingRobot_V1.elf 
arm-none-eabi-objdump -h -S BallancingRobot_V1.elf  > "BallancingRobot_V1.list"
   text	   data	    bss	    dec	    hex	filename
  42632	    480	   2608	  45720	   b298	BallancingRobot_V1.elf
Finished building: default.size.stdout
 
Finished building: BallancingRobot_V1.list
 
10:01:26 **** Incremental Build of configuration Debug for project BallancingRobot_V1 ****
make -j12 all 
arm-none-eabi-size  BallancingRobot_V1.elf 
   text	   data	    bss	    dec	    hex	filename
  42632	    480	   2608	  45720	   b298	BallancingRobot_V1.elf
Finished building: default.size.stdout
 
10:09:22 **** Incremental Build of configuration Debug for project BallancingRobot_V1 ****
make -j12 all 
arm-none-eabi-gcc "../Core/Src/main.c" -mcpu=cortex-m4 -std=gnu11 -g3 -DDEBUG -DUSE_HAL_DRIVER -DSTM32F411xE -c -I../Core/Inc -I../Drivers/STM32F4xx_HAL_Driver/Inc -I../Drivers/STM32F4xx_HAL_Driver/Inc/Legacy -I../Drivers/CMSIS/Device/ST/STM32F4xx/Include -I../Drivers/CMSIS/Include -O0 -ffunction-sections -fdata-sections -Wall -fstack-usage -fcyclomatic-complexity -MMD -MP -MF"Core/Src/main.d" -MT"Core/Src/main.o" --specs=nano.specs -mfpu=fpv4-sp-d16 -mfloat-abi=hard -mthumb -o "Core/Src/main.o"
../Core/Src/main.c: In function 'AngleControl':
../Core/Src/main.c:377:11: warning: variable 'PwmPercent' set but not used [-Wunused-but-set-variable]
  377 |     float PwmPercent;
      |           ^~~~~~~~~~
arm-none-eabi-gcc -o "BallancingRobot_V1.elf" @"objects.list"   -mcpu=cortex-m4 -T"D:\GithubRepo\Inzynierka_pliki\BallancingRobot_V1\STM32F411CEUX_FLASH.ld" --specs=nosys.specs -Wl,-Map="BallancingRobot_V1.map" -Wl,--gc-sections -static --specs=nano.specs -mfpu=fpv4-sp-d16 -mfloat-abi=hard -mthumb -u _printf_float -u _scanf_float -Wl,--start-group -lc -lm -Wl,--end-group
Finished building target: BallancingRobot_V1.elf
 
arm-none-eabi-size  BallancingRobot_V1.elf 
arm-none-eabi-objdump -h -S BallancingRobot_V1.elf  > "BallancingRobot_V1.list"
   text	   data	    bss	    dec	    hex	filename
  42632	    480	   2608	  45720	   b298	BallancingRobot_V1.elf
Finished building: default.size.stdout
 
Finished building: BallancingRobot_V1.list
 
10:09:24 **** Incremental Build of configuration Debug for project BallancingRobot_V2 ****
make -j12 all 
arm-none-eabi-size  BallancingRobot_V2.elf 
   text	   data	    bss	    dec	    hex	filename
  47120	    496	   2816	  50432	   c500	BallancingRobot_V2.elf
Finished building: default.size.stdout
 
10:09:25 **** Incremental Build of configuration Debug for project EncoderPins ****
make -j12 all 
arm-none-eabi-size  EncoderPins.elf 
   text	   data	    bss	    dec	    hex	filename
   4748	     12	   1572	   6332	   18bc	EncoderPins.elf
Finished building: default.size.stdout
 
10:09:25 **** Incremental Build of configuration Debug for project MPU6050_Liblary ****
make -j12 all 
arm-none-eabi-size  MPU6050_Liblary.elf 
   text	   data	    bss	    dec	    hex	filename
  45256	    468	   2476	  48200	   bc48	MPU6050_Liblary.elf
Finished building: default.size.stdout
 
10:09:26 **** Incremental Build of configuration Debug for project Servomotor_Test_MPU6050 ****
make -j12 all 
arm-none-eabi-size  Servomotor_Test_MPU6050.elf 
   text	   data	    bss	    dec	    hex	filename
  53400	    468	   2340	  56208	   db90	Servomotor_Test_MPU6050.elf
Finished building: default.size.stdout
 
10:09:27 **** Incremental Build of configuration Debug for project TestingMotorsWithPWM ****
make -j12 all 
arm-none-eabi-size  TestingMotorsWithPWM.elf 
   text	   data	    bss	    dec	    hex	filename
  44520	    496	   2528	  47544	   b9b8	TestingMotorsWithPWM.elf
Finished building: default.size.stdout
 
10:09:44 **** Incremental Build of configuration Debug for project BallancingRobot_V1 ****
make -j12 all 
arm-none-eabi-size  BallancingRobot_V1.elf 
   text	   data	    bss	    dec	    hex	filename
  42632	    480	   2608	  45720	   b298	BallancingRobot_V1.elf
Finished building: default.size.stdout
 
10:11:01 **** Incremental Build of configuration Debug for project BallancingRobot_V1 ****
make -j12 all 
arm-none-eabi-gcc "../Core/Src/main.c" -mcpu=cortex-m4 -std=gnu11 -g3 -DDEBUG -DUSE_HAL_DRIVER -DSTM32F411xE -c -I../Core/Inc -I../Drivers/STM32F4xx_HAL_Driver/Inc -I../Drivers/STM32F4xx_HAL_Driver/Inc/Legacy -I../Drivers/CMSIS/Device/ST/STM32F4xx/Include -I../Drivers/CMSIS/Include -O0 -ffunction-sections -fdata-sections -Wall -fstack-usage -fcyclomatic-complexity -MMD -MP -MF"Core/Src/main.d" -MT"Core/Src/main.o" --specs=nano.specs -mfpu=fpv4-sp-d16 -mfloat-abi=hard -mthumb -o "Core/Src/main.o"
../Core/Src/main.c: In function 'AngleControl':
../Core/Src/main.c:378:11: warning: variable 'PwmPercent' set but not used [-Wunused-but-set-variable]
  378 |     float PwmPercent;
      |           ^~~~~~~~~~
arm-none-eabi-gcc -o "BallancingRobot_V1.elf" @"objects.list"   -mcpu=cortex-m4 -T"D:\GithubRepo\Inzynierka_pliki\BallancingRobot_V1\STM32F411CEUX_FLASH.ld" --specs=nosys.specs -Wl,-Map="BallancingRobot_V1.map" -Wl,--gc-sections -static --specs=nano.specs -mfpu=fpv4-sp-d16 -mfloat-abi=hard -mthumb -u _printf_float -u _scanf_float -Wl,--start-group -lc -lm -Wl,--end-group
Finished building target: BallancingRobot_V1.elf
 
arm-none-eabi-size  BallancingRobot_V1.elf 
arm-none-eabi-objdump -h -S BallancingRobot_V1.elf  > "BallancingRobot_V1.list"
   text	   data	    bss	    dec	    hex	filename
  45760	    480	   2616	  48856	   bed8	BallancingRobot_V1.elf
Finished building: default.size.stdout
 
Finished building: BallancingRobot_V1.list
 
10:12:16 **** Incremental Build of configuration Debug for project BallancingRobot_V1 ****
make -j12 all 
arm-none-eabi-gcc "../Core/Src/main.c" -mcpu=cortex-m4 -std=gnu11 -g3 -DDEBUG -DUSE_HAL_DRIVER -DSTM32F411xE -c -I../Core/Inc -I../Drivers/STM32F4xx_HAL_Driver/Inc -I../Drivers/STM32F4xx_HAL_Driver/Inc/Legacy -I../Drivers/CMSIS/Device/ST/STM32F4xx/Include -I../Drivers/CMSIS/Include -O0 -ffunction-sections -fdata-sections -Wall -fstack-usage -fcyclomatic-complexity -MMD -MP -MF"Core/Src/main.d" -MT"Core/Src/main.o" --specs=nano.specs -mfpu=fpv4-sp-d16 -mfloat-abi=hard -mthumb -o "Core/Src/main.o"
../Core/Src/main.c: In function 'AngleControl':
../Core/Src/main.c:378:11: warning: variable 'PwmPercent' set but not used [-Wunused-but-set-variable]
  378 |     float PwmPercent;
      |           ^~~~~~~~~~
arm-none-eabi-gcc -o "BallancingRobot_V1.elf" @"objects.list"   -mcpu=cortex-m4 -T"D:\GithubRepo\Inzynierka_pliki\BallancingRobot_V1\STM32F411CEUX_FLASH.ld" --specs=nosys.specs -Wl,-Map="BallancingRobot_V1.map" -Wl,--gc-sections -static --specs=nano.specs -mfpu=fpv4-sp-d16 -mfloat-abi=hard -mthumb -u _printf_float -u _scanf_float -Wl,--start-group -lc -lm -Wl,--end-group
Finished building target: BallancingRobot_V1.elf
 
arm-none-eabi-size  BallancingRobot_V1.elf 
arm-none-eabi-objdump -h -S BallancingRobot_V1.elf  > "BallancingRobot_V1.list"
   text	   data	    bss	    dec	    hex	filename
  45760	    480	   2616	  48856	   bed8	BallancingRobot_V1.elf
Finished building: default.size.stdout
 
Finished building: BallancingRobot_V1.list
 
10:14:03 **** Incremental Build of configuration Debug for project BallancingRobot_V1 ****
make -j12 all 
arm-none-eabi-gcc "../Core/Src/main.c" -mcpu=cortex-m4 -std=gnu11 -g3 -DDEBUG -DUSE_HAL_DRIVER -DSTM32F411xE -c -I../Core/Inc -I../Drivers/STM32F4xx_HAL_Driver/Inc -I../Drivers/STM32F4xx_HAL_Driver/Inc/Legacy -I../Drivers/CMSIS/Device/ST/STM32F4xx/Include -I../Drivers/CMSIS/Include -O0 -ffunction-sections -fdata-sections -Wall -fstack-usage -fcyclomatic-complexity -MMD -MP -MF"Core/Src/main.d" -MT"Core/Src/main.o" --specs=nano.specs -mfpu=fpv4-sp-d16 -mfloat-abi=hard -mthumb -o "Core/Src/main.o"
../Core/Src/main.c: In function 'AngleControl':
../Core/Src/main.c:378:11: warning: variable 'PwmPercent' set but not used [-Wunused-but-set-variable]
  378 |     float PwmPercent;
      |           ^~~~~~~~~~
arm-none-eabi-gcc -o "BallancingRobot_V1.elf" @"objects.list"   -mcpu=cortex-m4 -T"D:\GithubRepo\Inzynierka_pliki\BallancingRobot_V1\STM32F411CEUX_FLASH.ld" --specs=nosys.specs -Wl,-Map="BallancingRobot_V1.map" -Wl,--gc-sections -static --specs=nano.specs -mfpu=fpv4-sp-d16 -mfloat-abi=hard -mthumb -u _printf_float -u _scanf_float -Wl,--start-group -lc -lm -Wl,--end-group
Finished building target: BallancingRobot_V1.elf
 
arm-none-eabi-size  BallancingRobot_V1.elf 
arm-none-eabi-objdump -h -S BallancingRobot_V1.elf  > "BallancingRobot_V1.list"
   text	   data	    bss	    dec	    hex	filename
  45760	    480	   2616	  48856	   bed8	BallancingRobot_V1.elf
Finished building: default.size.stdout
 
Finished building: BallancingRobot_V1.list
 
11:34:25 **** Incremental Build of configuration Debug for project BallancingRobot_V1 ****
make -j12 all 
arm-none-eabi-gcc "../Core/Src/MPU6050.c" -mcpu=cortex-m4 -std=gnu11 -g3 -DDEBUG -DUSE_HAL_DRIVER -DSTM32F411xE -c -I../Core/Inc -I../Drivers/STM32F4xx_HAL_Driver/Inc -I../Drivers/STM32F4xx_HAL_Driver/Inc/Legacy -I../Drivers/CMSIS/Device/ST/STM32F4xx/Include -I../Drivers/CMSIS/Include -O0 -ffunction-sections -fdata-sections -Wall -fstack-usage -fcyclomatic-complexity -MMD -MP -MF"Core/Src/MPU6050.d" -MT"Core/Src/MPU6050.o" --specs=nano.specs -mfpu=fpv4-sp-d16 -mfloat-abi=hard -mthumb -o "Core/Src/MPU6050.o"
arm-none-eabi-gcc "../Core/Src/main.c" -mcpu=cortex-m4 -std=gnu11 -g3 -DDEBUG -DUSE_HAL_DRIVER -DSTM32F411xE -c -I../Core/Inc -I../Drivers/STM32F4xx_HAL_Driver/Inc -I../Drivers/STM32F4xx_HAL_Driver/Inc/Legacy -I../Drivers/CMSIS/Device/ST/STM32F4xx/Include -I../Drivers/CMSIS/Include -O0 -ffunction-sections -fdata-sections -Wall -fstack-usage -fcyclomatic-complexity -MMD -MP -MF"Core/Src/main.d" -MT"Core/Src/main.o" --specs=nano.specs -mfpu=fpv4-sp-d16 -mfloat-abi=hard -mthumb -o "Core/Src/main.o"
arm-none-eabi-gcc "../Core/Src/tim.c" -mcpu=cortex-m4 -std=gnu11 -g3 -DDEBUG -DUSE_HAL_DRIVER -DSTM32F411xE -c -I../Core/Inc -I../Drivers/STM32F4xx_HAL_Driver/Inc -I../Drivers/STM32F4xx_HAL_Driver/Inc/Legacy -I../Drivers/CMSIS/Device/ST/STM32F4xx/Include -I../Drivers/CMSIS/Include -O0 -ffunction-sections -fdata-sections -Wall -fstack-usage -fcyclomatic-complexity -MMD -MP -MF"Core/Src/tim.d" -MT"Core/Src/tim.o" --specs=nano.specs -mfpu=fpv4-sp-d16 -mfloat-abi=hard -mthumb -o "Core/Src/tim.o"
../Core/Src/MPU6050.c:180:16: warning: 'Read16' defined but not used [-Wunused-function]
  180 | static int16_t Read16(MPU6050_t *MPU6050, uint8_t Register)
      |                ^~~~~~
../Core/Src/main.c: In function 'AngleControl':
../Core/Src/main.c:378:11: warning: variable 'PwmPercent' set but not used [-Wunused-but-set-variable]
  378 |     float PwmPercent;
      |           ^~~~~~~~~~
arm-none-eabi-gcc -o "BallancingRobot_V1.elf" @"objects.list"   -mcpu=cortex-m4 -T"D:\GithubRepo\Inzynierka_pliki\BallancingRobot_V1\STM32F411CEUX_FLASH.ld" --specs=nosys.specs -Wl,-Map="BallancingRobot_V1.map" -Wl,--gc-sections -static --specs=nano.specs -mfpu=fpv4-sp-d16 -mfloat-abi=hard -mthumb -u _printf_float -u _scanf_float -Wl,--start-group -lc -lm -Wl,--end-group
Finished building target: BallancingRobot_V1.elf
 
arm-none-eabi-size  BallancingRobot_V1.elf 
arm-none-eabi-objdump -h -S BallancingRobot_V1.elf  > "BallancingRobot_V1.list"
   text	   data	    bss	    dec	    hex	filename
  45760	    480	   2616	  48856	   bed8	BallancingRobot_V1.elf
Finished building: default.size.stdout
 
Finished building: BallancingRobot_V1.list
 
11:34:27 **** Incremental Build of configuration Debug for project BallancingRobot_V2 ****
make -j12 all 
arm-none-eabi-size  BallancingRobot_V2.elf 
   text	   data	    bss	    dec	    hex	filename
  47120	    496	   2816	  50432	   c500	BallancingRobot_V2.elf
Finished building: default.size.stdout
 
11:34:28 **** Incremental Build of configuration Debug for project EncoderPins ****
make -j12 all 
arm-none-eabi-size  EncoderPins.elf 
   text	   data	    bss	    dec	    hex	filename
   4748	     12	   1572	   6332	   18bc	EncoderPins.elf
Finished building: default.size.stdout
 
11:34:29 **** Incremental Build of configuration Debug for project MPU6050_Liblary ****
make -j12 all 
arm-none-eabi-size  MPU6050_Liblary.elf 
   text	   data	    bss	    dec	    hex	filename
  45256	    468	   2476	  48200	   bc48	MPU6050_Liblary.elf
Finished building: default.size.stdout
 
11:34:30 **** Incremental Build of configuration Debug for project Servomotor_Test_MPU6050 ****
make -j12 all 
arm-none-eabi-size  Servomotor_Test_MPU6050.elf 
   text	   data	    bss	    dec	    hex	filename
  53400	    468	   2340	  56208	   db90	Servomotor_Test_MPU6050.elf
Finished building: default.size.stdout
 
11:34:31 **** Incremental Build of configuration Debug for project TestingMotorsWithPWM ****
make -j12 all 
arm-none-eabi-size  TestingMotorsWithPWM.elf 
   text	   data	    bss	    dec	    hex	filename
  44520	    496	   2528	  47544	   b9b8	TestingMotorsWithPWM.elf
Finished building: default.size.stdout
 
13:35:40 **** Incremental Build of configuration Debug for project BallancingRobot_V1 ****
make -j12 all 
arm-none-eabi-gcc "../Core/Src/main.c" -mcpu=cortex-m4 -std=gnu11 -g3 -DDEBUG -DUSE_HAL_DRIVER -DSTM32F411xE -c -I../Core/Inc -I../Drivers/STM32F4xx_HAL_Driver/Inc -I../Drivers/STM32F4xx_HAL_Driver/Inc/Legacy -I../Drivers/CMSIS/Device/ST/STM32F4xx/Include -I../Drivers/CMSIS/Include -O0 -ffunction-sections -fdata-sections -Wall -fstack-usage -fcyclomatic-complexity -MMD -MP -MF"Core/Src/main.d" -MT"Core/Src/main.o" --specs=nano.specs -mfpu=fpv4-sp-d16 -mfloat-abi=hard -mthumb -o "Core/Src/main.o"
arm-none-eabi-gcc "../Core/Src/motor_simple.c" -mcpu=cortex-m4 -std=gnu11 -g3 -DDEBUG -DUSE_HAL_DRIVER -DSTM32F411xE -c -I../Core/Inc -I../Drivers/STM32F4xx_HAL_Driver/Inc -I../Drivers/STM32F4xx_HAL_Driver/Inc/Legacy -I../Drivers/CMSIS/Device/ST/STM32F4xx/Include -I../Drivers/CMSIS/Include -O0 -ffunction-sections -fdata-sections -Wall -fstack-usage -fcyclomatic-complexity -MMD -MP -MF"Core/Src/motor_simple.d" -MT"Core/Src/motor_simple.o" --specs=nano.specs -mfpu=fpv4-sp-d16 -mfloat-abi=hard -mthumb -o "Core/Src/motor_simple.o"
arm-none-eabi-gcc "../Core/Src/tim.c" -mcpu=cortex-m4 -std=gnu11 -g3 -DDEBUG -DUSE_HAL_DRIVER -DSTM32F411xE -c -I../Core/Inc -I../Drivers/STM32F4xx_HAL_Driver/Inc -I../Drivers/STM32F4xx_HAL_Driver/Inc/Legacy -I../Drivers/CMSIS/Device/ST/STM32F4xx/Include -I../Drivers/CMSIS/Include -O0 -ffunction-sections -fdata-sections -Wall -fstack-usage -fcyclomatic-complexity -MMD -MP -MF"Core/Src/tim.d" -MT"Core/Src/tim.o" --specs=nano.specs -mfpu=fpv4-sp-d16 -mfloat-abi=hard -mthumb -o "Core/Src/tim.o"
In file included from ../Core/Src/motor_simple.c:9:
../Core/Src/motor_simple.c: In function 'Motor_SetRideParameters':
../Core/Inc/motor_simple.h:18:29: warning: unsigned conversion from 'int' to 'uint8_t' {aka 'unsigned char'} changes value from '1000' to '232' [-Woverflow]
   18 | #define MOTOR_PWM_MAX       1000
      |                             ^~~~
../Core/Src/motor_simple.c:16:35: note: in expansion of macro 'MOTOR_PWM_MAX'
   16 |                 Motor->MotorPWM = MOTOR_PWM_MAX;
      |                                   ^~~~~~~~~~~~~
../Core/Src/main.c: In function 'AngleControl':
../Core/Src/main.c:378:11: warning: variable 'PwmPercent' set but not used [-Wunused-but-set-variable]
  378 |     float PwmPercent;
      |           ^~~~~~~~~~
arm-none-eabi-gcc -o "BallancingRobot_V1.elf" @"objects.list"   -mcpu=cortex-m4 -T"D:\GithubRepo\Inzynierka_pliki\BallancingRobot_V1\STM32F411CEUX_FLASH.ld" --specs=nosys.specs -Wl,-Map="BallancingRobot_V1.map" -Wl,--gc-sections -static --specs=nano.specs -mfpu=fpv4-sp-d16 -mfloat-abi=hard -mthumb -u _printf_float -u _scanf_float -Wl,--start-group -lc -lm -Wl,--end-group
Finished building target: BallancingRobot_V1.elf
 
arm-none-eabi-size  BallancingRobot_V1.elf 
arm-none-eabi-objdump -h -S BallancingRobot_V1.elf  > "BallancingRobot_V1.list"
   text	   data	    bss	    dec	    hex	filename
  45744	    480	   2616	  48840	   bec8	BallancingRobot_V1.elf
Finished building: default.size.stdout
 
Finished building: BallancingRobot_V1.list
 
13:35:43 **** Incremental Build of configuration Debug for project BallancingRobot_V2 ****
make -j12 all 
arm-none-eabi-size  BallancingRobot_V2.elf 
   text	   data	    bss	    dec	    hex	filename
  47120	    496	   2816	  50432	   c500	BallancingRobot_V2.elf
Finished building: default.size.stdout
 
13:35:43 **** Incremental Build of configuration Debug for project EncoderPins ****
make -j12 all 
arm-none-eabi-size  EncoderPins.elf 
   text	   data	    bss	    dec	    hex	filename
   4748	     12	   1572	   6332	   18bc	EncoderPins.elf
Finished building: default.size.stdout
 
13:35:44 **** Incremental Build of configuration Debug for project MPU6050_Liblary ****
make -j12 all 
arm-none-eabi-size  MPU6050_Liblary.elf 
   text	   data	    bss	    dec	    hex	filename
  45256	    468	   2476	  48200	   bc48	MPU6050_Liblary.elf
Finished building: default.size.stdout
 
13:35:45 **** Incremental Build of configuration Debug for project Servomotor_Test_MPU6050 ****
make -j12 all 
arm-none-eabi-size  Servomotor_Test_MPU6050.elf 
   text	   data	    bss	    dec	    hex	filename
  53400	    468	   2340	  56208	   db90	Servomotor_Test_MPU6050.elf
Finished building: default.size.stdout
 
13:35:46 **** Incremental Build of configuration Debug for project TestingMotorsWithPWM ****
make -j12 all 
arm-none-eabi-size  TestingMotorsWithPWM.elf 
   text	   data	    bss	    dec	    hex	filename
  44520	    496	   2528	  47544	   b9b8	TestingMotorsWithPWM.elf
Finished building: default.size.stdout
 
13:38:38 **** Incremental Build of configuration Debug for project BallancingRobot_V1 ****
make -j12 all 
arm-none-eabi-gcc "../Core/Src/main.c" -mcpu=cortex-m4 -std=gnu11 -g3 -DDEBUG -DUSE_HAL_DRIVER -DSTM32F411xE -c -I../Core/Inc -I../Drivers/STM32F4xx_HAL_Driver/Inc -I../Drivers/STM32F4xx_HAL_Driver/Inc/Legacy -I../Drivers/CMSIS/Device/ST/STM32F4xx/Include -I../Drivers/CMSIS/Include -O0 -ffunction-sections -fdata-sections -Wall -fstack-usage -fcyclomatic-complexity -MMD -MP -MF"Core/Src/main.d" -MT"Core/Src/main.o" --specs=nano.specs -mfpu=fpv4-sp-d16 -mfloat-abi=hard -mthumb -o "Core/Src/main.o"
../Core/Src/main.c: In function 'AngleControl':
../Core/Src/main.c:390:5: error: 'PwmPercent' undeclared (first use in this function)
  390 |     PwmPercent = MapValues(PwmMaxValue, PidPwmOutput);
      |     ^~~~~~~~~~
../Core/Src/main.c:390:5: note: each undeclared identifier is reported only once for each function it appears in
make: *** [Core/Src/subdir.mk:58: Core/Src/main.o] Error 1
"make -j12 all" terminated with exit code 2. Build might be incomplete.
13:50:37 **** Incremental Build of configuration Debug for project BallancingRobot_V1 ****
make -j12 all 
arm-none-eabi-gcc "../Core/Src/main.c" -mcpu=cortex-m4 -std=gnu11 -g3 -DDEBUG -DUSE_HAL_DRIVER -DSTM32F411xE -c -I../Core/Inc -I../Drivers/STM32F4xx_HAL_Driver/Inc -I../Drivers/STM32F4xx_HAL_Driver/Inc/Legacy -I../Drivers/CMSIS/Device/ST/STM32F4xx/Include -I../Drivers/CMSIS/Include -O0 -ffunction-sections -fdata-sections -Wall -fstack-usage -fcyclomatic-complexity -MMD -MP -MF"Core/Src/main.d" -MT"Core/Src/main.o" --specs=nano.specs -mfpu=fpv4-sp-d16 -mfloat-abi=hard -mthumb -o "Core/Src/main.o"
../Core/Src/main.c: In function 'main':
../Core/Src/main.c:199:73: error: 'PwmMaxValue' undeclared (first use in this function)
  199 |   PID_Init(&PidAngle, PID_ANGLE_P, PID_ANGLE_I, PID_ANGLE_D, ANGLE_DT , PwmMaxValue, -PwmMaxValue);
      |                                                                         ^~~~~~~~~~~
../Core/Src/main.c:199:73: note: each undeclared identifier is reported only once for each function it appears in
make: *** [Core/Src/subdir.mk:58: Core/Src/main.o] Error 1
"make -j12 all" terminated with exit code 2. Build might be incomplete.
13:51:15 **** Incremental Build of configuration Debug for project BallancingRobot_V1 ****
make -j12 all 
arm-none-eabi-gcc "../Core/Src/main.c" -mcpu=cortex-m4 -std=gnu11 -g3 -DDEBUG -DUSE_HAL_DRIVER -DSTM32F411xE -c -I../Core/Inc -I../Drivers/STM32F4xx_HAL_Driver/Inc -I../Drivers/STM32F4xx_HAL_Driver/Inc/Legacy -I../Drivers/CMSIS/Device/ST/STM32F4xx/Include -I../Drivers/CMSIS/Include -O0 -ffunction-sections -fdata-sections -Wall -fstack-usage -fcyclomatic-complexity -MMD -MP -MF"Core/Src/main.d" -MT"Core/Src/main.o" --specs=nano.specs -mfpu=fpv4-sp-d16 -mfloat-abi=hard -mthumb -o "Core/Src/main.o"
arm-none-eabi-gcc -o "BallancingRobot_V1.elf" @"objects.list"   -mcpu=cortex-m4 -T"D:\GithubRepo\Inzynierka_pliki\BallancingRobot_V1\STM32F411CEUX_FLASH.ld" --specs=nosys.specs -Wl,-Map="BallancingRobot_V1.map" -Wl,--gc-sections -static --specs=nano.specs -mfpu=fpv4-sp-d16 -mfloat-abi=hard -mthumb -u _printf_float -u _scanf_float -Wl,--start-group -lc -lm -Wl,--end-group
Finished building target: BallancingRobot_V1.elf
 
arm-none-eabi-size  BallancingRobot_V1.elf 
arm-none-eabi-objdump -h -S BallancingRobot_V1.elf  > "BallancingRobot_V1.list"
   text	   data	    bss	    dec	    hex	filename
  42608	    476	   2608	  45692	   b27c	BallancingRobot_V1.elf
Finished building: default.size.stdout
 
Finished building: BallancingRobot_V1.list
 
13:51:17 **** Incremental Build of configuration Debug for project BallancingRobot_V2 ****
make -j12 all 
arm-none-eabi-size  BallancingRobot_V2.elf 
   text	   data	    bss	    dec	    hex	filename
  47120	    496	   2816	  50432	   c500	BallancingRobot_V2.elf
Finished building: default.size.stdout
 
13:51:18 **** Incremental Build of configuration Debug for project EncoderPins ****
make -j12 all 
arm-none-eabi-size  EncoderPins.elf 
   text	   data	    bss	    dec	    hex	filename
   4748	     12	   1572	   6332	   18bc	EncoderPins.elf
Finished building: default.size.stdout
 
13:51:19 **** Incremental Build of configuration Debug for project MPU6050_Liblary ****
make -j12 all 
arm-none-eabi-size  MPU6050_Liblary.elf 
   text	   data	    bss	    dec	    hex	filename
  45256	    468	   2476	  48200	   bc48	MPU6050_Liblary.elf
Finished building: default.size.stdout
 
13:51:19 **** Incremental Build of configuration Debug for project Servomotor_Test_MPU6050 ****
make -j12 all 
arm-none-eabi-size  Servomotor_Test_MPU6050.elf 
   text	   data	    bss	    dec	    hex	filename
  53400	    468	   2340	  56208	   db90	Servomotor_Test_MPU6050.elf
Finished building: default.size.stdout
 
13:51:20 **** Incremental Build of configuration Debug for project TestingMotorsWithPWM ****
make -j12 all 
arm-none-eabi-size  TestingMotorsWithPWM.elf 
   text	   data	    bss	    dec	    hex	filename
  44520	    496	   2528	  47544	   b9b8	TestingMotorsWithPWM.elf
Finished building: default.size.stdout
 
13:51:28 **** Incremental Build of configuration Debug for project BallancingRobot_V1 ****
make -j12 all 
arm-none-eabi-size  BallancingRobot_V1.elf 
   text	   data	    bss	    dec	    hex	filename
  42608	    476	   2608	  45692	   b27c	BallancingRobot_V1.elf
Finished building: default.size.stdout
 
13:52:11 **** Incremental Build of configuration Debug for project BallancingRobot_V1 ****
make -j12 all 
arm-none-eabi-size  BallancingRobot_V1.elf 
   text	   data	    bss	    dec	    hex	filename
  42608	    476	   2608	  45692	   b27c	BallancingRobot_V1.elf
Finished building: default.size.stdout
 
13:57:45 **** Incremental Build of configuration Debug for project BallancingRobot_V1 ****
make -j12 all 
arm-none-eabi-gcc "../Core/Src/main.c" -mcpu=cortex-m4 -std=gnu11 -g3 -DDEBUG -DUSE_HAL_DRIVER -DSTM32F411xE -c -I../Core/Inc -I../Drivers/STM32F4xx_HAL_Driver/Inc -I../Drivers/STM32F4xx_HAL_Driver/Inc/Legacy -I../Drivers/CMSIS/Device/ST/STM32F4xx/Include -I../Drivers/CMSIS/Include -O0 -ffunction-sections -fdata-sections -Wall -fstack-usage -fcyclomatic-complexity -MMD -MP -MF"Core/Src/main.d" -MT"Core/Src/main.o" --specs=nano.specs -mfpu=fpv4-sp-d16 -mfloat-abi=hard -mthumb -o "Core/Src/main.o"
arm-none-eabi-gcc -o "BallancingRobot_V1.elf" @"objects.list"   -mcpu=cortex-m4 -T"D:\GithubRepo\Inzynierka_pliki\BallancingRobot_V1\STM32F411CEUX_FLASH.ld" --specs=nosys.specs -Wl,-Map="BallancingRobot_V1.map" -Wl,--gc-sections -static --specs=nano.specs -mfpu=fpv4-sp-d16 -mfloat-abi=hard -mthumb -u _printf_float -u _scanf_float -Wl,--start-group -lc -lm -Wl,--end-group
Finished building target: BallancingRobot_V1.elf
 
arm-none-eabi-size  BallancingRobot_V1.elf 
arm-none-eabi-objdump -h -S BallancingRobot_V1.elf  > "BallancingRobot_V1.list"
   text	   data	    bss	    dec	    hex	filename
  42608	    476	   2608	  45692	   b27c	BallancingRobot_V1.elf
Finished building: default.size.stdout
 
Finished building: BallancingRobot_V1.list
 
13:58:25 **** Incremental Build of configuration Debug for project BallancingRobot_V1 ****
make -j12 all 
arm-none-eabi-gcc "../Core/Src/main.c" -mcpu=cortex-m4 -std=gnu11 -g3 -DDEBUG -DUSE_HAL_DRIVER -DSTM32F411xE -c -I../Core/Inc -I../Drivers/STM32F4xx_HAL_Driver/Inc -I../Drivers/STM32F4xx_HAL_Driver/Inc/Legacy -I../Drivers/CMSIS/Device/ST/STM32F4xx/Include -I../Drivers/CMSIS/Include -O0 -ffunction-sections -fdata-sections -Wall -fstack-usage -fcyclomatic-complexity -MMD -MP -MF"Core/Src/main.d" -MT"Core/Src/main.o" --specs=nano.specs -mfpu=fpv4-sp-d16 -mfloat-abi=hard -mthumb -o "Core/Src/main.o"
arm-none-eabi-gcc -o "BallancingRobot_V1.elf" @"objects.list"   -mcpu=cortex-m4 -T"D:\GithubRepo\Inzynierka_pliki\BallancingRobot_V1\STM32F411CEUX_FLASH.ld" --specs=nosys.specs -Wl,-Map="BallancingRobot_V1.map" -Wl,--gc-sections -static --specs=nano.specs -mfpu=fpv4-sp-d16 -mfloat-abi=hard -mthumb -u _printf_float -u _scanf_float -Wl,--start-group -lc -lm -Wl,--end-group
Finished building target: BallancingRobot_V1.elf
 
arm-none-eabi-size  BallancingRobot_V1.elf 
arm-none-eabi-objdump -h -S BallancingRobot_V1.elf  > "BallancingRobot_V1.list"
   text	   data	    bss	    dec	    hex	filename
  42608	    476	   2608	  45692	   b27c	BallancingRobot_V1.elf
Finished building: default.size.stdout
 
Finished building: BallancingRobot_V1.list
 
13:59:53 **** Incremental Build of configuration Debug for project BallancingRobot_V1 ****
make -j12 all 
arm-none-eabi-gcc "../Core/Src/main.c" -mcpu=cortex-m4 -std=gnu11 -g3 -DDEBUG -DUSE_HAL_DRIVER -DSTM32F411xE -c -I../Core/Inc -I../Drivers/STM32F4xx_HAL_Driver/Inc -I../Drivers/STM32F4xx_HAL_Driver/Inc/Legacy -I../Drivers/CMSIS/Device/ST/STM32F4xx/Include -I../Drivers/CMSIS/Include -O0 -ffunction-sections -fdata-sections -Wall -fstack-usage -fcyclomatic-complexity -MMD -MP -MF"Core/Src/main.d" -MT"Core/Src/main.o" --specs=nano.specs -mfpu=fpv4-sp-d16 -mfloat-abi=hard -mthumb -o "Core/Src/main.o"
arm-none-eabi-gcc -o "BallancingRobot_V1.elf" @"objects.list"   -mcpu=cortex-m4 -T"D:\GithubRepo\Inzynierka_pliki\BallancingRobot_V1\STM32F411CEUX_FLASH.ld" --specs=nosys.specs -Wl,-Map="BallancingRobot_V1.map" -Wl,--gc-sections -static --specs=nano.specs -mfpu=fpv4-sp-d16 -mfloat-abi=hard -mthumb -u _printf_float -u _scanf_float -Wl,--start-group -lc -lm -Wl,--end-group
Finished building target: BallancingRobot_V1.elf
 
arm-none-eabi-size  BallancingRobot_V1.elf 
arm-none-eabi-objdump -h -S BallancingRobot_V1.elf  > "BallancingRobot_V1.list"
   text	   data	    bss	    dec	    hex	filename
  42608	    476	   2608	  45692	   b27c	BallancingRobot_V1.elf
Finished building: default.size.stdout
 
Finished building: BallancingRobot_V1.list
 
14:01:44 **** Incremental Build of configuration Debug for project BallancingRobot_V1 ****
make -j12 all 
arm-none-eabi-gcc "../Core/Src/main.c" -mcpu=cortex-m4 -std=gnu11 -g3 -DDEBUG -DUSE_HAL_DRIVER -DSTM32F411xE -c -I../Core/Inc -I../Drivers/STM32F4xx_HAL_Driver/Inc -I../Drivers/STM32F4xx_HAL_Driver/Inc/Legacy -I../Drivers/CMSIS/Device/ST/STM32F4xx/Include -I../Drivers/CMSIS/Include -O0 -ffunction-sections -fdata-sections -Wall -fstack-usage -fcyclomatic-complexity -MMD -MP -MF"Core/Src/main.d" -MT"Core/Src/main.o" --specs=nano.specs -mfpu=fpv4-sp-d16 -mfloat-abi=hard -mthumb -o "Core/Src/main.o"
arm-none-eabi-gcc -o "BallancingRobot_V1.elf" @"objects.list"   -mcpu=cortex-m4 -T"D:\GithubRepo\Inzynierka_pliki\BallancingRobot_V1\STM32F411CEUX_FLASH.ld" --specs=nosys.specs -Wl,-Map="BallancingRobot_V1.map" -Wl,--gc-sections -static --specs=nano.specs -mfpu=fpv4-sp-d16 -mfloat-abi=hard -mthumb -u _printf_float -u _scanf_float -Wl,--start-group -lc -lm -Wl,--end-group
Finished building target: BallancingRobot_V1.elf
 
arm-none-eabi-size  BallancingRobot_V1.elf 
arm-none-eabi-objdump -h -S BallancingRobot_V1.elf  > "BallancingRobot_V1.list"
   text	   data	    bss	    dec	    hex	filename
  42608	    476	   2608	  45692	   b27c	BallancingRobot_V1.elf
Finished building: default.size.stdout
 
Finished building: BallancingRobot_V1.list
 
14:02:34 **** Incremental Build of configuration Debug for project BallancingRobot_V1 ****
make -j12 all 
arm-none-eabi-size  BallancingRobot_V1.elf 
   text	   data	    bss	    dec	    hex	filename
  42608	    476	   2608	  45692	   b27c	BallancingRobot_V1.elf
Finished building: default.size.stdout
 
14:03:25 **** Incremental Build of configuration Debug for project BallancingRobot_V1 ****
make -j12 all 
arm-none-eabi-gcc "../Core/Src/main.c" -mcpu=cortex-m4 -std=gnu11 -g3 -DDEBUG -DUSE_HAL_DRIVER -DSTM32F411xE -c -I../Core/Inc -I../Drivers/STM32F4xx_HAL_Driver/Inc -I../Drivers/STM32F4xx_HAL_Driver/Inc/Legacy -I../Drivers/CMSIS/Device/ST/STM32F4xx/Include -I../Drivers/CMSIS/Include -O0 -ffunction-sections -fdata-sections -Wall -fstack-usage -fcyclomatic-complexity -MMD -MP -MF"Core/Src/main.d" -MT"Core/Src/main.o" --specs=nano.specs -mfpu=fpv4-sp-d16 -mfloat-abi=hard -mthumb -o "Core/Src/main.o"
arm-none-eabi-gcc -o "BallancingRobot_V1.elf" @"objects.list"   -mcpu=cortex-m4 -T"D:\GithubRepo\Inzynierka_pliki\BallancingRobot_V1\STM32F411CEUX_FLASH.ld" --specs=nosys.specs -Wl,-Map="BallancingRobot_V1.map" -Wl,--gc-sections -static --specs=nano.specs -mfpu=fpv4-sp-d16 -mfloat-abi=hard -mthumb -u _printf_float -u _scanf_float -Wl,--start-group -lc -lm -Wl,--end-group
Finished building target: BallancingRobot_V1.elf
 
arm-none-eabi-size  BallancingRobot_V1.elf 
arm-none-eabi-objdump -h -S BallancingRobot_V1.elf  > "BallancingRobot_V1.list"
   text	   data	    bss	    dec	    hex	filename
  42608	    476	   2608	  45692	   b27c	BallancingRobot_V1.elf
Finished building: default.size.stdout
 
Finished building: BallancingRobot_V1.list
 
14:04:58 **** Incremental Build of configuration Debug for project BallancingRobot_V1 ****
make -j12 all 
arm-none-eabi-gcc "../Core/Src/main.c" -mcpu=cortex-m4 -std=gnu11 -g3 -DDEBUG -DUSE_HAL_DRIVER -DSTM32F411xE -c -I../Core/Inc -I../Drivers/STM32F4xx_HAL_Driver/Inc -I../Drivers/STM32F4xx_HAL_Driver/Inc/Legacy -I../Drivers/CMSIS/Device/ST/STM32F4xx/Include -I../Drivers/CMSIS/Include -O0 -ffunction-sections -fdata-sections -Wall -fstack-usage -fcyclomatic-complexity -MMD -MP -MF"Core/Src/main.d" -MT"Core/Src/main.o" --specs=nano.specs -mfpu=fpv4-sp-d16 -mfloat-abi=hard -mthumb -o "Core/Src/main.o"
arm-none-eabi-gcc -o "BallancingRobot_V1.elf" @"objects.list"   -mcpu=cortex-m4 -T"D:\GithubRepo\Inzynierka_pliki\BallancingRobot_V1\STM32F411CEUX_FLASH.ld" --specs=nosys.specs -Wl,-Map="BallancingRobot_V1.map" -Wl,--gc-sections -static --specs=nano.specs -mfpu=fpv4-sp-d16 -mfloat-abi=hard -mthumb -u _printf_float -u _scanf_float -Wl,--start-group -lc -lm -Wl,--end-group
Finished building target: BallancingRobot_V1.elf
 
arm-none-eabi-size  BallancingRobot_V1.elf 
arm-none-eabi-objdump -h -S BallancingRobot_V1.elf  > "BallancingRobot_V1.list"
   text	   data	    bss	    dec	    hex	filename
  42608	    476	   2608	  45692	   b27c	BallancingRobot_V1.elf
Finished building: default.size.stdout
 
Finished building: BallancingRobot_V1.list
 
14:07:35 **** Incremental Build of configuration Debug for project BallancingRobot_V1 ****
make -j12 all 
arm-none-eabi-gcc "../Core/Src/main.c" -mcpu=cortex-m4 -std=gnu11 -g3 -DDEBUG -DUSE_HAL_DRIVER -DSTM32F411xE -c -I../Core/Inc -I../Drivers/STM32F4xx_HAL_Driver/Inc -I../Drivers/STM32F4xx_HAL_Driver/Inc/Legacy -I../Drivers/CMSIS/Device/ST/STM32F4xx/Include -I../Drivers/CMSIS/Include -O0 -ffunction-sections -fdata-sections -Wall -fstack-usage -fcyclomatic-complexity -MMD -MP -MF"Core/Src/main.d" -MT"Core/Src/main.o" --specs=nano.specs -mfpu=fpv4-sp-d16 -mfloat-abi=hard -mthumb -o "Core/Src/main.o"
../Core/Src/main.c: In function 'AngleControl':
../Core/Src/main.c:49:20: error: invalid suffix "f" on integer constant
   49 | #define MIN_PWM_A  118f         // Silnik A rusza przy 11
      |                    ^~~~
../Core/Src/main.c:371:25: note: in expansion of macro 'MIN_PWM_A'
  371 |         PwmA = AbsPid + MIN_PWM_A;
      |                         ^~~~~~~~~
make: *** [Core/Src/subdir.mk:58: Core/Src/main.o] Error 1
"make -j12 all" terminated with exit code 2. Build might be incomplete.
14:07:36 **** Incremental Build of configuration Debug for project BallancingRobot_V2 ****
make -j12 all 
arm-none-eabi-size  BallancingRobot_V2.elf 
   text	   data	    bss	    dec	    hex	filename
  47120	    496	   2816	  50432	   c500	BallancingRobot_V2.elf
Finished building: default.size.stdout
 
14:07:37 **** Incremental Build of configuration Debug for project EncoderPins ****
make -j12 all 
arm-none-eabi-size  EncoderPins.elf 
   text	   data	    bss	    dec	    hex	filename
   4748	     12	   1572	   6332	   18bc	EncoderPins.elf
Finished building: default.size.stdout
 
14:07:38 **** Incremental Build of configuration Debug for project MPU6050_Liblary ****
make -j12 all 
arm-none-eabi-size  MPU6050_Liblary.elf 
   text	   data	    bss	    dec	    hex	filename
  45256	    468	   2476	  48200	   bc48	MPU6050_Liblary.elf
Finished building: default.size.stdout
 
14:07:38 **** Incremental Build of configuration Debug for project Servomotor_Test_MPU6050 ****
make -j12 all 
arm-none-eabi-size  Servomotor_Test_MPU6050.elf 
   text	   data	    bss	    dec	    hex	filename
  53400	    468	   2340	  56208	   db90	Servomotor_Test_MPU6050.elf
Finished building: default.size.stdout
 
14:07:39 **** Incremental Build of configuration Debug for project TestingMotorsWithPWM ****
make -j12 all 
arm-none-eabi-size  TestingMotorsWithPWM.elf 
   text	   data	    bss	    dec	    hex	filename
  44520	    496	   2528	  47544	   b9b8	TestingMotorsWithPWM.elf
Finished building: default.size.stdout
 
14:07:41 **** Incremental Build of configuration Debug for project BallancingRobot_V1 ****
make -j12 all 
arm-none-eabi-gcc "../Core/Src/main.c" -mcpu=cortex-m4 -std=gnu11 -g3 -DDEBUG -DUSE_HAL_DRIVER -DSTM32F411xE -c -I../Core/Inc -I../Drivers/STM32F4xx_HAL_Driver/Inc -I../Drivers/STM32F4xx_HAL_Driver/Inc/Legacy -I../Drivers/CMSIS/Device/ST/STM32F4xx/Include -I../Drivers/CMSIS/Include -O0 -ffunction-sections -fdata-sections -Wall -fstack-usage -fcyclomatic-complexity -MMD -MP -MF"Core/Src/main.d" -MT"Core/Src/main.o" --specs=nano.specs -mfpu=fpv4-sp-d16 -mfloat-abi=hard -mthumb -o "Core/Src/main.o"
arm-none-eabi-gcc -o "BallancingRobot_V1.elf" @"objects.list"   -mcpu=cortex-m4 -T"D:\GithubRepo\Inzynierka_pliki\BallancingRobot_V1\STM32F411CEUX_FLASH.ld" --specs=nosys.specs -Wl,-Map="BallancingRobot_V1.map" -Wl,--gc-sections -static --specs=nano.specs -mfpu=fpv4-sp-d16 -mfloat-abi=hard -mthumb -u _printf_float -u _scanf_float -Wl,--start-group -lc -lm -Wl,--end-group
Finished building target: BallancingRobot_V1.elf
 
arm-none-eabi-size  BallancingRobot_V1.elf 
arm-none-eabi-objdump -h -S BallancingRobot_V1.elf  > "BallancingRobot_V1.list"
   text	   data	    bss	    dec	    hex	filename
  42608	    476	   2608	  45692	   b27c	BallancingRobot_V1.elf
Finished building: default.size.stdout
 
Finished building: BallancingRobot_V1.list
 
14:07:43 **** Incremental Build of configuration Debug for project BallancingRobot_V2 ****
make -j12 all 
arm-none-eabi-size  BallancingRobot_V2.elf 
   text	   data	    bss	    dec	    hex	filename
  47120	    496	   2816	  50432	   c500	BallancingRobot_V2.elf
Finished building: default.size.stdout
 
14:07:44 **** Incremental Build of configuration Debug for project EncoderPins ****
make -j12 all 
arm-none-eabi-size  EncoderPins.elf 
   text	   data	    bss	    dec	    hex	filename
   4748	     12	   1572	   6332	   18bc	EncoderPins.elf
Finished building: default.size.stdout
 
14:07:44 **** Incremental Build of configuration Debug for project MPU6050_Liblary ****
make -j12 all 
arm-none-eabi-size  MPU6050_Liblary.elf 
   text	   data	    bss	    dec	    hex	filename
  45256	    468	   2476	  48200	   bc48	MPU6050_Liblary.elf
Finished building: default.size.stdout
 
14:07:45 **** Incremental Build of configuration Debug for project Servomotor_Test_MPU6050 ****
make -j12 all 
arm-none-eabi-size  Servomotor_Test_MPU6050.elf 
   text	   data	    bss	    dec	    hex	filename
  53400	    468	   2340	  56208	   db90	Servomotor_Test_MPU6050.elf
Finished building: default.size.stdout
 
14:07:46 **** Incremental Build of configuration Debug for project TestingMotorsWithPWM ****
make -j12 all 
arm-none-eabi-size  TestingMotorsWithPWM.elf 
   text	   data	    bss	    dec	    hex	filename
  44520	    496	   2528	  47544	   b9b8	TestingMotorsWithPWM.elf
Finished building: default.size.stdout
 
14:08:40 **** Incremental Build of configuration Debug for project BallancingRobot_V1 ****
make -j12 all 
arm-none-eabi-gcc "../Core/Src/main.c" -mcpu=cortex-m4 -std=gnu11 -g3 -DDEBUG -DUSE_HAL_DRIVER -DSTM32F411xE -c -I../Core/Inc -I../Drivers/STM32F4xx_HAL_Driver/Inc -I../Drivers/STM32F4xx_HAL_Driver/Inc/Legacy -I../Drivers/CMSIS/Device/ST/STM32F4xx/Include -I../Drivers/CMSIS/Include -O0 -ffunction-sections -fdata-sections -Wall -fstack-usage -fcyclomatic-complexity -MMD -MP -MF"Core/Src/main.d" -MT"Core/Src/main.o" --specs=nano.specs -mfpu=fpv4-sp-d16 -mfloat-abi=hard -mthumb -o "Core/Src/main.o"
arm-none-eabi-gcc -o "BallancingRobot_V1.elf" @"objects.list"   -mcpu=cortex-m4 -T"D:\GithubRepo\Inzynierka_pliki\BallancingRobot_V1\STM32F411CEUX_FLASH.ld" --specs=nosys.specs -Wl,-Map="BallancingRobot_V1.map" -Wl,--gc-sections -static --specs=nano.specs -mfpu=fpv4-sp-d16 -mfloat-abi=hard -mthumb -u _printf_float -u _scanf_float -Wl,--start-group -lc -lm -Wl,--end-group
Finished building target: BallancingRobot_V1.elf
 
arm-none-eabi-size  BallancingRobot_V1.elf 
arm-none-eabi-objdump -h -S BallancingRobot_V1.elf  > "BallancingRobot_V1.list"
   text	   data	    bss	    dec	    hex	filename
  45728	    476	   2616	  48820	   beb4	BallancingRobot_V1.elf
Finished building: default.size.stdout
 
Finished building: BallancingRobot_V1.list
 
14:08:54 **** Incremental Build of configuration Debug for project BallancingRobot_V1 ****
make -j12 all 
arm-none-eabi-size  BallancingRobot_V1.elf 
   text	   data	    bss	    dec	    hex	filename
  45728	    476	   2616	  48820	   beb4	BallancingRobot_V1.elf
Finished building: default.size.stdout
 
14:09:11 **** Incremental Build of configuration Debug for project BallancingRobot_V1 ****
make -j12 all 
arm-none-eabi-size  BallancingRobot_V1.elf 
   text	   data	    bss	    dec	    hex	filename
  45728	    476	   2616	  48820	   beb4	BallancingRobot_V1.elf
Finished building: default.size.stdout
 
14:09:40 **** Incremental Build of configuration Debug for project BallancingRobot_V1 ****
make -j12 all 
arm-none-eabi-size  BallancingRobot_V1.elf 
   text	   data	    bss	    dec	    hex	filename
  45728	    476	   2616	  48820	   beb4	BallancingRobot_V1.elf
Finished building: default.size.stdout
 
15:02:46 **** Incremental Build of configuration Debug for project BallancingRobot_V1 ****
make -j12 all 
arm-none-eabi-gcc "../Core/Src/main.c" -mcpu=cortex-m4 -std=gnu11 -g3 -DDEBUG -DUSE_HAL_DRIVER -DSTM32F411xE -c -I../Core/Inc -I../Drivers/STM32F4xx_HAL_Driver/Inc -I../Drivers/STM32F4xx_HAL_Driver/Inc/Legacy -I../Drivers/CMSIS/Device/ST/STM32F4xx/Include -I../Drivers/CMSIS/Include -O0 -ffunction-sections -fdata-sections -Wall -fstack-usage -fcyclomatic-complexity -MMD -MP -MF"Core/Src/main.d" -MT"Core/Src/main.o" --specs=nano.specs -mfpu=fpv4-sp-d16 -mfloat-abi=hard -mthumb -o "Core/Src/main.o"
../Core/Src/main.c: In function 'AngleControl':
../Core/Src/main.c:392:24: error: too many arguments to function 'MapValues'
  392 |     float PwmMappedA = MapValues(PWM_MAX_VALUE, PidPwmOutput, PwmA);
      |                        ^~~~~~~~~
../Core/Src/main.c:323:7: note: declared here
  323 | float MapValues(float MaxValue, float InputValue)
      |       ^~~~~~~~~
../Core/Src/main.c:393:24: error: too many arguments to function 'MapValues'
  393 |     float PwmMappedB = MapValues(PWM_MAX_VALUE, PidPwmOutput, PwmB);
      |                        ^~~~~~~~~
../Core/Src/main.c:323:7: note: declared here
  323 | float MapValues(float MaxValue, float InputValue)
      |       ^~~~~~~~~
make: *** [Core/Src/subdir.mk:58: Core/Src/main.o] Error 1
"make -j12 all" terminated with exit code 2. Build might be incomplete.
15:02:47 **** Incremental Build of configuration Debug for project BallancingRobot_V2 ****
make -j12 all 
arm-none-eabi-size  BallancingRobot_V2.elf 
   text	   data	    bss	    dec	    hex	filename
  47120	    496	   2816	  50432	   c500	BallancingRobot_V2.elf
Finished building: default.size.stdout
 
15:02:48 **** Incremental Build of configuration Debug for project EncoderPins ****
make -j12 all 
arm-none-eabi-size  EncoderPins.elf 
   text	   data	    bss	    dec	    hex	filename
   4748	     12	   1572	   6332	   18bc	EncoderPins.elf
Finished building: default.size.stdout
 
15:02:49 **** Incremental Build of configuration Debug for project MPU6050_Liblary ****
make -j12 all 
arm-none-eabi-size  MPU6050_Liblary.elf 
   text	   data	    bss	    dec	    hex	filename
  45256	    468	   2476	  48200	   bc48	MPU6050_Liblary.elf
Finished building: default.size.stdout
 
15:02:50 **** Incremental Build of configuration Debug for project Servomotor_Test_MPU6050 ****
make -j12 all 
arm-none-eabi-size  Servomotor_Test_MPU6050.elf 
   text	   data	    bss	    dec	    hex	filename
  53400	    468	   2340	  56208	   db90	Servomotor_Test_MPU6050.elf
Finished building: default.size.stdout
 
15:02:50 **** Incremental Build of configuration Debug for project TestingMotorsWithPWM ****
make -j12 all 
arm-none-eabi-size  TestingMotorsWithPWM.elf 
   text	   data	    bss	    dec	    hex	filename
  44520	    496	   2528	  47544	   b9b8	TestingMotorsWithPWM.elf
Finished building: default.size.stdout
 
15:02:58 **** Incremental Build of configuration Debug for project BallancingRobot_V1 ****
make -j12 all 
arm-none-eabi-gcc "../Core/Src/main.c" -mcpu=cortex-m4 -std=gnu11 -g3 -DDEBUG -DUSE_HAL_DRIVER -DSTM32F411xE -c -I../Core/Inc -I../Drivers/STM32F4xx_HAL_Driver/Inc -I../Drivers/STM32F4xx_HAL_Driver/Inc/Legacy -I../Drivers/CMSIS/Device/ST/STM32F4xx/Include -I../Drivers/CMSIS/Include -O0 -ffunction-sections -fdata-sections -Wall -fstack-usage -fcyclomatic-complexity -MMD -MP -MF"Core/Src/main.d" -MT"Core/Src/main.o" --specs=nano.specs -mfpu=fpv4-sp-d16 -mfloat-abi=hard -mthumb -o "Core/Src/main.o"
../Core/Src/main.c: In function 'AngleControl':
../Core/Src/main.c:392:24: error: too many arguments to function 'MapValues'
  392 |     float PwmMappedA = MapValues(PWM_MAX_VALUE, PidPwmOutput, PwmA);
      |                        ^~~~~~~~~
../Core/Src/main.c:323:7: note: declared here
  323 | float MapValues(float MaxValue, float InputValue)
      |       ^~~~~~~~~
../Core/Src/main.c:393:24: error: too many arguments to function 'MapValues'
  393 |     float PwmMappedB = MapValues(PWM_MAX_VALUE, PidPwmOutput, PwmB);
      |                        ^~~~~~~~~
../Core/Src/main.c:323:7: note: declared here
  323 | float MapValues(float MaxValue, float InputValue)
      |       ^~~~~~~~~
make: *** [Core/Src/subdir.mk:58: Core/Src/main.o] Error 1
"make -j12 all" terminated with exit code 2. Build might be incomplete.
15:03:13 **** Incremental Build of configuration Debug for project BallancingRobot_V1 ****
make -j12 all 
arm-none-eabi-gcc "../Core/Src/main.c" -mcpu=cortex-m4 -std=gnu11 -g3 -DDEBUG -DUSE_HAL_DRIVER -DSTM32F411xE -c -I../Core/Inc -I../Drivers/STM32F4xx_HAL_Driver/Inc -I../Drivers/STM32F4xx_HAL_Driver/Inc/Legacy -I../Drivers/CMSIS/Device/ST/STM32F4xx/Include -I../Drivers/CMSIS/Include -O0 -ffunction-sections -fdata-sections -Wall -fstack-usage -fcyclomatic-complexity -MMD -MP -MF"Core/Src/main.d" -MT"Core/Src/main.o" --specs=nano.specs -mfpu=fpv4-sp-d16 -mfloat-abi=hard -mthumb -o "Core/Src/main.o"
arm-none-eabi-gcc -o "BallancingRobot_V1.elf" @"objects.list"   -mcpu=cortex-m4 -T"D:\GithubRepo\Inzynierka_pliki\BallancingRobot_V1\STM32F411CEUX_FLASH.ld" --specs=nosys.specs -Wl,-Map="BallancingRobot_V1.map" -Wl,--gc-sections -static --specs=nano.specs -mfpu=fpv4-sp-d16 -mfloat-abi=hard -mthumb -u _printf_float -u _scanf_float -Wl,--start-group -lc -lm -Wl,--end-group
Finished building target: BallancingRobot_V1.elf
 
arm-none-eabi-size  BallancingRobot_V1.elf 
arm-none-eabi-objdump -h -S BallancingRobot_V1.elf  > "BallancingRobot_V1.list"
   text	   data	    bss	    dec	    hex	filename
  45744	    476	   2616	  48836	   bec4	BallancingRobot_V1.elf
Finished building: default.size.stdout
 
Finished building: BallancingRobot_V1.list
 
15:03:15 **** Incremental Build of configuration Debug for project BallancingRobot_V2 ****
make -j12 all 
arm-none-eabi-size  BallancingRobot_V2.elf 
   text	   data	    bss	    dec	    hex	filename
  47120	    496	   2816	  50432	   c500	BallancingRobot_V2.elf
Finished building: default.size.stdout
 
15:03:16 **** Incremental Build of configuration Debug for project EncoderPins ****
make -j12 all 
arm-none-eabi-size  EncoderPins.elf 
   text	   data	    bss	    dec	    hex	filename
   4748	     12	   1572	   6332	   18bc	EncoderPins.elf
Finished building: default.size.stdout
 
15:03:17 **** Incremental Build of configuration Debug for project MPU6050_Liblary ****
make -j12 all 
arm-none-eabi-size  MPU6050_Liblary.elf 
   text	   data	    bss	    dec	    hex	filename
  45256	    468	   2476	  48200	   bc48	MPU6050_Liblary.elf
Finished building: default.size.stdout
 
15:03:17 **** Incremental Build of configuration Debug for project Servomotor_Test_MPU6050 ****
make -j12 all 
arm-none-eabi-size  Servomotor_Test_MPU6050.elf 
   text	   data	    bss	    dec	    hex	filename
  53400	    468	   2340	  56208	   db90	Servomotor_Test_MPU6050.elf
Finished building: default.size.stdout
 
15:03:18 **** Incremental Build of configuration Debug for project TestingMotorsWithPWM ****
make -j12 all 
arm-none-eabi-size  TestingMotorsWithPWM.elf 
   text	   data	    bss	    dec	    hex	filename
  44520	    496	   2528	  47544	   b9b8	TestingMotorsWithPWM.elf
Finished building: default.size.stdout
 
15:03:24 **** Incremental Build of configuration Debug for project BallancingRobot_V1 ****
make -j12 all 
arm-none-eabi-size  BallancingRobot_V1.elf 
   text	   data	    bss	    dec	    hex	filename
  45744	    476	   2616	  48836	   bec4	BallancingRobot_V1.elf
Finished building: default.size.stdout
 
15:05:41 **** Incremental Build of configuration Debug for project BallancingRobot_V1 ****
make -j12 all 
[...]
Finished building target: BallancingRobot_V1.elf
 
arm-none-eabi-size  BallancingRobot_V1.elf 
arm-none-eabi-objdump -h -S BallancingRobot_V1.elf  > "BallancingRobot_V1.list"
   text	   data	    bss	    dec	    hex	filename
  47608	    620	   2872	  51100	   c79c	BallancingRobot_V1.elf
Finished building: default.size.stdout
 
Finished building: BallancingRobot_V1.list
 
12:06:10 **** Incremental Build of configuration Debug for project BallancingRobot_V2 ****
make -j12 all 
arm-none-eabi-size  BallancingRobot_V2.elf 
   text	   data	    bss	    dec	    hex	filename
  47120	    496	   2816	  50432	   c500	BallancingRobot_V2.elf
Finished building: default.size.stdout
 
12:06:11 **** Incremental Build of configuration Debug for project EncoderPins ****
make -j12 all 
arm-none-eabi-size  EncoderPins.elf 
   text	   data	    bss	    dec	    hex	filename
   4748	     12	   1572	   6332	   18bc	EncoderPins.elf
Finished building: default.size.stdout
 
12:06:12 **** Incremental Build of configuration Debug for project MPU6050_Liblary ****
make -j12 all 
arm-none-eabi-size  MPU6050_Liblary.elf 
   text	   data	    bss	    dec	    hex	filename
  45256	    468	   2476	  48200	   bc48	MPU6050_Liblary.elf
Finished building: default.size.stdout
 
12:06:13 **** Incremental Build of configuration Debug for project Servomotor_Test_MPU6050 ****
make -j12 all 
arm-none-eabi-size  Servomotor_Test_MPU6050.elf 
   text	   data	    bss	    dec	    hex	filename
  53400	    468	   2340	  56208	   db90	Servomotor_Test_MPU6050.elf
Finished building: default.size.stdout
 
12:06:13 **** Incremental Build of configuration Debug for project TestingMotorsWithPWM ****
make -j12 all 
arm-none-eabi-size  TestingMotorsWithPWM.elf 
   text	   data	    bss	    dec	    hex	filename
  44520	    496	   2528	  47544	   b9b8	TestingMotorsWithPWM.elf
Finished building: default.size.stdout
 
12:12:04 **** Incremental Build of configuration Debug for project BallancingRobot_V1 ****
make -j12 all 
arm-none-eabi-gcc "../Core/Src/main.c" -mcpu=cortex-m4 -std=gnu11 -g3 -DDEBUG -DUSE_HAL_DRIVER -DSTM32F411xE -c -I../Core/Inc -I../Drivers/STM32F4xx_HAL_Driver/Inc -I../Drivers/STM32F4xx_HAL_Driver/Inc/Legacy -I../Drivers/CMSIS/Device/ST/STM32F4xx/Include -I../Drivers/CMSIS/Include -O0 -ffunction-sections -fdata-sections -Wall -fstack-usage -fcyclomatic-complexity -MMD -MP -MF"Core/Src/main.d" -MT"Core/Src/main.o" --specs=nano.specs -mfpu=fpv4-sp-d16 -mfloat-abi=hard -mthumb -o "Core/Src/main.o"
../Core/Src/main.c: In function 'main':
../Core/Src/main.c:219:62: error: 'SPEED_DT' undeclared (first use in this function)
  219 |   PID_Init(&PidSpeed, PID_SPEED_P, PID_SPEED_I, PID_SPEED_D, SPEED_DT, MaxAngleOutput, -MaxAngleOutput);
      |                                                              ^~~~~~~~
../Core/Src/main.c:219:62: note: each undeclared identifier is reported only once for each function it appears in
make: *** [Core/Src/subdir.mk:61: Core/Src/main.o] Error 1
"make -j12 all" terminated with exit code 2. Build might be incomplete.
12:12:05 **** Incremental Build of configuration Debug for project BallancingRobot_V2 ****
make -j12 all 
arm-none-eabi-size  BallancingRobot_V2.elf 
   text	   data	    bss	    dec	    hex	filename
  47120	    496	   2816	  50432	   c500	BallancingRobot_V2.elf
Finished building: default.size.stdout
 
12:12:06 **** Incremental Build of configuration Debug for project EncoderPins ****
make -j12 all 
arm-none-eabi-size  EncoderPins.elf 
   text	   data	    bss	    dec	    hex	filename
   4748	     12	   1572	   6332	   18bc	EncoderPins.elf
Finished building: default.size.stdout
 
12:12:06 **** Incremental Build of configuration Debug for project MPU6050_Liblary ****
make -j12 all 
arm-none-eabi-size  MPU6050_Liblary.elf 
   text	   data	    bss	    dec	    hex	filename
  45256	    468	   2476	  48200	   bc48	MPU6050_Liblary.elf
Finished building: default.size.stdout
 
12:12:07 **** Incremental Build of configuration Debug for project Servomotor_Test_MPU6050 ****
make -j12 all 
arm-none-eabi-size  Servomotor_Test_MPU6050.elf 
   text	   data	    bss	    dec	    hex	filename
  53400	    468	   2340	  56208	   db90	Servomotor_Test_MPU6050.elf
Finished building: default.size.stdout
 
12:12:08 **** Incremental Build of configuration Debug for project TestingMotorsWithPWM ****
make -j12 all 
arm-none-eabi-size  TestingMotorsWithPWM.elf 
   text	   data	    bss	    dec	    hex	filename
  44520	    496	   2528	  47544	   b9b8	TestingMotorsWithPWM.elf
Finished building: default.size.stdout
 
12:12:35 **** Incremental Build of configuration Debug for project BallancingRobot_V1 ****
make -j12 all 
arm-none-eabi-gcc "../Core/Src/main.c" -mcpu=cortex-m4 -std=gnu11 -g3 -DDEBUG -DUSE_HAL_DRIVER -DSTM32F411xE -c -I../Core/Inc -I../Drivers/STM32F4xx_HAL_Driver/Inc -I../Drivers/STM32F4xx_HAL_Driver/Inc/Legacy -I../Drivers/CMSIS/Device/ST/STM32F4xx/Include -I../Drivers/CMSIS/Include -O0 -ffunction-sections -fdata-sections -Wall -fstack-usage -fcyclomatic-complexity -MMD -MP -MF"Core/Src/main.d" -MT"Core/Src/main.o" --specs=nano.specs -mfpu=fpv4-sp-d16 -mfloat-abi=hard -mthumb -o "Core/Src/main.o"
arm-none-eabi-gcc -o "BallancingRobot_V1.elf" @"objects.list"   -mcpu=cortex-m4 -T"D:\GithubRepo\Inzynierka_pliki\BallancingRobot_V1\STM32F411CEUX_FLASH.ld" --specs=nosys.specs -Wl,-Map="BallancingRobot_V1.map" -Wl,--gc-sections -static --specs=nano.specs -mfpu=fpv4-sp-d16 -mfloat-abi=hard -mthumb -u _printf_float -u _scanf_float -Wl,--start-group -lc -lm -Wl,--end-group
Finished building target: BallancingRobot_V1.elf
 
arm-none-eabi-size  BallancingRobot_V1.elf 
arm-none-eabi-objdump -h -S BallancingRobot_V1.elf  > "BallancingRobot_V1.list"
   text	   data	    bss	    dec	    hex	filename
  47648	    620	   2872	  51140	   c7c4	BallancingRobot_V1.elf
Finished building: default.size.stdout
 
Finished building: BallancingRobot_V1.list
 
12:12:37 **** Incremental Build of configuration Debug for project BallancingRobot_V2 ****
make -j12 all 
arm-none-eabi-size  BallancingRobot_V2.elf 
   text	   data	    bss	    dec	    hex	filename
  47120	    496	   2816	  50432	   c500	BallancingRobot_V2.elf
Finished building: default.size.stdout
 
12:12:38 **** Incremental Build of configuration Debug for project EncoderPins ****
make -j12 all 
arm-none-eabi-size  EncoderPins.elf 
   text	   data	    bss	    dec	    hex	filename
   4748	     12	   1572	   6332	   18bc	EncoderPins.elf
Finished building: default.size.stdout
 
12:12:38 **** Incremental Build of configuration Debug for project MPU6050_Liblary ****
make -j12 all 
arm-none-eabi-size  MPU6050_Liblary.elf 
   text	   data	    bss	    dec	    hex	filename
  45256	    468	   2476	  48200	   bc48	MPU6050_Liblary.elf
Finished building: default.size.stdout
 
12:12:39 **** Incremental Build of configuration Debug for project Servomotor_Test_MPU6050 ****
make -j12 all 
arm-none-eabi-size  Servomotor_Test_MPU6050.elf 
   text	   data	    bss	    dec	    hex	filename
  53400	    468	   2340	  56208	   db90	Servomotor_Test_MPU6050.elf
Finished building: default.size.stdout
 
12:12:40 **** Incremental Build of configuration Debug for project TestingMotorsWithPWM ****
make -j12 all 
arm-none-eabi-size  TestingMotorsWithPWM.elf 
   text	   data	    bss	    dec	    hex	filename
  44520	    496	   2528	  47544	   b9b8	TestingMotorsWithPWM.elf
Finished building: default.size.stdout
 
12:14:12 **** Incremental Build of configuration Debug for project BallancingRobot_V1 ****
make -j12 all 
arm-none-eabi-gcc "../Core/Src/main.c" -mcpu=cortex-m4 -std=gnu11 -g3 -DDEBUG -DUSE_HAL_DRIVER -DSTM32F411xE -c -I../Core/Inc -I../Drivers/STM32F4xx_HAL_Driver/Inc -I../Drivers/STM32F4xx_HAL_Driver/Inc/Legacy -I../Drivers/CMSIS/Device/ST/STM32F4xx/Include -I../Drivers/CMSIS/Include -O0 -ffunction-sections -fdata-sections -Wall -fstack-usage -fcyclomatic-complexity -MMD -MP -MF"Core/Src/main.d" -MT"Core/Src/main.o" --specs=nano.specs -mfpu=fpv4-sp-d16 -mfloat-abi=hard -mthumb -o "Core/Src/main.o"
arm-none-eabi-gcc -o "BallancingRobot_V1.elf" @"objects.list"   -mcpu=cortex-m4 -T"D:\GithubRepo\Inzynierka_pliki\BallancingRobot_V1\STM32F411CEUX_FLASH.ld" --specs=nosys.specs -Wl,-Map="BallancingRobot_V1.map" -Wl,--gc-sections -static --specs=nano.specs -mfpu=fpv4-sp-d16 -mfloat-abi=hard -mthumb -u _printf_float -u _scanf_float -Wl,--start-group -lc -lm -Wl,--end-group
Finished building target: BallancingRobot_V1.elf
 
arm-none-eabi-size  BallancingRobot_V1.elf 
arm-none-eabi-objdump -h -S BallancingRobot_V1.elf  > "BallancingRobot_V1.list"
   text	   data	    bss	    dec	    hex	filename
  47656	    620	   2872	  51148	   c7cc	BallancingRobot_V1.elf
Finished building: default.size.stdout
 
Finished building: BallancingRobot_V1.list
 
12:14:35 **** Incremental Build of configuration Debug for project BallancingRobot_V1 ****
make -j12 all 
arm-none-eabi-gcc "../Core/Src/main.c" -mcpu=cortex-m4 -std=gnu11 -g3 -DDEBUG -DUSE_HAL_DRIVER -DSTM32F411xE -c -I../Core/Inc -I../Drivers/STM32F4xx_HAL_Driver/Inc -I../Drivers/STM32F4xx_HAL_Driver/Inc/Legacy -I../Drivers/CMSIS/Device/ST/STM32F4xx/Include -I../Drivers/CMSIS/Include -O0 -ffunction-sections -fdata-sections -Wall -fstack-usage -fcyclomatic-complexity -MMD -MP -MF"Core/Src/main.d" -MT"Core/Src/main.o" --specs=nano.specs -mfpu=fpv4-sp-d16 -mfloat-abi=hard -mthumb -o "Core/Src/main.o"
arm-none-eabi-gcc -o "BallancingRobot_V1.elf" @"objects.list"   -mcpu=cortex-m4 -T"D:\GithubRepo\Inzynierka_pliki\BallancingRobot_V1\STM32F411CEUX_FLASH.ld" --specs=nosys.specs -Wl,-Map="BallancingRobot_V1.map" -Wl,--gc-sections -static --specs=nano.specs -mfpu=fpv4-sp-d16 -mfloat-abi=hard -mthumb -u _printf_float -u _scanf_float -Wl,--start-group -lc -lm -Wl,--end-group
Finished building target: BallancingRobot_V1.elf
 
arm-none-eabi-size  BallancingRobot_V1.elf 
arm-none-eabi-objdump -h -S BallancingRobot_V1.elf  > "BallancingRobot_V1.list"
   text	   data	    bss	    dec	    hex	filename
  47656	    620	   2872	  51148	   c7cc	BallancingRobot_V1.elf
Finished building: default.size.stdout
 
Finished building: BallancingRobot_V1.list
 
12:14:54 **** Incremental Build of configuration Debug for project BallancingRobot_V1 ****
make -j12 all 
arm-none-eabi-size  BallancingRobot_V1.elf 
   text	   data	    bss	    dec	    hex	filename
  47656	    620	   2872	  51148	   c7cc	BallancingRobot_V1.elf
Finished building: default.size.stdout
 
12:15:22 **** Incremental Build of configuration Debug for project BallancingRobot_V1 ****
make -j12 all 
arm-none-eabi-gcc "../Core/Src/main.c" -mcpu=cortex-m4 -std=gnu11 -g3 -DDEBUG -DUSE_HAL_DRIVER -DSTM32F411xE -c -I../Core/Inc -I../Drivers/STM32F4xx_HAL_Driver/Inc -I../Drivers/STM32F4xx_HAL_Driver/Inc/Legacy -I../Drivers/CMSIS/Device/ST/STM32F4xx/Include -I../Drivers/CMSIS/Include -O0 -ffunction-sections -fdata-sections -Wall -fstack-usage -fcyclomatic-complexity -MMD -MP -MF"Core/Src/main.d" -MT"Core/Src/main.o" --specs=nano.specs -mfpu=fpv4-sp-d16 -mfloat-abi=hard -mthumb -o "Core/Src/main.o"
arm-none-eabi-gcc -o "BallancingRobot_V1.elf" @"objects.list"   -mcpu=cortex-m4 -T"D:\GithubRepo\Inzynierka_pliki\BallancingRobot_V1\STM32F411CEUX_FLASH.ld" --specs=nosys.specs -Wl,-Map="BallancingRobot_V1.map" -Wl,--gc-sections -static --specs=nano.specs -mfpu=fpv4-sp-d16 -mfloat-abi=hard -mthumb -u _printf_float -u _scanf_float -Wl,--start-group -lc -lm -Wl,--end-group
Finished building target: BallancingRobot_V1.elf
 
arm-none-eabi-size  BallancingRobot_V1.elf 
arm-none-eabi-objdump -h -S BallancingRobot_V1.elf  > "BallancingRobot_V1.list"
   text	   data	    bss	    dec	    hex	filename
  47656	    620	   2872	  51148	   c7cc	BallancingRobot_V1.elf
Finished building: default.size.stdout
 
Finished building: BallancingRobot_V1.list
 
19:23:23 **** Incremental Build of configuration Debug for project BallancingRobot_V1 ****
make -j12 all 
arm-none-eabi-gcc "../Core/Src/main.c" -mcpu=cortex-m4 -std=gnu11 -g3 -DDEBUG -DUSE_HAL_DRIVER -DSTM32F411xE -c -I../Core/Inc -I../Drivers/STM32F4xx_HAL_Driver/Inc -I../Drivers/STM32F4xx_HAL_Driver/Inc/Legacy -I../Drivers/CMSIS/Device/ST/STM32F4xx/Include -I../Drivers/CMSIS/Include -O0 -ffunction-sections -fdata-sections -Wall -fstack-usage -fcyclomatic-complexity -MMD -MP -MF"Core/Src/main.d" -MT"Core/Src/main.o" --specs=nano.specs -mfpu=fpv4-sp-d16 -mfloat-abi=hard -mthumb -o "Core/Src/main.o"
arm-none-eabi-gcc -o "BallancingRobot_V1.elf" @"objects.list"   -mcpu=cortex-m4 -T"D:\GithubRepo\Inzynierka_pliki\BallancingRobot_V1\STM32F411CEUX_FLASH.ld" --specs=nosys.specs -Wl,-Map="BallancingRobot_V1.map" -Wl,--gc-sections -static --specs=nano.specs -mfpu=fpv4-sp-d16 -mfloat-abi=hard -mthumb -u _printf_float -u _scanf_float -Wl,--start-group -lc -lm -Wl,--end-group
Finished building target: BallancingRobot_V1.elf
 
arm-none-eabi-size  BallancingRobot_V1.elf 
arm-none-eabi-objdump -h -S BallancingRobot_V1.elf  > "BallancingRobot_V1.list"
   text	   data	    bss	    dec	    hex	filename
  47656	    620	   2872	  51148	   c7cc	BallancingRobot_V1.elf
Finished building: default.size.stdout
 
Finished building: BallancingRobot_V1.list
 
20:13:31 **** Incremental Build of configuration Debug for project BallancingRobot_V1 ****
make -j12 all 
arm-none-eabi-gcc "../Core/Src/MPU6050.c" -mcpu=cortex-m4 -std=gnu11 -g3 -DDEBUG -DUSE_HAL_DRIVER -DSTM32F411xE -c -I../Core/Inc -I../Drivers/STM32F4xx_HAL_Driver/Inc -I../Drivers/STM32F4xx_HAL_Driver/Inc/Legacy -I../Drivers/CMSIS/Device/ST/STM32F4xx/Include -I../Drivers/CMSIS/Include -O0 -ffunction-sections -fdata-sections -Wall -fstack-usage -fcyclomatic-complexity -MMD -MP -MF"Core/Src/MPU6050.d" -MT"Core/Src/MPU6050.o" --specs=nano.specs -mfpu=fpv4-sp-d16 -mfloat-abi=hard -mthumb -o "Core/Src/MPU6050.o"
../Core/Src/MPU6050.c:180:16: warning: 'Read16' defined but not used [-Wunused-function]
  180 | static int16_t Read16(MPU6050_t *MPU6050, uint8_t Register)
      |                ^~~~~~
arm-none-eabi-gcc -o "BallancingRobot_V1.elf" @"objects.list"   -mcpu=cortex-m4 -T"D:\GithubRepo\Inzynierka_pliki\BallancingRobot_V1\STM32F411CEUX_FLASH.ld" --specs=nosys.specs -Wl,-Map="BallancingRobot_V1.map" -Wl,--gc-sections -static --specs=nano.specs -mfpu=fpv4-sp-d16 -mfloat-abi=hard -mthumb -u _printf_float -u _scanf_float -Wl,--start-group -lc -lm -Wl,--end-group
Finished building target: BallancingRobot_V1.elf
 
arm-none-eabi-size  BallancingRobot_V1.elf 
arm-none-eabi-objdump -h -S BallancingRobot_V1.elf  > "BallancingRobot_V1.list"
   text	   data	    bss	    dec	    hex	filename
  47136	    476	   2872	  50484	   c534	BallancingRobot_V1.elf
Finished building: default.size.stdout
 
Finished building: BallancingRobot_V1.list
 
20:13:34 **** Incremental Build of configuration Debug for project BallancingRobot_V2 ****
make -j12 all 
arm-none-eabi-size  BallancingRobot_V2.elf 
   text	   data	    bss	    dec	    hex	filename
  47120	    496	   2816	  50432	   c500	BallancingRobot_V2.elf
Finished building: default.size.stdout
 
20:13:35 **** Incremental Build of configuration Debug for project EncoderPins ****
make -j12 all 
arm-none-eabi-size  EncoderPins.elf 
   text	   data	    bss	    dec	    hex	filename
   4748	     12	   1572	   6332	   18bc	EncoderPins.elf
Finished building: default.size.stdout
 
20:13:35 **** Incremental Build of configuration Debug for project MPU6050_Liblary ****
make -j12 all 
arm-none-eabi-size  MPU6050_Liblary.elf 
   text	   data	    bss	    dec	    hex	filename
  45256	    468	   2476	  48200	   bc48	MPU6050_Liblary.elf
Finished building: default.size.stdout
 
20:13:36 **** Incremental Build of configuration Debug for project Servomotor_Test_MPU6050 ****
make -j12 all 
arm-none-eabi-size  Servomotor_Test_MPU6050.elf 
   text	   data	    bss	    dec	    hex	filename
  53400	    468	   2340	  56208	   db90	Servomotor_Test_MPU6050.elf
Finished building: default.size.stdout
 
20:13:37 **** Incremental Build of configuration Debug for project TestingMotorsWithPWM ****
make -j12 all 
arm-none-eabi-size  TestingMotorsWithPWM.elf 
   text	   data	    bss	    dec	    hex	filename
  44520	    496	   2528	  47544	   b9b8	TestingMotorsWithPWM.elf
Finished building: default.size.stdout
 
20:14:14 **** Incremental Build of configuration Debug for project BallancingRobot_V1 ****
make -j12 all 
arm-none-eabi-size  BallancingRobot_V1.elf 
   text	   data	    bss	    dec	    hex	filename
  47136	    476	   2872	  50484	   c534	BallancingRobot_V1.elf
Finished building: default.size.stdout
 
21:51:19 **** Incremental Build of configuration Debug for project BallancingRobot_V1 ****
make -j12 all 
arm-none-eabi-gcc "../Core/Src/MPU6050.c" -mcpu=cortex-m4 -std=gnu11 -g3 -DDEBUG -DUSE_HAL_DRIVER -DSTM32F411xE -c -I../Core/Inc -I../Drivers/STM32F4xx_HAL_Driver/Inc -I../Drivers/STM32F4xx_HAL_Driver/Inc/Legacy -I../Drivers/CMSIS/Device/ST/STM32F4xx/Include -I../Drivers/CMSIS/Include -O0 -ffunction-sections -fdata-sections -Wall -fstack-usage -fcyclomatic-complexity -MMD -MP -MF"Core/Src/MPU6050.d" -MT"Core/Src/MPU6050.o" --specs=nano.specs -mfpu=fpv4-sp-d16 -mfloat-abi=hard -mthumb -o "Core/Src/MPU6050.o"
../Core/Src/MPU6050.c:223:16: warning: 'Read16' defined but not used [-Wunused-function]
  223 | static int16_t Read16(MPU6050_t *MPU6050, uint8_t Register)
      |                ^~~~~~
../Core/Src/MPU6050.c:201:13: warning: 'ComplementaryFilter' defined but not used [-Wunused-function]
  201 | static void ComplementaryFilter(float *roll, float *pitch, float roll_accel, float pitch_accel)
      |             ^~~~~~~~~~~~~~~~~~~
arm-none-eabi-gcc -o "BallancingRobot_V1.elf" @"objects.list"   -mcpu=cortex-m4 -T"D:\GithubRepo\Inzynierka_pliki\BallancingRobot_V1\STM32F411CEUX_FLASH.ld" --specs=nosys.specs -Wl,-Map="BallancingRobot_V1.map" -Wl,--gc-sections -static --specs=nano.specs -mfpu=fpv4-sp-d16 -mfloat-abi=hard -mthumb -u _printf_float -u _scanf_float -Wl,--start-group -lc -lm -Wl,--end-group
Finished building target: BallancingRobot_V1.elf
 
arm-none-eabi-size  BallancingRobot_V1.elf 
arm-none-eabi-objdump -h -S BallancingRobot_V1.elf  > "BallancingRobot_V1.list"
   text	   data	    bss	    dec	    hex	filename
  47656	    620	   2872	  51148	   c7cc	BallancingRobot_V1.elf
Finished building: default.size.stdout
 
Finished building: BallancingRobot_V1.list
 
21:51:21 **** Incremental Build of configuration Debug for project BallancingRobot_V2 ****
make -j12 all 
arm-none-eabi-size  BallancingRobot_V2.elf 
   text	   data	    bss	    dec	    hex	filename
  47120	    496	   2816	  50432	   c500	BallancingRobot_V2.elf
Finished building: default.size.stdout
 
21:51:22 **** Incremental Build of configuration Debug for project EncoderPins ****
make -j12 all 
arm-none-eabi-size  EncoderPins.elf 
   text	   data	    bss	    dec	    hex	filename
   4748	     12	   1572	   6332	   18bc	EncoderPins.elf
Finished building: default.size.stdout
 
21:51:23 **** Incremental Build of configuration Debug for project MPU6050_Liblary ****
make -j12 all 
arm-none-eabi-size  MPU6050_Liblary.elf 
   text	   data	    bss	    dec	    hex	filename
  45256	    468	   2476	  48200	   bc48	MPU6050_Liblary.elf
Finished building: default.size.stdout
 
21:51:24 **** Incremental Build of configuration Debug for project Servomotor_Test_MPU6050 ****
make -j12 all 
arm-none-eabi-size  Servomotor_Test_MPU6050.elf 
   text	   data	    bss	    dec	    hex	filename
  53400	    468	   2340	  56208	   db90	Servomotor_Test_MPU6050.elf
Finished building: default.size.stdout
 
21:51:25 **** Incremental Build of configuration Debug for project TestingMotorsWithPWM ****
make -j12 all 
arm-none-eabi-size  TestingMotorsWithPWM.elf 
   text	   data	    bss	    dec	    hex	filename
  44520	    496	   2528	  47544	   b9b8	TestingMotorsWithPWM.elf
Finished building: default.size.stdout
 
