08:44:05 **** Incremental Build of configuration Debug for project MPU6050_Liblary ****
make -j12 all 
arm-none-eabi-gcc "../Core/Src/main.c" -mcpu=cortex-m4 -std=gnu11 -g3 -DDEBUG -DUSE_HAL_DRIVER -DSTM32G474xx -c -I../Core/Inc -I../Drivers/STM32G4xx_HAL_Driver/Inc -I../Drivers/STM32G4xx_HAL_Driver/Inc/Legacy -I../Drivers/CMSIS/Device/ST/STM32G4xx/Include -I../Drivers/CMSIS/Include -O0 -ffunction-sections -fdata-sections -Wall -fstack-usage -fcyclomatic-complexity -MMD -MP -MF"Core/Src/main.d" -MT"Core/Src/main.o" --specs=nano.specs -mfpu=fpv4-sp-d16 -mfloat-abi=hard -mthumb -o "Core/Src/main.o"
arm-none-eabi-gcc -o "MPU6050_Liblary.elf" @"objects.list"   -mcpu=cortex-m4 -T"D:\GithubRepo\Inzynierka_pliki\MPU6050_Liblary\STM32G474RETX_FLASH.ld" --specs=nosys.specs -Wl,-Map="MPU6050_Liblary.map" -Wl,--gc-sections -static --specs=nano.specs -mfpu=fpv4-sp-d16 -mfloat-abi=hard -mthumb -u _printf_float -u _scanf_float -Wl,--start-group -lc -lm -Wl,--end-group
Finished building target: MPU6050_Liblary.elf
 
arm-none-eabi-size  MPU6050_Liblary.elf 
arm-none-eabi-objdump -h -S MPU6050_Liblary.elf  > "MPU6050_Liblary.list"
   text	   data	    bss	    dec	    hex	filename
  44880	    468	   2340	  47688	   ba48	MPU6050_Liblary.elf
Finished building: default.size.stdout
 
Finished building: MPU6050_Liblary.list
 

08:44:07 Build Finished. 0 errors, 0 warnings. (took 2s.48ms)

