18:37:44 **** Incremental Build of configuration Debug for project Serwomotor_V1 ****
make -j12 all 
arm-none-eabi-gcc "../Core/Src/MPU6050.c" -mcpu=cortex-m4 -std=gnu11 -g3 -DDEBUG -DUSE_HAL_DRIVER -DSTM32G474xx -c -I../Core/Inc -I../Drivers/STM32G4xx_HAL_Driver/Inc -I../Drivers/STM32G4xx_HAL_Driver/Inc/Legacy -I../Drivers/CMSIS/Device/ST/STM32G4xx/Include -I../Drivers/CMSIS/Include -O0 -ffunction-sections -fdata-sections -Wall -fstack-usage -fcyclomatic-complexity -MMD -MP -MF"Core/Src/MPU6050.d" -MT"Core/Src/MPU6050.o" --specs=nano.specs -mfpu=fpv4-sp-d16 -mfloat-abi=hard -mthumb -o "Core/Src/MPU6050.o"
../Core/Src/MPU6050.c: In function 'MPU6050_SetDigitalLowPassFilter':
../Core/Src/MPU6050.c:209:1: warning: no return statement in function returning non-void [-Wreturn-type]
  209 | }
      | ^
../Core/Src/MPU6050.c: At top level:
../Core/Src/MPU6050.c:205:24: warning: 'MPU6050_SetDigitalLowPassFilter' defined but not used [-Wunused-function]
  205 | static MPU6050_STATE_t MPU6050_SetDigitalLowPassFilter(MPU6050_t *MPU6050)
      |                        ^~~~~~~~~~~~~~~~~~~~~~~~~~~~~~~
../Core/Src/MPU6050.c:185:16: warning: 'Read16' defined but not used [-Wunused-function]
  185 | static int16_t Read16(MPU6050_t *MPU6050, uint8_t Register)
      |                ^~~~~~
arm-none-eabi-gcc -o "Serwomotor_V1.elf" @"objects.list"   -mcpu=cortex-m4 -T"D:\GithubRepo\Inzynierka_pliki\Serwomotor_V1\STM32G474RETX_FLASH.ld" --specs=nosys.specs -Wl,-Map="Serwomotor_V1.map" -Wl,--gc-sections -static --specs=nano.specs -mfpu=fpv4-sp-d16 -mfloat-abi=hard -mthumb -u _printf_float -u _scanf_float -Wl,--start-group -lc -lm -Wl,--end-group
Finished building target: Serwomotor_V1.elf
 
arm-none-eabi-size  Serwomotor_V1.elf 
arm-none-eabi-objdump -h -S Serwomotor_V1.elf  > "Serwomotor_V1.list"
   text	   data	    bss	    dec	    hex	filename
  49320	    468	   2596	  52384	   cca0	Serwomotor_V1.elf
Finished building: default.size.stdout
 
Finished building: Serwomotor_V1.list
 

18:37:48 Build Finished. 0 errors, 3 warnings. (took 3s.824ms)

