19:31:00 **** Incremental Build of configuration Debug for project StateMashine ****
make -j12 all 
arm-none-eabi-gcc "../Core/Src/state_mashine.c" -mcpu=cortex-m4 -std=gnu11 -g3 -DDEBUG -DUSE_HAL_DRIVER -DSTM32G474xx -c -I../Core/Inc -I../Drivers/STM32G4xx_HAL_Driver/Inc -I../Drivers/STM32G4xx_HAL_Driver/Inc/Legacy -I../Drivers/CMSIS/Device/ST/STM32G4xx/Include -I../Drivers/CMSIS/Include -O0 -ffunction-sections -fdata-sections -Wall -fstack-usage -fcyclomatic-complexity -MMD -MP -MF"Core/Src/state_mashine.d" -MT"Core/Src/state_mashine.o" --specs=nano.specs -mfpu=fpv4-sp-d16 -mfloat-abi=hard -mthumb -o "Core/Src/state_mashine.o"
arm-none-eabi-gcc -o "StateMashine.elf" @"objects.list"   -mcpu=cortex-m4 -T"D:\GithubRepo\Inzynierka_pliki\StateMashine\STM32G474RETX_FLASH.ld" --specs=nosys.specs -Wl,-Map="StateMashine.map" -Wl,--gc-sections -static --specs=nano.specs -mfpu=fpv4-sp-d16 -mfloat-abi=hard -mthumb -Wl,--start-group -lc -lm -Wl,--end-group
Finished building target: StateMashine.elf
 
arm-none-eabi-size  StateMashine.elf 
arm-none-eabi-objdump -h -S StateMashine.elf  > "StateMashine.list"
   text	   data	    bss	    dec	    hex	filename
  11528	     12	   1716	  13256	   33c8	StateMashine.elf
Finished building: default.size.stdout
 
Finished building: StateMashine.list
 

19:31:02 Build Finished. 0 errors, 0 warnings. (took 1s.774ms)

